scheduling MMCSS Pro Audio, thread priority 18
endpoint LG ULTRAWIDE (NVIDIA High Definition Audio)
mix format 48000 Hz 2 ch 32 bit float
sending to 192.168.1.108:5012 from 0.0.0.0:64857
ssrc 996632666
span 120.004 s
capture packets 12001
capture frames 5760480
capture packets per s 100.01
frames encoded 24002
frames encoded per s 200.01
datagrams sent 24002
datagram bytes 2232266
samples captured 5760480
samples encoded 5760480
sample disagreement 0
split residue frames 0
encode us p50 110 p95 199 p99 215 max 313
send us p50 12 p95 66 p99 70 max 154
packet bytes p50 81 p95 81 p99 81 max 122
position gaps 0 totalling 0 frames
position rewinds 0 totalling 0 frames
discontinuities 1 in flight 0
silent packets 0
timestamp steps 24002 exact 24002
send failures 0
encode failures 0
unreadable packets 0
buffer errors 0
wakeup timeouts 0
tone left 997.0 right 1997.0
tone channels distinct yes
wire kbps 148.8
datagrams per s 200.01
packet frames p50 480 min 480 max 480
wakeup us p50 10000 p95 10115 p99 10145 max 10811
wakeup event
device period default 10.000 ms minimum 3.000 ms
endpoint buffer frames 1056
frame ms 5
frame samples per channel 240
requested kbps 128
encoder reports bitrate 128000
application OPUS_APPLICATION_RESTRICTED_LOWDELAY
vbr yes constrained yes dtx no inband fec no
lookahead samples 120
tone resolution 2.00 hz over 24000 frames
samples dropped 0
libopus libopus unknown
