target ms 10
sink scheduled as time constraint, period 5.000 ms computation 0.625 ms constraint 2.500 ms
sender scheduled as time constraint, period 5.000 ms computation 0.625 ms constraint 2.500 ms
receiver scheduled as time constraint, period 5.000 ms computation 0.625 ms constraint 2.500 ms
every deadline granted yes
packets received 2000
packets late 0
packets duplicate 0
packets reordered 0
frames played 2000
frames concealed 0
occupancy ms p50 10.0 p95 10.0 p99 10.0 max 10.0
underruns 0
overruns 0 dropping 0 frames
decode us p50 5 p99 10
sink interval us p50 5000 p99 5000
continuity expected 480000 played 480000
tone left 997.0 right 1997.0
tone channels distinct yes
continuity hole 0 samples over 2000 frame periods
packets sent 2000
send failures 0
packets off grid 0
packets oversize 0
decode failures 0
ceiling ms 30 over 8 slots
occupancy ms min 0.0 count 2000
sink interval us min 4999 max 5000 count 1999
conceal us p50 0 p99 0
frame ms 5
bind 0.0.0.0:5109 send to 127.0.0.1:5108
tone resolution 2.00 hz over 24000 frames
