target ms 10
packets received 3934
packets late 0
packets duplicate 0
packets reordered 0
frames played 3934
frames concealed 66
occupancy ms p50 10.0 p95 10.0 p99 10.0 max 10.0
underruns 0
overruns 0 dropping 0 frames
decode us p50 7 p99 11
sink interval us p50 5000 p99 5000
continuity expected 960000 played 960000
tone left 997.0 right 1997.0
tone channels distinct yes
continuity hole 0 samples over 4000 frame periods
packets sent 4000
send failures 0
packets off grid 0
packets oversize 0
decode failures 0
ceiling ms 30 over 8 slots
occupancy ms min 0.0 count 4000
sink interval us min 4411 max 5562 count 3999
conceal us p50 36 p99 61
frame ms 5
bind 0.0.0.0:5109 send to 127.0.0.1:5108
tone resolution 2.00 hz over 24000 frames
