target ms 10
packets received 4000
packets late 36
packets duplicate 0
packets reordered 0
frames played 3964
frames concealed 36
occupancy ms p50 10.0 p95 10.0 p99 10.0 max 10.0
underruns 36
overruns 0 dropping 0 frames
decode us p50 7 p99 13
sink interval us p50 5000 p99 5000
continuity expected 960000 played 951360
tone left 997.0 right 1997.0
tone channels distinct yes
continuity hole 8640 samples over 4000 frame periods
packets sent 4000
send failures 0
packets off grid 0
packets oversize 0
decode failures 0
ceiling ms 30 over 8 slots
occupancy ms min 0.0 count 4000
sink interval us min 4233 max 5766 count 3999
conceal us p50 8 p99 40
frame ms 5
bind 0.0.0.0:5109 send to 127.0.0.1:5108
tone resolution 2.00 hz over 24000 frames
