scheduling MMCSS Pro Audio, thread priority 18
endpoint LG ULTRAWIDE (NVIDIA High Definition Audio)
mix format 48000 Hz 2 ch 32 bit float
sending to 192.168.1.108:5017 from 0.0.0.0:59554
ssrc 3622897629
rtp base 1213872561
span 150.009 s
capture packets 15001
capture frames 7200480
capture packets per s 100.00
frames encoded 30002
frames encoded per s 200.00
datagrams sent 30002
datagram bytes 2790266
samples captured 7200480
samples encoded 7200480
sample disagreement 0
split residue frames 0
encode us p50 101 p95 200 p99 209 max 321
send us p50 12 p95 38 p99 47 max 148
packet bytes p50 81 p95 81 p99 81 max 115
position gaps 0 totalling 0 frames
position rewinds 0 totalling 0 frames
discontinuities 1 in flight 0
silent packets 0
source ppm -13.010 error 0.002 over 15001 readings and 150.002 s
source ppm endpoints -13.036
source position samples 7200000
source counter scatter 0.43 samples estimates agree yes
source counter stalls 0
timestamp steps 30002 exact 30002
send failures 0
encode failures 0
unreadable packets 0
buffer errors 0
wakeup timeouts 0
tone left 997.0 right 1997.0
tone channels distinct yes
wire kbps 148.8
datagrams per s 200.00
packet frames p50 480 min 480 max 480
wakeup us p50 10000 p95 10034 p99 10107 max 10407
wakeup event
device period default 10.000 ms minimum 3.000 ms
endpoint buffer frames 1056
frame ms 5
frame samples per channel 240
requested kbps 128
encoder reports bitrate 128000
application OPUS_APPLICATION_RESTRICTED_LOWDELAY
vbr yes constrained yes dtx no inband fec no
lookahead samples 120
tone resolution 2.00 hz over 24000 frames
samples dropped 0
libopus libopus unknown
