link      en0 192.168.1.108, autoselect
route     192.168.1.70 reachable from 192.168.1.108 on tcp/22; ICMP is filtered
clocks    host GPU locked to 2000-2700 MHz core, 9001 MHz memory
source    monitor 1920x1080@120
receiver  listening on 192.168.1.108:5004, negotiating on 5005
sender    1080p120 NV12 -> NVENC 50 Mbps -> RTP burst for 90 s

device NVIDIA GeForce RTX 4060 Ti (10de:2803, 7949 MB VRAM, feature level 11.1) driving \\.\DISPLAY10 at 1920x1080
H.264 input formats: [NV_ENC_BUFFER_FORMAT_NV12, NV_ENC_BUFFER_FORMAT_YV12, NV_ENC_BUFFER_FORMAT_IYUV, NV_ENC_BUFFER_FORMAT_YUV444, NV_ENC_BUFFER_FORMAT_ARGB, NV_ENC_BUFFER_FORMAT_ABGR, NV_ENC_BUFFER_FORMAT_AYUV, NV_ENC_BUFFER_FORMAT_ARGB10, NV_ENC_BUFFER_FORMAT_ABGR10]
sequence header 34 bytes: SPS 22 bytes, PPS 4 bytes
control listening on 0.0.0.0:5005
control session with 192.168.1.108:62447
config generation 1 acknowledged
service class BestEffort: nothing requested
config 1920x1080 @ 120 fps, 50 Mbps, P1 Ll CBR, Nv12 input, Dda source, IDR interval 120, async 4 slots, Uncapped
frames 10800 in 90.159 s = 119.79 frames/s, pool exhaustions 0
phase requests: 50 relayed to 127.0.0.1:5010, 43.43 ms asked for, 0 not sent
capture acquire    p50 8.187 ms p95 8.615 ms p99 9.442 ms max 17.855 ms
DDA AcquireNextFrame S_OK 10800 = 119.79/s
DDA desktop updates (LastPresentTime != 0) 10800 = 119.79/s
DDA pointer-only (LastPresentTime == 0, LastMouseUpdateTime != 0) 0 = 0.00/s
DDA other updates (both timestamps zero) 0 = 0.00/s
DDA AccumulatedFrames p50 1 p95 1 p99 1 max 125
capture newer frames accumulated while busy: 124
admission wait     p50 0.000 ms p95 0.000 ms p99 0.000 ms max 0.001 ms
map input          p50 0.072 ms p95 0.125 ms p99 0.139 ms max 0.801 ms
submit CPU         p50 0.049 ms p95 0.089 ms p99 0.095 ms max 0.176 ms
HW completion      p50 1.804 ms p95 1.903 ms p99 2.027 ms max 9.901 ms
lock after event   p50 0.002 ms p95 0.004 ms p99 0.004 ms max 0.009 ms
bitstream copy     p50 0.021 ms p95 0.023 ms p99 0.034 ms max 0.072 ms
unlock             p50 6.394 ms p95 6.837 ms p99 7.636 ms max 15.998 ms
network send       p50 0.120 ms p95 0.238 ms p99 0.279 ms max 5.821 ms
RTP/UDP sent 428776 packets, 507909175 bytes, 0 errors
RGB->NV12 CPU      p50 0.007 ms p95 0.048 ms p99 0.086 ms max 0.146 ms
RGB->NV12 GPU      p50 0.010 ms p95 0.281 ms p99 0.290 ms max 2.927 ms
encoder residency  p50 1.828 ms p95 1.928 ms p99 2.050 ms max 9.906 ms
slot residency     p50 16.551 ms p95 16.992 ms p99 17.862 ms max 26.427 ms
P completion       p50 1.804 ms p95 1.895 ms p99 2.026 ms max 9.901 ms
IDR completion     p50 1.897 ms p95 1.980 ms p99 2.052 ms max 2.075 ms
P frame            n=10710 p50 45972 B p95 50394 B p99 53206 B max 64355 B
IDR                n=90 p50 52730 B p95 68086 B p99 68678 B max 68797 B
output 43.93 Mbit/s, 495100976 bytes over 10800 frames
resident memory start 56.7 MB end 69.6 MB peak 69.6 MB delta +12.9 MB

windows of 10 s  (encode Hz, completion and capture p99 in ms, wire Mbit/s)
      0-10       1200 fr   120.1 Hz  enc p99   1.975  cap p99   9.307   43.88 Mbit/s  late 0
     10-20       1198 fr   119.9 Hz  enc p99   2.037  cap p99   9.390   43.89 Mbit/s  late 0
     20-30       1200 fr   120.1 Hz  enc p99   1.945  cap p99   9.293   44.20 Mbit/s  late 0
     30-40       1200 fr   120.1 Hz  enc p99   1.960  cap p99   9.353   44.14 Mbit/s  late 0
     40-50       1195 fr   119.6 Hz  enc p99   2.015  cap p99   9.565   43.82 Mbit/s  late 0
     50-60       1197 fr   119.8 Hz  enc p99   2.065  cap p99   9.396   44.06 Mbit/s  late 0
     60-70       1200 fr   120.1 Hz  enc p99   1.926  cap p99   9.529   44.11 Mbit/s  late 0
     70-80       1194 fr   119.5 Hz  enc p99   2.050  cap p99   9.654   43.77 Mbit/s  late 1
     80-90       1197 fr   119.8 Hz  enc p99   2.010  cap p99   9.454   43.84 Mbit/s  late 0
     90-100        19 fr   126.8 Hz  enc p99   2.029  cap p99   8.581   45.53 Mbit/s  late 0

  [pass] frames completed                 10800 of 10800
  [pass] completion within a period       p99 2.027 ms against 8.333 ms
  [pass] bitstream produced               495100976 bytes
  [pass] frames in order                  true
  [pass] paced rate held                  119.79 of 120 fps, 0 pool exhaustions
  [pass] socket accepted every datagram   0 send errors
gate: PASS


host gate   PASS
client gate FAIL (1)
report      /Users/adria/Documents/programacion/projects/lanplay/results/network/monitor-neutrality/expensive-r1.json
