link      en0 192.168.1.108, autoselect
route     192.168.1.70 reachable from 192.168.1.108 on tcp/22; ICMP is filtered
clocks    host GPU locked to 2000-2700 MHz core, 9001 MHz memory
source    monitor 1920x1080@120
receiver  listening on 192.168.1.108:5004, negotiating on 5005
sender    1080p120 NV12 -> NVENC 50 Mbps -> RTP burst for 600 s

device NVIDIA GeForce RTX 4060 Ti (10de:2803, 7949 MB VRAM, feature level 11.1) driving \\.\DISPLAY10 at 1920x1080
H.264 input formats: [NV_ENC_BUFFER_FORMAT_NV12, NV_ENC_BUFFER_FORMAT_YV12, NV_ENC_BUFFER_FORMAT_IYUV, NV_ENC_BUFFER_FORMAT_YUV444, NV_ENC_BUFFER_FORMAT_ARGB, NV_ENC_BUFFER_FORMAT_ABGR, NV_ENC_BUFFER_FORMAT_AYUV, NV_ENC_BUFFER_FORMAT_ARGB10, NV_ENC_BUFFER_FORMAT_ABGR10]
sequence header 34 bytes: SPS 22 bytes, PPS 4 bytes
control listening on 0.0.0.0:5005
control session with 192.168.1.108:64563
config generation 1 acknowledged
service class BestEffort: nothing requested
config 1920x1080 @ 120 fps, 50 Mbps, P1 Ll CBR, Nv12 input, Dda source, IDR interval 120, async 4 slots, Uncapped
frames 72000 in 648.127 s = 111.09 frames/s, pool exhaustions 0
phase requests: 212 relayed to 127.0.0.1:5010, 465.53 ms asked for, 0 not sent
capture acquire    p50 8.202 ms p95 16.517 ms p99 16.851 ms max 20.493 ms
DDA AcquireNextFrame S_OK 72000 = 111.09/s
DDA desktop updates (LastPresentTime != 0) 72000 = 111.09/s
DDA pointer-only (LastPresentTime == 0, LastMouseUpdateTime != 0) 0 = 0.00/s
DDA other updates (both timestamps zero) 0 = 0.00/s
DDA AccumulatedFrames p50 1 p95 1 p99 1 max 82
capture newer frames accumulated while busy: 81
admission wait     p50 0.000 ms p95 0.001 ms p99 0.001 ms max 0.039 ms
map input          p50 0.073 ms p95 0.123 ms p99 0.151 ms max 0.876 ms
submit CPU         p50 0.056 ms p95 0.087 ms p99 0.104 ms max 0.344 ms
HW completion      p50 1.850 ms p95 4.142 ms p99 4.368 ms max 4.755 ms
lock after event   p50 0.003 ms p95 0.005 ms p99 0.006 ms max 0.046 ms
bitstream copy     p50 0.021 ms p95 0.026 ms p99 0.043 ms max 0.197 ms
unlock             p50 6.195 ms p95 14.681 ms p99 15.028 ms max 18.774 ms
network send       p50 0.142 ms p95 0.245 ms p99 0.310 ms max 0.626 ms
RTP/UDP sent 2844609 packets, 3369484161 bytes, 0 errors
RGB->NV12 CPU      p50 0.013 ms p95 0.051 ms p99 0.085 ms max 0.267 ms
RGB->NV12 GPU      p50 0.010 ms p95 0.288 ms p99 0.430 ms max 9.903 ms
encoder residency  p50 1.875 ms p95 4.168 ms p99 4.394 ms max 4.804 ms
slot residency     p50 16.590 ms p95 25.013 ms p99 25.337 ms max 34.199 ms
P completion       p50 1.849 ms p95 4.140 ms p99 4.366 ms max 4.755 ms
IDR completion     p50 1.959 ms p95 4.320 ms p99 4.507 ms max 4.667 ms
P frame            n=71400 p50 45773 B p95 50212 B p99 52811 B max 64012 B
IDR                n=600 p50 53217 B p95 68471 B p99 69390 B max 69681 B
output 40.54 Mbit/s, 3284513091 bytes over 72000 frames
resident memory start 56.7 MB end 46.9 MB peak 74.5 MB delta -9.7 MB

windows of 10 s  (encode Hz, completion and capture p99 in ms, wire Mbit/s)
      0-10       1197 fr   119.8 Hz  enc p99   3.745  cap p99   9.282   43.76 Mbit/s  late 0
     10-20       1199 fr   120.0 Hz  enc p99   4.154  cap p99   8.868   44.02 Mbit/s  late 0
     20-30       1099 fr   110.1 Hz  enc p99   4.322  cap p99  16.616   40.18 Mbit/s  late 0
     30-40       1170 fr   117.1 Hz  enc p99   4.513  cap p99  16.393   42.98 Mbit/s  late 0
     40-50       1199 fr   119.9 Hz  enc p99   4.507  cap p99   8.886   44.21 Mbit/s  late 0
     50-60       1196 fr   119.7 Hz  enc p99   4.373  cap p99   8.868   43.98 Mbit/s  late 0
     60-70       1178 fr   118.0 Hz  enc p99   2.037  cap p99  16.295   43.12 Mbit/s  late 0
     70-80       1191 fr   119.1 Hz  enc p99   2.073  cap p99   9.354   43.72 Mbit/s  late 0
     80-90       1077 fr   107.9 Hz  enc p99   2.032  cap p99  16.905   39.24 Mbit/s  late 0
     90-100      1004 fr   100.4 Hz  enc p99   1.957  cap p99  16.965   36.39 Mbit/s  late 0
    100-110      1005 fr   100.6 Hz  enc p99   1.946  cap p99  16.984   36.41 Mbit/s  late 0
    110-120      1018 fr   101.9 Hz  enc p99   1.964  cap p99  16.994   36.91 Mbit/s  late 0
    120-130       999 fr   100.0 Hz  enc p99   1.998  cap p99  17.039   36.16 Mbit/s  late 0
    130-140       972 fr    97.4 Hz  enc p99   1.966  cap p99  16.953   35.35 Mbit/s  late 0
    140-150       976 fr    97.7 Hz  enc p99   1.947  cap p99  17.034   35.41 Mbit/s  late 0
    150-160      1022 fr   102.3 Hz  enc p99   2.132  cap p99  16.955   37.04 Mbit/s  late 0
    160-170      1132 fr   113.3 Hz  enc p99   2.482  cap p99  16.655   41.29 Mbit/s  late 0
    170-180      1180 fr   118.2 Hz  enc p99   3.050  cap p99  15.305   43.24 Mbit/s  late 0
    180-190      1138 fr   113.9 Hz  enc p99   3.433  cap p99  16.305   41.54 Mbit/s  late 0
    190-200      1110 fr   111.1 Hz  enc p99   3.719  cap p99  16.682   40.57 Mbit/s  late 0
    200-210      1200 fr   120.1 Hz  enc p99   4.240  cap p99   8.807   44.05 Mbit/s  late 0
    210-220      1200 fr   120.1 Hz  enc p99   4.310  cap p99   8.796   44.00 Mbit/s  late 0
    220-230      1200 fr   120.1 Hz  enc p99   4.418  cap p99   8.814   43.97 Mbit/s  late 0
    230-240      1200 fr   120.1 Hz  enc p99   4.448  cap p99   8.764   44.03 Mbit/s  late 0
    240-250      1201 fr   120.1 Hz  enc p99   4.293  cap p99   8.787   43.85 Mbit/s  late 0
    250-260      1199 fr   120.0 Hz  enc p99   2.045  cap p99   8.903   43.99 Mbit/s  late 0
    260-270      1197 fr   119.8 Hz  enc p99   2.001  cap p99   8.898   44.00 Mbit/s  late 0
    270-280      1193 fr   119.5 Hz  enc p99   1.998  cap p99   9.038   43.88 Mbit/s  late 0
    280-290      1066 fr   106.7 Hz  enc p99   2.066  cap p99  16.901   38.81 Mbit/s  late 0
    290-300       994 fr    99.4 Hz  enc p99   1.978  cap p99  16.989   36.08 Mbit/s  late 0
    300-310       973 fr    97.4 Hz  enc p99   1.955  cap p99  17.014   35.28 Mbit/s  late 0
    310-320       954 fr    95.5 Hz  enc p99   2.023  cap p99  17.038   34.45 Mbit/s  late 0
    320-330       950 fr    95.1 Hz  enc p99   1.952  cap p99  17.016   34.31 Mbit/s  late 0
    330-340       956 fr    95.7 Hz  enc p99   2.045  cap p99  17.020   34.49 Mbit/s  late 0
    340-350      1026 fr   102.7 Hz  enc p99   2.112  cap p99  17.054   37.19 Mbit/s  late 0
    350-360      1110 fr   111.2 Hz  enc p99   2.554  cap p99  16.760   40.66 Mbit/s  late 0
    360-370      1199 fr   120.1 Hz  enc p99   3.006  cap p99   8.875   44.08 Mbit/s  late 0
    370-380      1200 fr   120.1 Hz  enc p99   3.400  cap p99   8.844   44.04 Mbit/s  late 0
    380-390      1200 fr   120.1 Hz  enc p99   3.958  cap p99   8.738   44.14 Mbit/s  late 0
    390-400      1113 fr   111.4 Hz  enc p99   4.354  cap p99  16.947   40.78 Mbit/s  late 0
    400-410      1200 fr   120.1 Hz  enc p99   4.470  cap p99   8.859   44.09 Mbit/s  late 0
    410-420      1197 fr   119.7 Hz  enc p99   4.555  cap p99   8.874   43.91 Mbit/s  late 0
    420-430      1125 fr   112.6 Hz  enc p99   4.337  cap p99  16.787   41.18 Mbit/s  late 0
    430-440      1000 fr   100.1 Hz  enc p99   2.008  cap p99  16.999   36.31 Mbit/s  late 0
    440-450       997 fr    99.8 Hz  enc p99   1.973  cap p99  16.945   36.11 Mbit/s  late 0
    450-460       994 fr    99.5 Hz  enc p99   1.972  cap p99  16.988   36.07 Mbit/s  late 0
    460-470      1003 fr   100.4 Hz  enc p99   1.961  cap p99  16.905   36.50 Mbit/s  late 0
    470-480       989 fr    99.1 Hz  enc p99   1.942  cap p99  17.037   35.95 Mbit/s  late 0
    480-490       976 fr    97.7 Hz  enc p99   1.956  cap p99  16.978   35.41 Mbit/s  late 0
    490-500       984 fr    98.6 Hz  enc p99   1.980  cap p99  16.975   35.65 Mbit/s  late 0
    500-510       969 fr    97.1 Hz  enc p99   1.981  cap p99  17.042   35.07 Mbit/s  late 0
    510-520       989 fr    99.1 Hz  enc p99   1.998  cap p99  16.901   35.82 Mbit/s  late 0
    520-530      1088 fr   108.9 Hz  enc p99   2.330  cap p99  16.822   39.82 Mbit/s  late 0
    530-540      1196 fr   119.7 Hz  enc p99   2.745  cap p99   8.891   43.95 Mbit/s  late 0
    540-550      1199 fr   120.1 Hz  enc p99   3.168  cap p99   8.765   44.02 Mbit/s  late 0
    550-560      1200 fr   120.1 Hz  enc p99   3.565  cap p99   8.745   44.10 Mbit/s  late 0
    560-570      1200 fr   120.1 Hz  enc p99   3.929  cap p99   8.726   44.07 Mbit/s  late 0
    570-580      1138 fr   113.9 Hz  enc p99   4.373  cap p99  16.644   41.68 Mbit/s  late 0
    580-590      1194 fr   119.5 Hz  enc p99   4.434  cap p99   8.980   43.70 Mbit/s  late 0
    590-600      1194 fr   119.5 Hz  enc p99   4.566  cap p99   8.995   43.75 Mbit/s  late 0
    600-610      1201 fr   120.1 Hz  enc p99   4.372  cap p99   8.816   43.95 Mbit/s  late 0
    610-620      1200 fr   120.1 Hz  enc p99   2.029  cap p99   8.820   43.97 Mbit/s  late 0
    620-630      1200 fr   120.1 Hz  enc p99   1.990  cap p99   8.765   43.95 Mbit/s  late 0
    630-640      1200 fr   120.1 Hz  enc p99   2.029  cap p99   8.783   43.78 Mbit/s  late 0
    640-650       974 fr   120.1 Hz  enc p99   2.017  cap p99   8.793   43.95 Mbit/s  late 0

  [pass] frames completed                 72000 of 72000
  [pass] completion within a period       p99 4.368 ms against 8.333 ms
  [pass] bitstream produced               3284513091 bytes
  [pass] frames in order                  true
  [pass] paced rate held                  111.09 of 120 fps, 0 pool exhaustions
  [pass] socket accepted every datagram   0 send errors
gate: PASS


host gate   PASS
client gate FAIL (1)
report      /Users/adria/Documents/programacion/projects/lanplay/results/network/monitor-neutrality/on-rmemory.json
