link      en0 192.168.1.108, autoselect
route     192.168.1.70 reachable from 192.168.1.108 on tcp/22; ICMP is filtered
clocks    host GPU locked to 2000-2700 MHz core, 9001 MHz memory
source    monitor 1920x1080@120
receiver  listening on 192.168.1.108:5004, negotiating on 5005
sender    1080p120 NV12 -> NVENC 50 Mbps -> RTP burst for 90 s

device NVIDIA GeForce RTX 4060 Ti (10de:2803, 7949 MB VRAM, feature level 11.1) driving \\.\DISPLAY10 at 1920x1080
H.264 input formats: [NV_ENC_BUFFER_FORMAT_NV12, NV_ENC_BUFFER_FORMAT_YV12, NV_ENC_BUFFER_FORMAT_IYUV, NV_ENC_BUFFER_FORMAT_YUV444, NV_ENC_BUFFER_FORMAT_ARGB, NV_ENC_BUFFER_FORMAT_ABGR, NV_ENC_BUFFER_FORMAT_AYUV, NV_ENC_BUFFER_FORMAT_ARGB10, NV_ENC_BUFFER_FORMAT_ABGR10]
sequence header 34 bytes: SPS 22 bytes, PPS 4 bytes
control listening on 0.0.0.0:5005
control session with 192.168.1.108:63475
config generation 1 acknowledged
service class BestEffort: nothing requested
config 1920x1080 @ 120 fps, 50 Mbps, P1 Ll CBR, Nv12 input, Dda source, IDR interval 120, async 4 slots, Uncapped
frames 10800 in 91.941 s = 117.47 frames/s, pool exhaustions 0
phase requests: 74 relayed to 127.0.0.1:5010, 119.67 ms asked for, 0 not sent
capture acquire    p50 8.176 ms p95 8.787 ms p99 16.552 ms max 17.775 ms
DDA AcquireNextFrame S_OK 10800 = 117.47/s
DDA desktop updates (LastPresentTime != 0) 10800 = 117.47/s
DDA pointer-only (LastPresentTime == 0, LastMouseUpdateTime != 0) 0 = 0.00/s
DDA other updates (both timestamps zero) 0 = 0.00/s
DDA AccumulatedFrames p50 1 p95 1 p99 1 max 54
capture newer frames accumulated while busy: 56
admission wait     p50 0.000 ms p95 0.000 ms p99 0.001 ms max 0.004 ms
map input          p50 0.080 ms p95 0.129 ms p99 0.147 ms max 0.739 ms
submit CPU         p50 0.051 ms p95 0.089 ms p99 0.099 ms max 0.629 ms
HW completion      p50 1.780 ms p95 1.920 ms p99 2.021 ms max 9.814 ms
lock after event   p50 0.002 ms p95 0.004 ms p99 0.006 ms max 0.022 ms
bitstream copy     p50 0.021 ms p95 0.024 ms p99 0.036 ms max 0.086 ms
unlock             p50 6.418 ms p95 7.030 ms p99 14.813 ms max 16.177 ms
network send       p50 0.134 ms p95 0.251 ms p99 0.291 ms max 1.192 ms
RTP/UDP sent 428813 packets, 507965522 bytes, 0 errors
RGB->NV12 CPU      p50 0.008 ms p95 0.050 ms p99 0.100 ms max 0.267 ms
RGB->NV12 GPU      p50 0.010 ms p95 0.283 ms p99 0.295 ms max 2.586 ms
encoder residency  p50 1.804 ms p95 1.945 ms p99 2.045 ms max 9.846 ms
slot residency     p50 16.559 ms p95 17.721 ms p99 25.170 ms max 33.824 ms
P completion       p50 1.780 ms p95 1.917 ms p99 2.018 ms max 9.814 ms
IDR completion     p50 1.870 ms p95 2.044 ms p99 2.090 ms max 2.126 ms
P frame            n=10710 p50 45933 B p95 50319 B p99 53019 B max 63473 B
IDR                n=90 p50 53114 B p95 68519 B p99 69660 B max 69803 B
output 43.08 Mbit/s, 495156214 bytes over 10800 frames
resident memory start 56.8 MB end 69.6 MB peak 69.6 MB delta +12.9 MB

windows of 10 s  (encode Hz, completion and capture p99 in ms, wire Mbit/s)
      0-10       1053 fr   105.3 Hz  enc p99   1.987  cap p99  16.872   38.27 Mbit/s  late 1
     10-20       1198 fr   119.9 Hz  enc p99   2.024  cap p99   9.221   44.03 Mbit/s  late 0
     20-30       1195 fr   119.6 Hz  enc p99   2.050  cap p99   9.588   43.93 Mbit/s  late 0
     30-40       1183 fr   118.4 Hz  enc p99   2.021  cap p99  16.522   43.39 Mbit/s  late 0
     40-50       1157 fr   115.8 Hz  enc p99   1.987  cap p99  16.779   42.59 Mbit/s  late 0
     50-60       1199 fr   120.0 Hz  enc p99   2.028  cap p99   9.309   44.10 Mbit/s  late 0
     60-70       1198 fr   119.9 Hz  enc p99   2.010  cap p99   9.372   44.03 Mbit/s  late 0
     70-80       1197 fr   119.8 Hz  enc p99   2.015  cap p99   9.182   43.94 Mbit/s  late 0
     80-90       1187 fr   118.8 Hz  enc p99   1.988  cap p99  14.612   43.60 Mbit/s  late 0
     90-100       233 fr   120.5 Hz  enc p99   1.921  cap p99   9.002   44.23 Mbit/s  late 0

  [pass] frames completed                 10800 of 10800
  [pass] completion within a period       p99 2.021 ms against 8.333 ms
  [pass] bitstream produced               495156214 bytes
  [pass] frames in order                  true
  [pass] paced rate held                  117.47 of 120 fps, 0 pool exhaustions
  [pass] socket accepted every datagram   0 send errors
gate: PASS


host gate   PASS
client gate FAIL (1)
report      /Users/adria/Documents/programacion/projects/lanplay/results/network/monitor-neutrality/off-r2.json
