link      en0 192.168.1.108, autoselect
route     192.168.1.70 reachable from 192.168.1.108 on tcp/22; ICMP is filtered
clocks    host GPU locked to 2000-2700 MHz core, 9001 MHz memory
source    monitor 1920x1080@120
receiver  listening on 192.168.1.108:5004, negotiating on 5005
sender    1080p120 NV12 -> NVENC 50 Mbps -> RTP burst for 90 s

device NVIDIA GeForce RTX 4060 Ti (10de:2803, 7949 MB VRAM, feature level 11.1) driving \\.\DISPLAY10 at 1920x1080
H.264 input formats: [NV_ENC_BUFFER_FORMAT_NV12, NV_ENC_BUFFER_FORMAT_YV12, NV_ENC_BUFFER_FORMAT_IYUV, NV_ENC_BUFFER_FORMAT_YUV444, NV_ENC_BUFFER_FORMAT_ARGB, NV_ENC_BUFFER_FORMAT_ABGR, NV_ENC_BUFFER_FORMAT_AYUV, NV_ENC_BUFFER_FORMAT_ARGB10, NV_ENC_BUFFER_FORMAT_ABGR10]
sequence header 34 bytes: SPS 22 bytes, PPS 4 bytes
control listening on 0.0.0.0:5005
control session with 192.168.1.108:64326
config generation 1 acknowledged
service class BestEffort: nothing requested
config 1920x1080 @ 120 fps, 50 Mbps, P1 Ll CBR, Nv12 input, Dda source, IDR interval 120, async 4 slots, Uncapped
frames 10800 in 99.676 s = 108.35 frames/s, pool exhaustions 0
phase requests: 30 relayed to 127.0.0.1:5010, 26.42 ms asked for, 0 not sent
capture acquire    p50 8.203 ms p95 16.654 ms p99 16.924 ms max 17.810 ms
DDA AcquireNextFrame S_OK 10800 = 108.35/s
DDA desktop updates (LastPresentTime != 0) 10800 = 108.35/s
DDA pointer-only (LastPresentTime == 0, LastMouseUpdateTime != 0) 0 = 0.00/s
DDA other updates (both timestamps zero) 0 = 0.00/s
DDA AccumulatedFrames p50 1 p95 1 p99 1 max 38
capture newer frames accumulated while busy: 37
admission wait     p50 0.000 ms p95 0.001 ms p99 0.001 ms max 0.011 ms
map input          p50 0.074 ms p95 0.124 ms p99 0.149 ms max 0.808 ms
submit CPU         p50 0.057 ms p95 0.088 ms p99 0.108 ms max 0.278 ms
HW completion      p50 2.302 ms p95 4.169 ms p99 4.331 ms max 4.715 ms
lock after event   p50 0.003 ms p95 0.005 ms p99 0.006 ms max 0.046 ms
bitstream copy     p50 0.021 ms p95 0.025 ms p99 0.040 ms max 0.111 ms
unlock             p50 6.011 ms p95 13.832 ms p99 14.971 ms max 15.598 ms
network send       p50 0.143 ms p95 0.257 ms p99 0.311 ms max 0.463 ms
RTP/UDP sent 425679 packets, 504204564 bytes, 0 errors
RGB->NV12 CPU      p50 0.013 ms p95 0.050 ms p99 0.082 ms max 0.183 ms
RGB->NV12 GPU      p50 0.010 ms p95 0.284 ms p99 0.577 ms max 3.979 ms
encoder residency  p50 2.329 ms p95 4.194 ms p99 4.358 ms max 4.740 ms
slot residency     p50 16.634 ms p95 25.075 ms p99 25.437 ms max 33.849 ms
P completion       p50 2.302 ms p95 4.165 ms p99 4.326 ms max 4.715 ms
IDR completion     p50 2.450 ms p95 4.337 ms p99 4.425 ms max 4.575 ms
P frame            n=10710 p50 45697 B p95 50080 B p99 52555 B max 60643 B
IDR                n=90 p50 53956 B p95 68326 B p99 69006 B max 69186 B
output 39.45 Mbit/s, 491489274 bytes over 10800 frames
resident memory start 56.7 MB end 70.0 MB peak 70.0 MB delta +13.3 MB

windows of 10 s  (encode Hz, completion and capture p99 in ms, wire Mbit/s)
      0-10       1108 fr   110.9 Hz  enc p99   3.006  cap p99  16.629   40.36 Mbit/s  late 0
     10-20       1128 fr   112.9 Hz  enc p99   3.424  cap p99  16.583   41.25 Mbit/s  late 0
     20-30       1111 fr   111.2 Hz  enc p99   3.895  cap p99  16.644   40.52 Mbit/s  late 0
     30-40       1050 fr   105.1 Hz  enc p99   4.196  cap p99  16.943   38.19 Mbit/s  late 0
     40-50       1021 fr   102.2 Hz  enc p99   4.315  cap p99  16.949   37.13 Mbit/s  late 0
     50-60       1024 fr   102.6 Hz  enc p99   4.391  cap p99  17.007   37.02 Mbit/s  late 0
     60-70       1069 fr   107.0 Hz  enc p99   4.511  cap p99  17.021   38.94 Mbit/s  late 0
     70-80       1189 fr   119.0 Hz  enc p99   3.216  cap p99   8.915   43.72 Mbit/s  late 0
     80-90       1138 fr   113.9 Hz  enc p99   2.052  cap p99  16.866   41.49 Mbit/s  late 0
     90-100       962 fr    99.5 Hz  enc p99   2.001  cap p99  16.947   36.13 Mbit/s  late 0

  [pass] frames completed                 10800 of 10800
  [pass] completion within a period       p99 4.331 ms against 8.333 ms
  [pass] bitstream produced               491489274 bytes
  [pass] frames in order                  true
  [pass] paced rate held                  108.35 of 120 fps, 0 pool exhaustions
  [pass] socket accepted every datagram   0 send errors
gate: PASS


host gate   PASS
client gate FAIL (1)
report      /Users/adria/Documents/programacion/projects/lanplay/results/network/monitor-neutrality/on-r3.json
