input-inject-probe: bound 0.0.0.0:5006, session 1, injecting
first datagram from 192.168.1.108:5106

datagrams               817
applied                 754
duplicate                56
stale snapshot            7
wrong session             0
decode errors             0
host to client            0
acks sent               509
ack failures              0
sendinput calls         459
  by kind        motion 0, key 185, button 184, wheel 90
refused                   0
injected dx               0
injected dy               0
motion                    0
keys                    207
buttons                 204
wheel                    97
snapshots               268
heartbeats               40
released, asked           1
released, expired         1
still held: keys {}, buttons 0b00000
acknowledged: top 452, missing 0b00000000000000000000000000000000

recv to injected   count      817   p50    44.41µ   p95  5144.57µ   p99  6565.89µ   max  9330.69µ
