scheduling MMCSS Pro Audio, thread priority 18
endpoint LG ULTRAWIDE (NVIDIA High Definition Audio)
mix format 48000 Hz 2 ch 32 bit float
sending to 192.168.1.108:5012 from 0.0.0.0:58405
ssrc 938680752
rtp base 1070985377
span 150.001 s
capture packets 15000
capture frames 7200000
capture packets per s 100.00
frames encoded 30000
frames encoded per s 200.00
datagrams sent 30000
datagram bytes 2790080
samples captured 7200000
samples encoded 7200000
sample disagreement 0
split residue frames 0
encode us p50 100 p95 196 p99 212 max 380
send us p50 12 p95 39 p99 61 max 144
packet bytes p50 81 p95 81 p99 81 max 122
position gaps 0 totalling 0 frames
position rewinds 0 totalling 0 frames
discontinuities 1 in flight 0
silent packets 0
source ppm -15.259 error 0.002 over 15000 readings and 149.992 s
source ppm endpoints -15.319
source position samples 7199520
source counter scatter 0.44 samples estimates agree yes
source counter stalls 0
timestamp steps 30000 exact 30000
send failures 0
encode failures 0
unreadable packets 0
buffer errors 0
wakeup timeouts 0
tone left 997.0 right 1997.0
tone channels distinct yes
wire kbps 148.8
datagrams per s 200.00
packet frames p50 480 min 480 max 480
wakeup us p50 10000 p95 10034 p99 10118 max 10369
wakeup event
device period default 10.000 ms minimum 3.000 ms
endpoint buffer frames 1056
frame ms 5
frame samples per channel 240
requested kbps 128
encoder reports bitrate 128000
application OPUS_APPLICATION_RESTRICTED_LOWDELAY
vbr yes constrained yes dtx no inband fec no
lookahead samples 120
tone resolution 2.00 hz over 24000 frames
samples dropped 0
libopus libopus unknown
