audio-e2e-receiver: producer scheduled as time constraint, period 5.000 ms computation 0.625 ms constraint 2.500 ms
producer scheduled as time constraint, period 5.000 ms computation 0.625 ms constraint 2.500 ms
receiver scheduled as time constraint, period 5.000 ms computation 0.625 ms constraint 2.500 ms
every deadline granted yes
rtp received 12004
rtp lost 0 of 12004 expected
rtp duplicate 0
rtp reordered 0
rtp late 0
arrival delay ms p50 -10.1 p95 -10.0 p99 -10.0 max -8.6 min -10.1
pair anchor rtp 2505645131 frame samples 240
pair class 0 offset samples 0 frames 6001 late 0 underruns 0
pair class 0 arrival ms p50 -10.055 p95 -10.030 p99 -10.000 min -10.081 max -8.573 over 6001
pair class 0 step ms p50 -0.006 p95 0.017 p99 0.038 min -1.431 max 0.300 over 6001
pair class 0 step histogram ms -2:1 -1:4060 0:1940
pair class 1 offset samples 240 frames 6002 late 0 underruns 0
pair class 1 arrival ms p50 -10.061 p95 -10.037 p99 -10.008 min -10.081 max -9.751 over 6002
pair class 1 step ms p50 0.005 p95 0.030 p99 0.053 min -0.263 max 1.289 over 6001
pair class 1 step histogram ms -1:1934 0:4066 1:1
pair measurements dropped 0 unanchored 0
frames played 12000
plc frames 0
jitter occupancy ms p50 10.0 p95 10.0 p99 10.0 max 10.0
jitter underruns 0
jitter overruns 0 dropping 0 frames
decode us p50 10 p99 19
render callbacks 11243
render underruns 0 over 0 frames
render overruns 0 over 0 frames
continuity expected 2880000 played 2880000 unbroken yes
tone left 997.0 right 1997.0
sink ppm +5.202 error 0.003 over 11243 readings and 59.957 s
sink ppm endpoints +4.957
sink sample time samples 2877951
sink host time scatter 0.30 samples estimates agree yes
sink invalid timestamps 0
samples produced 2880960 consumed 2878208 discarded 0 concealed in 0
buffer growth 2752 samples held 2752 residual 0
continuity hole 0 samples over 12000 frame periods
worst window hole 0 samples
tone channels distinct yes
tone resolution 2.00 hz over 24000 frames
rtp off grid 0
rtp oversize 0
rtp foreign ssrc 0
decode failures 0
conceal us p50 0 p99 0
producer interval us p50 5000 p99 5000 max 5001
render interval us p50 5333 p99 5344 max 5358
ring occupancy frames min 2048 p50 2256 max 2368 of 4096 primed to 496 after a 34.4 ms device start
ring frames refused 0 consumed 2878208
jitter target ms 10 ceiling ms 30 over 8 slots
frame ms 5
device Altavoces del MacBook Pro (named) at 48000 Hz 2 ch 32 bit float with a 256 frame io buffer
bind 0.0.0.0:5012 ssrc 3500973460
odd cycles 0
measurements dropped 0
span s 60.0 device span s 60.0
window 0 s 10.0 rtp/s 200 lost 0 plc 0 played 2002 jitter underruns 0 callbacks 1877 underruns 0 overruns 0 expected 480480 played 480480 hole 0 occupancy ms p50 10.0 p95 10.0 p99 10.0 min 5.0 max 10.0 over 2002 pulls held 2608
window 1 s 10.0 rtp/s 200 lost 0 plc 0 played 2000 jitter underruns 0 callbacks 1875 underruns 0 overruns 0 expected 480000 played 480000 hole 0 occupancy ms p50 10.0 p95 10.0 p99 10.0 min 5.0 max 10.0 over 2000 pulls held 2608
window 2 s 10.0 rtp/s 200 lost 0 plc 0 played 2000 jitter underruns 0 callbacks 1875 underruns 0 overruns 0 expected 480000 played 480000 hole 0 occupancy ms p50 10.0 p95 10.0 p99 10.0 min 5.0 max 10.0 over 2000 pulls held 2608
window 3 s 10.0 rtp/s 200 lost 0 plc 0 played 2000 jitter underruns 0 callbacks 1875 underruns 0 overruns 0 expected 480000 played 480000 hole 0 occupancy ms p50 10.0 p95 10.0 p99 10.0 min 5.0 max 10.0 over 2000 pulls held 2608
window 4 s 10.0 rtp/s 200 lost 0 plc 0 played 2001 jitter underruns 0 callbacks 1876 underruns 0 overruns 0 expected 480240 played 480240 hole 0 occupancy ms p50 10.0 p95 10.0 p99 10.0 min 5.0 max 10.0 over 2001 pulls held 2592
window 5 s 9.9 rtp/s 200 lost 0 plc 0 played 1988 jitter underruns 0 callbacks 1865 underruns 0 overruns 0 expected 477120 played 477120 hole 0 occupancy ms p50 10.0 p95 10.0 p99 10.0 min 5.0 max 10.0 over 1988 pulls held 2512
