window                                        n   span    ms    cov  rng    sd   drift     +-  half    phy   ch  dfs
window-a.csv                                120    119  1000 100.0%    4  0.94   0.008  0.149   0.0    648  100    1
window-b.csv                                120    119  1000 100.0%    3  0.68  -0.084  0.108   0.0    648  100    1
window-c.csv                                120    119  1000 100.0%    5  1.19  -0.767  0.176  -0.5    612  100    1
window-d.csv                                 60     59  1000 100.0%    4  1.01  -0.122  0.458   1.0    648  100    1
window-e-600s.csv                           600    599  1000 100.0%    7  0.96  -0.109  0.013   0.0    612  100    1
control.radio.csv                           120    119  1000 100.0%    6  1.37  -0.994  0.198  -1.0    432   36    0
t10-p1.radio.csv                            120    119  1000 100.0%    4  0.77  -0.047  0.123   0.0    288   36    0
t10-p2.radio.csv                            120    119  1000 100.0%    6  1.09   0.987  0.148   1.5    432   36    0
t10-p3.radio.csv                            120    119  1000 100.0%    4  0.83  -0.275  0.131  -0.5    576   36    0
t15-p1.radio.csv                            120    119  1000 100.0%    4  0.90  -0.694  0.128  -0.5    342   36    0
t15-p2.radio.csv                            120    119  1000 100.0%    4  0.74   0.374  0.112   1.0    432   36    0
t15-p3.radio.csv                            120    119  1000 100.0%    4  0.93   0.129  0.148   0.0    432   36    0
t20-p1.radio.csv                            120    119  1000 100.0%    6  1.24   1.070  0.172   1.0    288   36    0
t20-p2.radio.csv                            120    119  1000 100.0%    5  0.98  -0.415  0.151  -1.0    432   36    0
t20-p3.radio.csv                            120    119  1000 100.0%    6  0.90   0.341  0.140   0.0    432   36    0
t5-p1.radio.csv                             120    119  1000 100.0%    4  1.22   1.388  0.148   1.5    432   36    0
t5-p2.radio.csv                             120    119  1000 100.0%    5  0.89   0.086  0.141   0.0    432   36    0
t5-p3.radio.csv                             120    119  1000 100.0%    3  0.80  -0.284  0.124   0.0    504   36    0
CONTAMINATED radio-trace-first-120s.csv     110    120  1100 100.0%   10  3.07  -4.305  0.293  -6.0    360   36    0

18 windows taken on a link that was not moving within itself:
  |drift|      mean 0.454  sd 0.411  max 1.388 dB/min
  |half step|  max 1.5 dB
  range        3 to 7 dB
  rows missing 0 of 2580

the contaminated window, radio-trace-first-120s.csv:
  |drift|      4.305 dB/min, 9.4 standard deviations above the mean of the others
  |half step|  6.0 dB, 4.0 times the largest of the others
  range        10 dB against 3 to 7, which is why range is reported and is not a criterion
  rows         110 of 110 due at 1100 ms, complete - the hole is an artefact of reading it at 1000

the budget is 3.0 dB and it sits above every window here except that one.
