audio-e2e-receiver: producer scheduled as time constraint, period 5.000 ms computation 0.625 ms constraint 2.500 ms
producer scheduled as time constraint, period 5.000 ms computation 0.625 ms constraint 2.500 ms
receiver scheduled as time constraint, period 5.000 ms computation 0.625 ms constraint 2.500 ms
every deadline granted yes
rtp received 24002
rtp lost 1 of 24003 expected
rtp duplicate 0
rtp reordered 1176
rtp late 1182
arrival delay ms p50 -10.0 p95 -6.1 p99 30.0 max 52.3 min -10.1
pair anchor rtp 1893132830 frame samples 240
pair class 0 offset samples 0 frames 12000 late 612 underruns 20
pair class 0 arrival ms p50 -10.015 p95 29.476 p99 29.991 min -10.057 max 52.262 over 12000
pair class 0 step ms p50 -0.005 p95 0.121 p99 39.993 min -45.289 max 41.788 over 11999
pair class 0 step histogram ms under:572 -5:12 -4:2 -3:8 -2:11 -1:6409 0:4438 1:8 2:4 3:1 4:3 5:1 6:1 over:529
pair class 1 offset samples 240 frames 12001 late 570 underruns 13
pair class 1 arrival ms p50 -10.019 p95 -9.384 p99 29.987 min -10.054 max 32.290 over 12001
pair class 1 step ms p50 0.004 p95 3.646 p99 40.004 min -42.183 max 62.031 over 12000
pair class 1 step histogram ms under:548 -5:10 -4:2 -3:3 -2:8 -1:4424 0:6389 1:8 2:6 3:4 5:3 6:2 11:1 over:592
pair measurements dropped 0 unanchored 0
excess arrivals 24002 dropped 0 repeated 0 blocks 12
excess population 24002 over 120.0 s of stream time, 1 frames missing, 1 sequence breaks
excess source ppm +0.08 against A7 +9.29 agrees no all points +2.34
excess delay slope ppm -0.08 over 12 blocks, -0.01 ms accumulated
excess pair cadence none: no row alternates, so no row is the sender's packing
excess raw ms p50 0.04 p95 3.99 p99 40.05 max 62.32 over 100 ms 0
excess corrected ms p50 0.04 p95 3.98 p99 40.04 max 62.31 over 100 ms 0
excess table    T  late    frac%   /min  clusters  /min  frames p50/p95/max  worst ms  gap ms p50/min
excess row     5    1196   4.983  597.95      1131  565.45               1/1/4  62.3                75/5
excess row    10    1182   4.925  590.95      1122  560.95               1/1/3  62.3                75/5
excess row    15    1177   4.904  588.45      1120  559.95               1/1/3  62.3                75/5
excess row    20    1176   4.900  587.95      1120  559.95               1/1/3  62.3                75/5
excess row    25    1176   4.900  587.95      1120  559.95               1/1/3  62.3                75/5
excess row    30    1176   4.900  587.95      1120  559.95               1/1/3  62.3                75/5
excess row    40     598   2.491  298.98       586  292.98               1/1/2  62.3               135/5
excess row    50       1   0.004    0.50         1      -               1/1/1  62.3                   -
excess row    60       1   0.004    0.50         1      -               1/1/1  62.3                   -
excess row    80       0   0.000    0.00         0      -                   -  -                      -
excess row   100       0   0.000    0.00         0      -                   -  -                      -
frames played 22817
plc frames 1183
jitter occupancy ms p50 10.0 p95 10.0 p99 10.0 max 10.0
jitter underruns 33
jitter overruns 0 dropping 0 frames
decode us p50 7 p99 16
render callbacks 22492
render underruns 0 over 0 frames
render overruns 0 over 0 frames
source expected 5760000 played 5752080 nothing concealed no
playout continuity 0 render underruns over 22492 callbacks
tone left 997.0 right 1997.0
sink ppm +6.135 error 0.001 over 22492 readings and 119.951 s
sink ppm endpoints +6.180
sink sample time samples 5757696
sink host time scatter 0.21 samples estimates agree yes
sink invalid timestamps 0
samples produced 5760720 consumed 5757952 discarded 283920 concealed in 283920
buffer growth 2768 samples held 2768 residual 0
concealed 7920 samples over 24000 frame periods
worst window concealed 2400 samples
tone channels distinct yes
tone resolution 2.00 hz over 24000 frames
rtp off grid 0
rtp oversize 0
rtp foreign ssrc 0
decode failures 0
conceal us p50 33 p99 41
producer interval us p50 5000 p99 5000 max 5001
render interval us p50 5333 p99 5346 max 5364
ring occupancy frames min 2032 p50 2176 max 2304 of 4096 primed to 496 after a 32.8 ms device start
ring frames refused 0 consumed 5757952
jitter target ms 10 ceiling ms 30 over 8 slots
frame ms 5
device Altavoces del MacBook Pro (named) at 48000 Hz 2 ch 32 bit float with a 256 frame io buffer
bind 127.0.0.1:5016 ssrc 4288843096
odd cycles 0
measurements dropped 0
span s 120.0 device span s 120.0
window 0 s 10.0 rtp/s 200 lost 0 plc 109 played 1892 jitter underruns 10 callbacks 1876 underruns 0 overruns 0 expected 480240 played 477840 concealed 2400 occupancy ms p50 10.0 p95 10.0 p99 10.0 min 0.0 max 10.0 over 2001 pulls held 2624
window 1 s 10.0 rtp/s 200 lost 1 plc 105 played 1895 jitter underruns 8 callbacks 1876 underruns 0 overruns 0 expected 480000 played 478080 concealed 1920 occupancy ms p50 5.0 p95 10.0 p99 10.0 min 0.0 max 10.0 over 2000 pulls held 2368
window 2 s 10.0 rtp/s 200 lost 0 plc 98 played 1902 jitter underruns 4 callbacks 1875 underruns 0 overruns 0 expected 480000 played 479040 concealed 960 occupancy ms p50 10.0 p95 10.0 p99 10.0 min 0.0 max 10.0 over 2000 pulls held 2368
window 3 s 10.0 rtp/s 200 lost 1 plc 97 played 1904 jitter underruns 1 callbacks 1875 underruns 0 overruns 0 expected 480240 played 480000 concealed 240 occupancy ms p50 10.0 p95 10.0 p99 10.0 min 0.0 max 10.0 over 2001 pulls held 2608
window 4 s 10.0 rtp/s 200 lost 0 plc 94 played 1907 jitter underruns 2 callbacks 1876 underruns 0 overruns 0 expected 480240 played 479760 concealed 480 occupancy ms p50 10.0 p95 10.0 p99 10.0 min 0.0 max 10.0 over 2001 pulls held 2592
window 5 s 10.0 rtp/s 200 lost 0 plc 102 played 1899 jitter underruns 1 callbacks 1876 underruns 0 overruns 0 expected 480240 played 480000 concealed 240 occupancy ms p50 10.0 p95 10.0 p99 10.0 min 0.0 max 10.0 over 2001 pulls held 2576
window 6 s 10.0 rtp/s 200 lost 1 plc 105 played 1895 jitter underruns 1 callbacks 1875 underruns 0 overruns 0 expected 480000 played 479760 concealed 240 occupancy ms p50 10.0 p95 10.0 p99 10.0 min 0.0 max 10.0 over 2000 pulls held 2576
window 7 s 10.0 rtp/s 200 lost 0 plc 100 played 1901 jitter underruns 1 callbacks 1876 underruns 0 overruns 0 expected 480240 played 480000 concealed 240 occupancy ms p50 10.0 p95 10.0 p99 10.0 min 0.0 max 10.0 over 2001 pulls held 2560
window 8 s 10.0 rtp/s 200 lost 0 plc 95 played 1905 jitter underruns 0 callbacks 1875 underruns 0 overruns 0 expected 480000 played 480000 concealed 0 occupancy ms p50 10.0 p95 10.0 p99 10.0 min 0.0 max 10.0 over 2000 pulls held 2560
window 9 s 10.0 rtp/s 200 lost 0 plc 83 played 1918 jitter underruns 3 callbacks 1876 underruns 0 overruns 0 expected 480240 played 479520 concealed 720 occupancy ms p50 10.0 p95 10.0 p99 10.0 min 0.0 max 10.0 over 2001 pulls held 2544
window 10 s 10.0 rtp/s 200 lost 0 plc 96 played 1905 jitter underruns 1 callbacks 1876 underruns 0 overruns 0 expected 480240 played 480000 concealed 240 occupancy ms p50 10.0 p95 10.0 p99 10.0 min 0.0 max 10.0 over 2001 pulls held 2528
window 11 s 9.9 rtp/s 200 lost 1 plc 97 played 1887 jitter underruns 1 callbacks 1860 underruns 0 overruns 0 expected 476160 played 475920 concealed 240 occupancy ms p50 10.0 p95 10.0 p99 10.0 min 0.0 max 10.0 over 1984 pulls held 2528
