fixture /Users/adria/Documents/programacion/projects/lanplay/fixtures/motion-1920x1080@120-10s-50M.h264 (1200 access units, 10 IDR)
feeding 120 fps for 90 s (10800 access units), mode display link
monitor: POSITIVE CONTROL by mechanism: no radio read at all, taking lanplay-link-metrics' own mutex - the one the receive thread takes on every access unit - as fast as it will be granted, rolling 3 s and 30 s windows. If a comparison cannot see this arm, the finding is that the comparison is blind.
transport: RTP over UDP loopback to 127.0.0.1:62324, mtu 1200
phase: off: nothing measured, nothing sent
renderer: display-link mode on "Built-in Retina Display" (120 Hz nominal), drawable 2722x1530
preflight: ok decoder — VideoToolbox reports hardware acceleration
preflight: ok app-nap — LatencyCritical activity held for the run
preflight: ok radio — channel 36 at 80 MHz wide, 5170-5250 MHz, -72 dBm
preflight: complete

VideoToolbox
  submitted        10790
  decoded          10790
  errors/dropped   0 / 0
  backlog          peak 4 frames, 0 at exit, +0.00 frames/min
  decode           p50 1.15 ms p95 1.27 ms p99 1.67 ms max 4.92 ms

Metal
  display          119.97 Hz
  rendered         10599
  superseded       191
  empty ticks      197
  fresh ticks      98.2% (10599 of 10796 refreshes had a newer frame)
  drawable wait    n=10599   p50=0.00 ms p95=0.00 ms p99=0.00 ms max=0.00 ms
  encode cpu       n=10599   p50=0.04 ms p95=0.08 ms p99=0.12 ms max=0.56 ms

Transport (RTP over UDP loopback)
  access units     10800 sent, 10790 reconstructed, 0 verified, 0 mismatched
  packets          484371 (9 single NAL, 484362 FU-A), 44.8 per access unit
  wire             574.8 MB for 560.4 MB of access unit (2.6% overhead)
  losses           268 lost, 0 malformed, 6 dropped AUs, 0 duplicates, 23 reordered
  reordering       depth max 64, gap filled in 0.000 ms p50 / 0.000 ms p99 / 0.000 ms max over 0 gaps
  rfc3550 jitter   0.00 ms
  au delivery      n=10790 p50 8.34 ms p95 8.40 ms p99 9.95 ms max 116.00 ms
  au start         n=10790 p50 8.34 ms p95 8.36 ms p99 8.99 ms max 132.19 ms
  au late/min      >1.25T 64.0  >1.5T 31.3  >2T 18.7  >3T 10.0  >4T 4.0  >6T 1.3
  au bunching      12.7 clusters/min, catch-up 3.3 mean / 5 max units, stall gap p50 60 ms p95 5243 ms
  service class    observed DSCP 0 (CS0/best effort) x484103
  packetization    p50 0.00 ms p95 0.00 ms p99 0.00 ms
  transit          p50 0.22 ms p95 0.34 ms p99 4.82 ms  (first byte out to last byte in)
  serialisation    p50 0.18 ms p95 0.25 ms p99 0.42 ms  (overlaps transit)
  arrival spread   p50 0.17 ms p95 0.24 ms p99 1.74 ms  (overlaps transit)
  reassembly       p50 0.00 ms p95 0.00 ms p99 0.00 ms

Pipeline
  presentation wait p50 2.88 ms p95 3.36 ms p99 3.44 ms
  phase alignment   off: nothing measured, nothing sent
  render            p50 0.04 ms p95 0.08 ms p99 0.12 ms
  frame age         p50 4.39 ms p95 4.82 ms p99 4.85 ms max 129.50 ms
  unattributed gap  p50 0.00 ms p99 0.00 ms
  cpu plane copies  0 (textures alias the decoder's IOSurfaces)
  resident memory   155.3 MB -> 152.2 MB, -43.57 MB/min over 358 samples

clock domain: local-mac

segment              count       p50       p95       p99       max  kind
capture                  0
preprocess wait          0
gpu preprocess           0
admission wait           0
encode                   0
packetize wait           0
packetization        10800   0.00 ms   0.00 ms   0.00 ms   0.01 ms  work
transit              10794   0.22 ms   0.34 ms   4.82 ms 138.41 ms  wire
reassembly           10790   0.00 ms   0.00 ms   0.00 ms   0.69 ms  work
decoder wait         10790   0.05 ms   0.09 ms   0.55 ms  37.22 ms  wait
decode               10790   1.15 ms   1.27 ms   1.67 ms   4.92 ms  work
presentation wait    10599   2.88 ms   3.36 ms   3.44 ms   8.32 ms  wait
render               10599   0.04 ms   0.08 ms   0.12 ms   0.57 ms  work
serialisation        10800   0.18 ms   0.25 ms   0.42 ms  62.91 ms  diag
arrival              10794   0.17 ms   0.24 ms   1.74 ms  96.99 ms  diag

frame age            10599   4.39 ms   4.82 ms   4.85 ms 129.50 ms  
local age            10599   4.39 ms   4.82 ms   4.85 ms 129.50 ms  
unattributed gap     10599   0.00 ms   0.00 ms   0.00 ms   0.01 ms  
present interval     10598   8.36 ms   8.39 ms  16.38 ms 133.69 ms  
source interval      10598   8.36 ms   8.36 ms   9.50 ms 125.30 ms  

presented 10599 frames in 89.66 s (118.2/s), started 10800, incomplete 201
events 118358 recorded, 0 dropped, 0 duplicate, 0 late, 0 clipped, 0 cross-domain
p99 backed by 105 tail observations from 10599 frames

Windows
        window    src/s   dec/s   rnd/s  tick/s     aup99   >2T/m  loss   agep99   super%  fresh%
      0-10        119.4   119.3   115.3   115.3      8.42     0.0     0     4.85      3.3   100.0
     10-20        119.9   120.0   120.0   120.0      8.42     0.0     0     4.75      0.0   100.0
     20-30        120.1   120.1   119.9   120.0      8.42     0.0     0     4.65      0.1    99.9
     30-40        119.9   119.9   119.2   120.0     10.01     0.0     0     4.55      0.7    99.3
     40-50        120.1   120.0   117.6   120.0     11.65    12.0     0     4.52      2.0    98.0
     50-60        119.9   120.0   120.0   120.0      8.40     0.0     0     4.36      0.0   100.0
     60-70        120.1   120.1   120.0   120.0      8.43     0.0     0     4.26      0.0   100.0
     70-80        118.9   118.9   107.2   120.0     26.00   156.1    10    29.10      9.9    89.3
     80-90        120.0   120.0   120.0   120.0      8.45     0.0     0     4.06      0.0   100.0
  worst callback drop between windows: 0.0% over 9 windows

Monitor  contend
  radio       0 reads, 0 answered, 0 empty, 27580.25/s achieved, worst read 0.00 ms
  link        CoreWLAN answered nothing; the radio tier is absent
  short       30 windows of 3 s     aus   p50 ms   p99 ms    >2T/m   clus/m    gapp50
        0-3                               359     8.34     8.41      0.0      0.0       0.0
        3-6                               360     8.34     8.44      0.0      0.0       0.0
        6-9                               360     8.34     8.41      0.0      0.0       0.0
        9-12                              360     8.34     8.42      0.0      0.0       0.0
       12-15                              360     8.34     8.41      0.0      0.0       0.0
       15-18                              360     8.34     8.41      0.0      0.0       0.0
       18-21                              360     8.34     8.42      0.0      0.0       0.0
       21-24                              360     8.34     8.42      0.0      0.0       0.0
       24-27                              360     8.34     8.43      0.0      0.0       0.0
       27-30                              360     8.34     8.41      0.0      0.0       0.0
       30-33                              360     8.34     8.42      0.0      0.0       0.0
       33-36                              360     8.34     8.43      0.0      0.0       0.0
       36-39                              360     8.34     9.29      0.0      0.0       0.0
       39-42                              360     8.33    13.63      0.0      0.0       0.0
       42-45                              360     8.33    14.39     40.0     20.0      73.9
       45-48                              360     8.34     8.79      0.0      0.0       0.0
       48-51                              360     8.34     8.48      0.0      0.0       0.0
       51-54                              360     8.34     8.41      0.0      0.0       0.0
       54-57                              360     8.34     8.40      0.0      0.0       0.0
       57-60                              360     8.34     8.40      0.0      0.0       0.0
       60-63                              360     8.33     8.40      0.0      0.0       0.0
       63-66                              360     8.34     8.44      0.0      0.0       0.0
       66-69                              360     8.34     8.45      0.0      0.0       0.0
       69-72                              360     8.34    11.71     20.0     20.0   10007.6
       72-75                              360     8.34     8.45      0.0      0.0       0.0
       75-78                              350     8.31    38.86    500.0    340.0      56.8
       78-81                              360     8.34     9.91      0.0      0.0       0.0
       81-84                              360     8.34     8.49      0.0      0.0       0.0
       84-87                              360     8.34     8.41      0.0      0.0       0.0
       87-90                              360     8.34     8.41      0.0      0.0       0.0
  long        3 windows of 30 s     aus   p50 ms   p99 ms    >2T/m   clus/m    gapp50
        0-30                             3599     8.34     8.42      0.0      0.0       0.0
       30-60                             3600     8.34     9.94      4.0      2.0      73.9
       60-90                             3590     8.34    13.14     52.0     36.0      56.8
report written to /Users/adria/Documents/programacion/projects/lanplay/results/network/monitor-neutrality-loopback-90s-4x/contend-r1.json

  [pass] pipeline run exercised            10790 access units submitted, 10790 frames decoded, 10790 decode timings, 10796 display callbacks, 10599 frames rendered, 484103 datagrams received, 10790 access unit intervals
  [pass] pipeline hardware decoder         VTDecompressionSession reports hardware acceleration
  [FAIL] pipeline input sustained          10790 access units submitted, 10800 expected at 120 fps
  [pass] pipeline decode throughput        10790 decoded of 10790 submitted, 0 errors, 0 dropped
  [pass] pipeline decoder backlog          peak 4 frames, 0 left at exit, growth +0.00 frames/min
  [pass] pipeline frames accounted         10790 decoded = 10599 rendered + 191 superseded + 0 held
  [pass] pipeline span accounted           10796 callbacks = 10599 rendered + 197 empty + 0 without a drawable
  [pass] pipeline decoder keeps up         decoded 119.9/s against 120.0/s deliverable on a 120.0 Hz display
  [pass] link     link holds cadence       access units arrive p50 8.34 ms p95 8.40 ms p99 9.95 ms max 116.00 ms over 10790 access units, against a 8.33 ms source period (2x allowed at p99)
  [pass] pipeline presentation tracks arrival present interval p99 16.38 ms against arrival p99 9.95 ms plus one 8.33 ms period
  [FAIL] pipeline no present stalls        worst present interval 133.69 ms against a 33.34 ms limit (4x the 8.34 ms present period); worst arrival gap 116.00 ms
  [pass] pipeline memory stable            -33.26 MB/min in steady state (318 samples after 10000.00 ms), -43.57 MB/min including warm-up, peak 219.4 MB
  [pass] pipeline instrumentation intact   0 dropped marks, 0 duplicate, 0 late
  [FAIL] pipeline drops explained          201 frames never presented, 191 superseded + 0 held explain them (10 unexplained)
  [pass] pipeline gap instrumented         10599 of 10599 presented frames have a measured gap, p99 0.00 ms
  [pass] pipeline zero copy path           structural: CVMetalTextureCache textures over VideoToolbox pixel buffers, no CPU plane access on the render path
  [pass] pipeline decode measured          p50 1.15 ms p95 1.27 ms p99 1.67 ms max 4.92 ms over 10790 frames
  [FAIL] pipeline access units intact      10800 sent from here, 10790 reconstructed, 0 verified byte-for-byte, 0 mismatched
  [FAIL] pipeline transport clean          268 lost, 0 malformed, 6 dropped AUs, 5 missing fragments, 0 send errors, 0 duplicates, 23 reordered
  [note] transport cost   484371 packets (9 single NAL, 484362 FU-A), 1.0 bytes on the wire per byte of access unit, RFC 3550 jitter 0.00 ms
gate: pipeline FAIL, link PASS
