fixture /Users/adria/Documents/programacion/projects/lanplay/fixtures/motion-1920x1080@120-10s-50M.h264 (1200 access units, 10 IDR)
feeding 120 fps for 90 s (10800 access units), mode display link
monitor: POSITIVE CONTROL by frequency: association reads with no interval, rolling 3 s and 30 s windows. If a comparison cannot see this arm, the finding is that the machine had headroom.
transport: RTP over UDP loopback to 127.0.0.1:54823, mtu 1200
phase: off: nothing measured, nothing sent
renderer: display-link mode on "Built-in Retina Display" (120 Hz nominal), drawable 2722x1530
preflight: ok decoder — VideoToolbox reports hardware acceleration
preflight: ok app-nap — LatencyCritical activity held for the run
preflight: ok radio — channel 36 at 80 MHz wide, 5170-5250 MHz, -72 dBm
preflight: complete

VideoToolbox
  submitted        10800
  decoded          10800
  errors/dropped   0 / 0
  backlog          peak 3 frames, 0 at exit, +0.00 frames/min
  decode           p50 1.14 ms p95 1.21 ms p99 1.36 ms max 12.06 ms

Metal
  display          119.97 Hz
  rendered         10706
  superseded       94
  empty ticks      88
  fresh ticks      99.2% (10706 of 10794 refreshes had a newer frame)
  drawable wait    n=10706   p50=0.00 ms p95=0.00 ms p99=0.00 ms max=0.00 ms
  encode cpu       n=10706   p50=0.04 ms p95=0.07 ms p99=0.08 ms max=0.58 ms

Transport (RTP over UDP loopback)
  access units     10800 sent, 10800 reconstructed, 0 verified, 0 mismatched
  packets          484371 (9 single NAL, 484362 FU-A), 44.8 per access unit
  wire             574.8 MB for 560.4 MB of access unit (2.6% overhead)
  losses           0 lost, 0 malformed, 0 dropped AUs, 0 duplicates, 0 reordered
  reordering       depth max 0, gap filled in 0.000 ms p50 / 0.000 ms p99 / 0.000 ms max over 0 gaps
  rfc3550 jitter   0.00 ms
  au delivery      n=10800 p50 8.34 ms p95 8.40 ms p99 8.44 ms max 38.76 ms
  au start         n=10800 p50 8.34 ms p95 8.36 ms p99 8.37 ms max 38.31 ms
  au late/min      >1.25T 4.7  >1.5T 2.7  >2T 1.3  >3T 0.7  >4T 0.7  >6T 0.0
  au bunching      1.3 clusters/min, catch-up 2.5 mean / 4 max units, stall gap p50 2588 ms p95 2588 ms
  service class    observed DSCP 0 (CS0/best effort) x484371
  packetization    p50 0.00 ms p95 0.00 ms p99 0.00 ms
  transit          p50 0.19 ms p95 0.24 ms p99 0.33 ms  (first byte out to last byte in)
  serialisation    p50 0.16 ms p95 0.19 ms p99 0.28 ms  (overlaps transit)
  arrival spread   p50 0.14 ms p95 0.18 ms p99 0.25 ms  (overlaps transit)
  reassembly       p50 0.00 ms p95 0.00 ms p99 0.00 ms

Pipeline
  presentation wait p50 0.72 ms p95 1.14 ms p99 1.21 ms
  phase alignment   off: nothing measured, nothing sent
  render            p50 0.04 ms p95 0.07 ms p99 0.08 ms
  frame age         p50 2.11 ms p95 2.52 ms p99 2.57 ms max 16.91 ms
  unattributed gap  p50 0.00 ms p99 0.00 ms
  cpu plane copies  0 (textures alias the decoder's IOSurfaces)
  resident memory   155.3 MB -> 209.3 MB, -11.81 MB/min over 359 samples

clock domain: local-mac

segment              count       p50       p95       p99       max  kind
capture                  0
preprocess wait          0
gpu preprocess           0
admission wait           0
encode                   0
packetize wait           0
packetization        10800   0.00 ms   0.00 ms   0.00 ms   0.01 ms  work
transit              10800   0.19 ms   0.24 ms   0.33 ms  11.73 ms  wire
reassembly           10800   0.00 ms   0.00 ms   0.00 ms   1.01 ms  work
decoder wait         10800   0.00 ms   0.00 ms   0.01 ms   5.08 ms  wait
decode               10800   1.14 ms   1.21 ms   1.36 ms  12.06 ms  work
presentation wait    10706   0.72 ms   1.14 ms   1.21 ms   7.70 ms  wait
render               10706   0.04 ms   0.07 ms   0.08 ms   0.58 ms  work
serialisation        10800   0.16 ms   0.19 ms   0.28 ms   2.29 ms  diag
arrival              10800   0.14 ms   0.18 ms   0.25 ms   3.59 ms  diag

frame age            10706   2.11 ms   2.52 ms   2.57 ms  16.91 ms  
local age            10706   2.11 ms   2.52 ms   2.57 ms  16.91 ms  
unattributed gap     10706   0.00 ms   0.00 ms   0.00 ms   0.01 ms  
present interval     10705   8.36 ms   8.39 ms   8.45 ms  41.68 ms  
source interval      10705   8.36 ms   8.36 ms   8.36 ms  41.68 ms  

presented 10706 frames in 89.67 s (119.4/s), started 10800, incomplete 94
events 118612 recorded, 0 dropped, 0 duplicate, 0 late, 0 clipped, 0 cross-domain
p99 backed by 107 tail observations from 10706 frames

Windows
        window    src/s   dec/s   rnd/s  tick/s     aup99   >2T/m  loss   agep99   super%  fresh%
      0-10        119.4   119.4   115.1   115.1      8.45     0.0     0     2.62      3.6   100.0
     10-20        120.0   120.0   120.0   120.0      8.42     0.0     0     2.51      0.0   100.0
     20-30        120.0   120.0   119.9   120.0      8.41     0.0     0     2.39      0.1    99.9
     30-40        120.0   120.0   119.0   120.0      8.54     6.0     0     2.29      0.8    99.2
     40-50        120.0   120.0   119.4   120.0      8.53     6.0     0     2.21      0.5    99.5
     50-60        120.0   120.0   119.4   120.0      8.42     0.0     0     2.11      0.5    99.5
     60-70        120.0   120.0   119.1   120.0      8.42     0.0     0     2.00      0.8    99.2
     70-80        120.0   120.0   119.1   120.0      8.42     0.0     0     1.88      0.8    99.2
     80-90        120.0   120.0   119.0   120.0      8.43     0.0     0     1.78      0.8    99.2
  worst callback drop between windows: 0.0% over 9 windows

Monitor  expensive
  radio       28275 reads, 28275 answered, 0 empty, 313.13/s achieved, worst read 42.78 ms
  link        -75 dBm, noise -94 dBm, 408 Mbps, channel 36 at 80 MHz
  short       30 windows of 3 s     aus   p50 ms   p99 ms    >2T/m   clus/m    gapp50
        0-3                               360     8.34     8.44      0.0      0.0       0.0
        3-6                               360     8.34     8.45      0.0      0.0       0.0
        6-9                               360     8.34     8.42      0.0      0.0       0.0
        9-12                              360     8.34     8.44      0.0      0.0       0.0
       12-15                              360     8.34     8.44      0.0      0.0       0.0
       15-18                              360     8.34     8.42      0.0      0.0       0.0
       18-21                              360     8.34     8.42      0.0      0.0       0.0
       21-24                              360     8.34     8.41      0.0      0.0       0.0
       24-27                              360     8.34     8.42      0.0      0.0       0.0
       27-30                              359     8.34     8.41      0.0      0.0       0.0
       30-33                              361     8.34     8.41      0.0      0.0       0.0
       33-36                              360     8.34     8.41      0.0      0.0       0.0
       36-39                              360     8.34     8.67     20.0     20.0       0.0
       39-42                              360     8.34    10.85     20.0     20.0    2587.9
       42-45                              360     8.34     8.45      0.0      0.0       0.0
       45-48                              360     8.34     8.41      0.0      0.0       0.0
       48-51                              360     8.34     8.54      0.0      0.0       0.0
       51-54                              360     8.34     8.41      0.0      0.0       0.0
       54-57                              360     8.34     8.42      0.0      0.0       0.0
       57-60                              359     8.34     8.43      0.0      0.0       0.0
       60-63                              361     8.34     8.42      0.0      0.0       0.0
       63-66                              360     8.34     8.43      0.0      0.0       0.0
       66-69                              360     8.34     8.42      0.0      0.0       0.0
       69-72                              360     8.34     8.42      0.0      0.0       0.0
       72-75                              360     8.34     8.43      0.0      0.0       0.0
       75-78                              360     8.34     8.42      0.0      0.0       0.0
       78-81                              360     8.34     8.42      0.0      0.0       0.0
       81-84                              360     8.34     8.44      0.0      0.0       0.0
       84-87                              360     8.34     8.42      0.0      0.0       0.0
       87-90                              359     8.34     8.44      0.0      0.0       0.0
  long        3 windows of 30 s     aus   p50 ms   p99 ms    >2T/m   clus/m    gapp50
        0-30                             3599     8.34     8.42      0.0      0.0       0.0
       30-60                             3600     8.34     8.51      4.0      4.0    2587.9
       60-90                             3600     8.34     8.42      0.0      0.0       0.0
report written to /Users/adria/Documents/programacion/projects/lanplay/results/network/monitor-neutrality-loopback-90s-4x/expensive-r4.json

  [pass] pipeline run exercised            10800 access units submitted, 10800 frames decoded, 10800 decode timings, 10794 display callbacks, 10706 frames rendered, 484371 datagrams received, 10800 access unit intervals
  [pass] pipeline hardware decoder         VTDecompressionSession reports hardware acceleration
  [pass] pipeline input sustained          10800 access units submitted, 10800 expected at 120 fps
  [pass] pipeline decode throughput        10800 decoded of 10800 submitted, 0 errors, 0 dropped
  [pass] pipeline decoder backlog          peak 3 frames, 0 left at exit, growth +0.00 frames/min
  [pass] pipeline frames accounted         10800 decoded = 10706 rendered + 94 superseded + 0 held
  [pass] pipeline span accounted           10794 callbacks = 10706 rendered + 88 empty + 0 without a drawable
  [pass] pipeline decoder keeps up         decoded 120.0/s against 120.0/s deliverable on a 120.0 Hz display
  [pass] link     link holds cadence       access units arrive p50 8.34 ms p95 8.40 ms p99 8.44 ms max 38.76 ms over 10800 access units, against a 8.33 ms source period (2x allowed at p99)
  [pass] pipeline presentation tracks arrival present interval p99 8.45 ms against arrival p99 8.44 ms plus one 8.33 ms period
  [pass] pipeline no present stalls        worst present interval 41.68 ms against a 33.34 ms limit (4x the 8.34 ms present period); worst arrival gap 38.76 ms - the stall arrived with the frames, not from the presenter
  [pass] pipeline memory stable            -1.26 MB/min in steady state (319 samples after 10000.00 ms), -11.81 MB/min including warm-up, peak 236.5 MB
  [pass] pipeline instrumentation intact   0 dropped marks, 0 duplicate, 0 late
  [pass] pipeline drops explained          94 frames never presented, 94 superseded + 0 held explain them (0 unexplained)
  [pass] pipeline gap instrumented         10706 of 10706 presented frames have a measured gap, p99 0.00 ms
  [pass] pipeline zero copy path           structural: CVMetalTextureCache textures over VideoToolbox pixel buffers, no CPU plane access on the render path
  [pass] pipeline decode measured          p50 1.14 ms p95 1.21 ms p99 1.36 ms max 12.06 ms over 10800 frames
  [pass] pipeline access units intact      10800 sent from here, 10800 reconstructed, 0 verified byte-for-byte, 0 mismatched
  [pass] pipeline transport clean          0 lost, 0 malformed, 0 dropped AUs, 0 missing fragments, 0 send errors, 0 duplicates, 0 reordered
  [note] transport cost   484371 packets (9 single NAL, 484362 FU-A), 1.0 bytes on the wire per byte of access unit, RFC 3550 jitter 0.00 ms
gate: pipeline PASS, link PASS
