fixture /Users/adria/Documents/programacion/projects/lanplay/fixtures/motion-1920x1080@120-10s-50M.h264 (1200 access units, 10 IDR)
feeding 120 fps for 90 s (10800 access units), mode display link
monitor: off, no radio sampler and no rolling windows
transport: RTP over UDP loopback to 127.0.0.1:60070, mtu 1200
phase: off: nothing measured, nothing sent
renderer: display-link mode on "Built-in Retina Display" (120 Hz nominal), drawable 2722x1530
preflight: ok decoder — VideoToolbox reports hardware acceleration
preflight: ok app-nap — LatencyCritical activity held for the run
preflight: ok radio — channel 36 at 80 MHz wide, 5170-5250 MHz, -71 dBm
preflight: complete

VideoToolbox
  submitted        10800
  decoded          10800
  errors/dropped   0 / 0
  backlog          peak 1 frames, 0 at exit, +0.00 frames/min
  decode           p50 1.15 ms p95 1.24 ms p99 1.31 ms max 5.37 ms

Metal
  display          119.97 Hz
  rendered         10756
  superseded       44
  empty ticks      36
  fresh ticks      99.7% (10756 of 10792 refreshes had a newer frame)
  drawable wait    n=10756   p50=0.00 ms p95=0.00 ms p99=0.00 ms max=0.01 ms
  encode cpu       n=10756   p50=0.04 ms p95=0.06 ms p99=0.08 ms max=3.02 ms

Transport (RTP over UDP loopback)
  access units     10800 sent, 10800 reconstructed, 0 verified, 0 mismatched
  packets          484371 (9 single NAL, 484362 FU-A), 44.8 per access unit
  wire             574.8 MB for 560.4 MB of access unit (2.6% overhead)
  losses           0 lost, 0 malformed, 0 dropped AUs, 0 duplicates, 0 reordered
  reordering       depth max 0, gap filled in 0.000 ms p50 / 0.000 ms p99 / 0.000 ms max over 0 gaps
  rfc3550 jitter   0.00 ms
  au delivery      n=10800 p50 8.34 ms p95 8.40 ms p99 8.42 ms max 8.90 ms
  au start         n=10800 p50 8.34 ms p95 8.36 ms p99 8.37 ms max 8.82 ms
  au late/min      >1.25T 0.0  >1.5T 0.0  >2T 0.0  >3T 0.0  >4T 0.0  >6T 0.0
  au bunching      0.0 clusters/min, catch-up 0.0 mean / 0 max units, stall gap p50 0 ms p95 0 ms
  service class    observed DSCP 0 (CS0/best effort) x484371
  packetization    p50 0.00 ms p95 0.00 ms p99 0.00 ms
  transit          p50 0.21 ms p95 0.24 ms p99 0.26 ms  (first byte out to last byte in)
  serialisation    p50 0.16 ms p95 0.19 ms p99 0.23 ms  (overlaps transit)
  arrival spread   p50 0.16 ms p95 0.18 ms p99 0.20 ms  (overlaps transit)
  reassembly       p50 0.00 ms p95 0.00 ms p99 0.00 ms

Pipeline
  presentation wait p50 1.88 ms p95 2.33 ms p99 2.39 ms
  phase alignment   off: nothing measured, nothing sent
  render            p50 0.04 ms p95 0.06 ms p99 0.08 ms
  frame age         p50 3.29 ms p95 3.69 ms p99 3.74 ms max 7.14 ms
  unattributed gap  p50 0.00 ms p99 0.00 ms
  cpu plane copies  0 (textures alias the decoder's IOSurfaces)
  resident memory   155.4 MB -> 166.7 MB, -52.22 MB/min over 358 samples

clock domain: local-mac

segment              count       p50       p95       p99       max  kind
capture                  0
preprocess wait          0
gpu preprocess           0
admission wait           0
encode                   0
packetize wait           0
packetization        10800   0.00 ms   0.00 ms   0.00 ms   0.01 ms  work
transit              10800   0.21 ms   0.24 ms   0.26 ms   0.83 ms  wire
reassembly           10800   0.00 ms   0.00 ms   0.00 ms   0.91 ms  work
decoder wait         10800   0.00 ms   0.00 ms   0.01 ms   0.04 ms  wait
decode               10800   1.15 ms   1.24 ms   1.31 ms   5.37 ms  work
presentation wait    10756   1.88 ms   2.33 ms   2.39 ms   4.88 ms  wait
render               10756   0.04 ms   0.06 ms   0.08 ms   3.03 ms  work
serialisation        10800   0.16 ms   0.19 ms   0.23 ms   0.81 ms  diag
arrival              10800   0.16 ms   0.18 ms   0.20 ms   0.47 ms  diag

frame age            10756   3.29 ms   3.69 ms   3.74 ms   7.14 ms  
local age            10756   3.29 ms   3.69 ms   3.74 ms   7.14 ms  
unattributed gap     10756   0.00 ms   0.00 ms   0.00 ms   0.01 ms  
present interval     10755   8.36 ms   8.39 ms   8.45 ms  43.78 ms  
source interval      10755   8.36 ms   8.36 ms   8.36 ms  41.68 ms  

presented 10756 frames in 89.67 s (119.9/s), started 10800, incomplete 44
events 118712 recorded, 0 dropped, 0 duplicate, 0 late, 0 clipped, 0 cross-domain
p99 backed by 107 tail observations from 10756 frames

Windows
        window    src/s   dec/s   rnd/s  tick/s     aup99   >2T/m  loss   agep99   super%  fresh%
      0-10        119.2   119.2   114.9   114.9      8.43     0.0     0     3.78      3.7   100.0
     10-20        120.0   120.0   120.0   120.0      8.43     0.0     0     3.67      0.0   100.0
     20-30        120.0   120.0   120.0   120.0      8.42     0.0     0     3.57      0.0   100.0
     30-40        120.0   120.0   120.0   120.0      8.42     0.0     0     3.47      0.0   100.0
     40-50        120.1   120.0   120.0   120.0      8.41     0.0     0     3.38      0.0   100.0
     50-60        119.9   120.0   120.0   120.0      8.41     0.0     0     3.28      0.0   100.0
     60-70        120.0   120.0   120.0   120.0      8.42     0.0     0     3.16      0.0   100.0
     70-80        120.0   120.0   120.0   120.0      8.42     0.0     0     3.08      0.0   100.0
     80-90        120.0   120.0   120.0   120.0      8.41     0.0     0     2.97      0.0   100.0
  worst callback drop between windows: 0.0% over 9 windows

Monitor  off: no radio sampler, no rolling windows
report written to /Users/adria/Documents/programacion/projects/lanplay/results/network/monitor-neutrality-loopback-90s-4x/off-r2.json

  [pass] pipeline run exercised            10800 access units submitted, 10800 frames decoded, 10800 decode timings, 10792 display callbacks, 10756 frames rendered, 484371 datagrams received, 10800 access unit intervals
  [pass] pipeline hardware decoder         VTDecompressionSession reports hardware acceleration
  [pass] pipeline input sustained          10800 access units submitted, 10800 expected at 120 fps
  [pass] pipeline decode throughput        10800 decoded of 10800 submitted, 0 errors, 0 dropped
  [pass] pipeline decoder backlog          peak 1 frames, 0 left at exit, growth +0.00 frames/min
  [pass] pipeline frames accounted         10800 decoded = 10756 rendered + 44 superseded + 0 held
  [pass] pipeline span accounted           10792 callbacks = 10756 rendered + 36 empty + 0 without a drawable
  [pass] pipeline decoder keeps up         decoded 120.0/s against 120.0/s deliverable on a 120.0 Hz display
  [pass] link     link holds cadence       access units arrive p50 8.34 ms p95 8.40 ms p99 8.42 ms max 8.90 ms over 10800 access units, against a 8.33 ms source period (2x allowed at p99)
  [pass] pipeline presentation tracks arrival present interval p99 8.45 ms against arrival p99 8.42 ms plus one 8.33 ms period
  [FAIL] pipeline no present stalls        worst present interval 43.78 ms against a 33.34 ms limit (4x the 8.34 ms present period); worst arrival gap 8.90 ms
  [pass] pipeline memory stable            -56.70 MB/min in steady state (318 samples after 10000.00 ms), -52.22 MB/min including warm-up, peak 226.2 MB
  [pass] pipeline instrumentation intact   0 dropped marks, 0 duplicate, 0 late
  [pass] pipeline drops explained          44 frames never presented, 44 superseded + 0 held explain them (0 unexplained)
  [pass] pipeline gap instrumented         10756 of 10756 presented frames have a measured gap, p99 0.00 ms
  [pass] pipeline zero copy path           structural: CVMetalTextureCache textures over VideoToolbox pixel buffers, no CPU plane access on the render path
  [pass] pipeline decode measured          p50 1.15 ms p95 1.24 ms p99 1.31 ms max 5.37 ms over 10800 frames
  [pass] pipeline access units intact      10800 sent from here, 10800 reconstructed, 0 verified byte-for-byte, 0 mismatched
  [pass] pipeline transport clean          0 lost, 0 malformed, 0 dropped AUs, 0 missing fragments, 0 send errors, 0 duplicates, 0 reordered
  [note] transport cost   484371 packets (9 single NAL, 484362 FU-A), 1.0 bytes on the wire per byte of access unit, RFC 3550 jitter 0.00 ms
gate: pipeline FAIL, link PASS
