fixture /Users/adria/Documents/programacion/projects/lanplay/fixtures/motion-1920x1080@120-10s-50M.h264 (1200 access units, 10 IDR)
feeding 120 fps for 90 s (10800 access units), mode display link
monitor: off, no radio sampler and no rolling windows
transport: RTP over UDP loopback to 127.0.0.1:61360, mtu 1200
phase: off: nothing measured, nothing sent
renderer: display-link mode on "Built-in Retina Display" (120 Hz nominal), drawable 2722x1530
preflight: ok decoder — VideoToolbox reports hardware acceleration
preflight: ok app-nap — LatencyCritical activity held for the run
preflight: ok radio — channel 36 at 80 MHz wide, 5170-5250 MHz, -72 dBm
preflight: complete

VideoToolbox
  submitted        10800
  decoded          10800
  errors/dropped   0 / 0
  backlog          peak 1 frames, 0 at exit, +0.01 frames/min
  decode           p50 1.13 ms p95 1.23 ms p99 1.39 ms max 6.32 ms

Metal
  display          119.97 Hz
  rendered         10734
  superseded       66
  empty ticks      56
  fresh ticks      99.5% (10734 of 10790 refreshes had a newer frame)
  drawable wait    n=10734   p50=0.00 ms p95=0.00 ms p99=0.00 ms max=0.00 ms
  encode cpu       n=10734   p50=0.04 ms p95=0.06 ms p99=0.09 ms max=0.58 ms

Transport (RTP over UDP loopback)
  access units     10800 sent, 10800 reconstructed, 0 verified, 0 mismatched
  packets          484371 (9 single NAL, 484362 FU-A), 44.8 per access unit
  wire             574.8 MB for 560.4 MB of access unit (2.6% overhead)
  losses           0 lost, 0 malformed, 0 dropped AUs, 0 duplicates, 0 reordered
  reordering       depth max 0, gap filled in 0.000 ms p50 / 0.000 ms p99 / 0.000 ms max over 0 gaps
  rfc3550 jitter   0.00 ms
  au delivery      n=10800 p50 8.34 ms p95 8.40 ms p99 8.44 ms max 26.33 ms
  au start         n=10800 p50 8.34 ms p95 8.35 ms p99 8.37 ms max 22.71 ms
  au late/min      >1.25T 4.7  >1.5T 2.7  >2T 1.3  >3T 0.7  >4T 0.0  >6T 0.0
  au bunching      1.3 clusters/min, catch-up 3.0 mean / 5 max units, stall gap p50 43 ms p95 43 ms
  service class    observed DSCP 0 (CS0/best effort) x484371
  packetization    p50 0.00 ms p95 0.00 ms p99 0.00 ms
  transit          p50 0.22 ms p95 0.24 ms p99 0.33 ms  (first byte out to last byte in)
  serialisation    p50 0.16 ms p95 0.19 ms p99 0.26 ms  (overlaps transit)
  arrival spread   p50 0.17 ms p95 0.18 ms p99 0.26 ms  (overlaps transit)
  reassembly       p50 0.00 ms p95 0.00 ms p99 0.00 ms

Pipeline
  presentation wait p50 7.63 ms p95 8.09 ms p99 8.16 ms
  phase alignment   off: nothing measured, nothing sent
  render            p50 0.04 ms p95 0.06 ms p99 0.09 ms
  frame age         p50 9.04 ms p95 9.50 ms p99 9.50 ms max 29.75 ms
  unattributed gap  p50 0.00 ms p99 0.00 ms
  cpu plane copies  0 (textures alias the decoder's IOSurfaces)
  resident memory   155.4 MB -> 166.9 MB, -25.87 MB/min over 358 samples

clock domain: local-mac

segment              count       p50       p95       p99       max  kind
capture                  0
preprocess wait          0
gpu preprocess           0
admission wait           0
encode                   0
packetize wait           0
packetization        10800   0.00 ms   0.00 ms   0.00 ms   0.01 ms  work
transit              10800   0.22 ms   0.24 ms   0.33 ms  27.92 ms  wire
reassembly           10800   0.00 ms   0.00 ms   0.00 ms   0.04 ms  work
decoder wait         10800   0.00 ms   0.00 ms   0.01 ms   0.08 ms  wait
decode               10800   1.13 ms   1.23 ms   1.39 ms   6.32 ms  work
presentation wait    10734   7.63 ms   8.09 ms   8.16 ms   8.36 ms  wait
render               10734   0.04 ms   0.06 ms   0.09 ms   0.58 ms  work
serialisation        10800   0.16 ms   0.19 ms   0.26 ms  18.61 ms  diag
arrival              10800   0.17 ms   0.18 ms   0.26 ms  18.48 ms  diag

frame age            10734   9.04 ms   9.50 ms   9.50 ms  29.75 ms  
local age            10734   9.04 ms   9.50 ms   9.50 ms  29.75 ms  
unattributed gap     10734   0.00 ms   0.00 ms   0.00 ms   0.01 ms  
present interval     10733   8.36 ms   8.39 ms   8.45 ms  39.32 ms  
source interval      10733   8.36 ms   8.36 ms   8.36 ms  41.68 ms  

presented 10734 frames in 89.67 s (119.7/s), started 10800, incomplete 66
events 118668 recorded, 0 dropped, 0 duplicate, 0 late, 0 clipped, 0 cross-domain
p99 backed by 107 tail observations from 10734 frames

Windows
        window    src/s   dec/s   rnd/s  tick/s     aup99   >2T/m  loss   agep99   super%  fresh%
      0-10        119.3   119.3   114.5   115.0      8.41     0.0     0     9.57      4.0    99.6
     10-20        119.9   119.9   119.1   119.9      8.49    12.0     0     9.44      0.7    99.3
     20-30        120.1   120.0   119.7   119.9      8.46     0.0     0     9.37      0.3    99.8
     30-40        119.9   120.0   119.6   119.8      8.45     0.0     0     9.24      0.3    99.8
     40-50        120.0   120.0   119.7   120.0      8.46     0.0     0     9.18      0.2    99.8
     50-60        120.0   120.0   120.0   120.0      8.41     0.0     0     9.04      0.0   100.0
     60-70        120.0   120.0   120.0   120.0      8.41     0.0     0     8.91      0.0   100.0
     70-80        120.0   120.0   120.0   120.0      8.43     0.0     0     8.85      0.0   100.0
     80-90        120.0   120.0   120.0   120.0      8.41     0.0     0     8.72      0.0   100.0
  worst callback drop between windows: 0.1% over 9 windows

Monitor  off: no radio sampler, no rolling windows
report written to /Users/adria/Documents/programacion/projects/lanplay/results/network/monitor-neutrality-loopback-90s-4x/off-r3.json

  [pass] pipeline run exercised            10800 access units submitted, 10800 frames decoded, 10800 decode timings, 10790 display callbacks, 10734 frames rendered, 484371 datagrams received, 10800 access unit intervals
  [pass] pipeline hardware decoder         VTDecompressionSession reports hardware acceleration
  [pass] pipeline input sustained          10800 access units submitted, 10800 expected at 120 fps
  [pass] pipeline decode throughput        10800 decoded of 10800 submitted, 0 errors, 0 dropped
  [pass] pipeline decoder backlog          peak 1 frames, 0 left at exit, growth +0.01 frames/min
  [pass] pipeline frames accounted         10800 decoded = 10734 rendered + 66 superseded + 0 held
  [pass] pipeline span accounted           10790 callbacks = 10734 rendered + 56 empty + 0 without a drawable
  [pass] pipeline decoder keeps up         decoded 120.0/s against 120.0/s deliverable on a 120.0 Hz display
  [pass] link     link holds cadence       access units arrive p50 8.34 ms p95 8.40 ms p99 8.44 ms max 26.33 ms over 10800 access units, against a 8.33 ms source period (2x allowed at p99)
  [pass] pipeline presentation tracks arrival present interval p99 8.45 ms against arrival p99 8.44 ms plus one 8.33 ms period
  [FAIL] pipeline no present stalls        worst present interval 39.32 ms against a 33.34 ms limit (4x the 8.34 ms present period); worst arrival gap 26.33 ms
  [pass] pipeline memory stable            -6.43 MB/min in steady state (318 samples after 10000.00 ms), -25.87 MB/min including warm-up, peak 226.2 MB
  [pass] pipeline instrumentation intact   0 dropped marks, 0 duplicate, 0 late
  [pass] pipeline drops explained          66 frames never presented, 66 superseded + 0 held explain them (0 unexplained)
  [pass] pipeline gap instrumented         10734 of 10734 presented frames have a measured gap, p99 0.00 ms
  [pass] pipeline zero copy path           structural: CVMetalTextureCache textures over VideoToolbox pixel buffers, no CPU plane access on the render path
  [pass] pipeline decode measured          p50 1.13 ms p95 1.23 ms p99 1.39 ms max 6.32 ms over 10800 frames
  [pass] pipeline access units intact      10800 sent from here, 10800 reconstructed, 0 verified byte-for-byte, 0 mismatched
  [pass] pipeline transport clean          0 lost, 0 malformed, 0 dropped AUs, 0 missing fragments, 0 send errors, 0 duplicates, 0 reordered
  [note] transport cost   484371 packets (9 single NAL, 484362 FU-A), 1.0 bytes on the wire per byte of access unit, RFC 3550 jitter 0.00 ms
gate: pipeline FAIL, link PASS
