fixture /Users/adria/Documents/programacion/projects/lanplay/fixtures/motion-1920x1080@120-10s-50M.h264 (1200 access units, 10 IDR)
feeding 120 fps for 90 s (10800 access units), mode display link
monitor: off, no radio sampler and no rolling windows
transport: RTP over UDP loopback to 127.0.0.1:53345, mtu 1200
phase: off: nothing measured, nothing sent
renderer: display-link mode on "Built-in Retina Display" (120 Hz nominal), drawable 2722x1530
preflight: ok decoder — VideoToolbox reports hardware acceleration
preflight: ok app-nap — LatencyCritical activity held for the run
preflight: ok radio — channel 36 at 80 MHz wide, 5170-5250 MHz, -74 dBm
preflight: complete

VideoToolbox
  submitted        10800
  decoded          10800
  errors/dropped   0 / 0
  backlog          peak 3 frames, 0 at exit, -0.00 frames/min
  decode           p50 1.17 ms p95 1.29 ms p99 1.78 ms max 9.31 ms

Metal
  display          119.97 Hz
  rendered         10229
  superseded       571
  empty ticks      565
  fresh ticks      94.8% (10229 of 10794 refreshes had a newer frame)
  drawable wait    n=10229   p50=0.00 ms p95=0.00 ms p99=0.00 ms max=0.00 ms
  encode cpu       n=10229   p50=0.05 ms p95=0.08 ms p99=0.12 ms max=0.54 ms

Transport (RTP over UDP loopback)
  access units     10800 sent, 10800 reconstructed, 0 verified, 0 mismatched
  packets          484371 (9 single NAL, 484362 FU-A), 44.8 per access unit
  wire             574.8 MB for 560.4 MB of access unit (2.6% overhead)
  losses           0 lost, 0 malformed, 0 dropped AUs, 0 duplicates, 0 reordered
  reordering       depth max 0, gap filled in 0.000 ms p50 / 0.000 ms p99 / 0.000 ms max over 0 gaps
  rfc3550 jitter   0.00 ms
  au delivery      n=10800 p50 8.34 ms p95 8.40 ms p99 8.92 ms max 25.66 ms
  au start         n=10800 p50 8.34 ms p95 8.36 ms p99 8.90 ms max 25.44 ms
  au late/min      >1.25T 28.0  >1.5T 19.3  >2T 6.7  >3T 0.7  >4T 0.0  >6T 0.0
  au bunching      5.3 clusters/min, catch-up 2.4 mean / 5 max units, stall gap p50 70 ms p95 10008 ms
  service class    observed DSCP 0 (CS0/best effort) x484371
  packetization    p50 0.00 ms p95 0.00 ms p99 0.00 ms
  transit          p50 0.22 ms p95 0.31 ms p99 0.97 ms  (first byte out to last byte in)
  serialisation    p50 0.17 ms p95 0.26 ms p99 0.40 ms  (overlaps transit)
  arrival spread   p50 0.17 ms p95 0.19 ms p99 0.35 ms  (overlaps transit)
  reassembly       p50 0.00 ms p95 0.00 ms p99 0.00 ms

Pipeline
  presentation wait p50 0.51 ms p95 8.29 ms p99 8.32 ms
  phase alignment   off: nothing measured, nothing sent
  render            p50 0.05 ms p95 0.08 ms p99 0.12 ms
  frame age         p50 1.93 ms p95 9.76 ms p99 10.09 ms max 18.61 ms
  unattributed gap  p50 0.00 ms p99 0.00 ms
  cpu plane copies  0 (textures alias the decoder's IOSurfaces)
  resident memory   155.4 MB -> 160.3 MB, -58.94 MB/min over 358 samples

clock domain: local-mac

segment              count       p50       p95       p99       max  kind
capture                  0
preprocess wait          0
gpu preprocess           0
admission wait           0
encode                   0
packetize wait           0
packetization        10800   0.00 ms   0.00 ms   0.00 ms   0.04 ms  work
transit              10800   0.22 ms   0.31 ms   0.97 ms  19.53 ms  wire
reassembly           10800   0.00 ms   0.00 ms   0.00 ms   0.01 ms  work
decoder wait         10800   0.00 ms   0.01 ms   0.01 ms   0.24 ms  wait
decode               10800   1.17 ms   1.29 ms   1.78 ms   9.31 ms  work
presentation wait    10229   0.51 ms   8.29 ms   8.32 ms   8.52 ms  wait
render               10229   0.05 ms   0.08 ms   0.12 ms   0.54 ms  work
serialisation        10800   0.17 ms   0.26 ms   0.40 ms  19.40 ms  diag
arrival              10800   0.17 ms   0.19 ms   0.35 ms  18.09 ms  diag

frame age            10229   1.93 ms   9.76 ms  10.09 ms  18.61 ms  
local age            10229   1.93 ms   9.76 ms  10.09 ms  18.61 ms  
unattributed gap     10229   0.00 ms   0.00 ms   0.00 ms   0.00 ms  
present interval     10228   8.36 ms  16.65 ms  16.71 ms  31.33 ms  
source interval      10228   8.36 ms  16.58 ms  16.71 ms  33.42 ms  

presented 10229 frames in 89.68 s (114.0/s), started 10800, incomplete 571
events 117658 recorded, 0 dropped, 0 duplicate, 0 late, 0 clipped, 0 cross-domain
p99 backed by 102 tail observations from 10229 frames

Windows
        window    src/s   dec/s   rnd/s  tick/s     aup99   >2T/m  loss   agep99   super%  fresh%
      0-10        119.2   119.2   114.3   115.1      8.51     0.0     0     2.51      4.2    99.3
     10-20        120.0   120.0   119.3   120.0      8.44    12.0     0     2.20      0.6    99.4
     20-30        120.0   120.0   119.1   120.0      8.41     0.0     0     2.11      0.8    99.2
     30-40        120.0   120.0   118.9   119.9      8.43     0.0     0     2.00      0.9    99.2
     40-50        120.0   120.0   110.7   120.0     15.47    48.0     0    10.22      7.8    92.2
     50-60        120.0   120.0   111.4   120.0      9.30     0.0     0    10.16      7.2    92.8
     60-70        120.1   120.0   116.2   120.0      8.45     0.0     0     1.74      3.2    96.8
     70-80        119.9   120.0   104.9   120.0      8.76     0.0     0     9.90     12.5    87.4
     80-90        120.0   120.0   107.3   120.0      8.41     0.0     0     9.83     10.6    89.4
  worst callback drop between windows: 0.1% over 9 windows

Monitor  off: no radio sampler, no rolling windows
report written to /Users/adria/Documents/programacion/projects/lanplay/results/network/monitor-neutrality-loopback-90s-4x/off-r4.json

  [pass] pipeline run exercised            10800 access units submitted, 10800 frames decoded, 10800 decode timings, 10794 display callbacks, 10229 frames rendered, 484371 datagrams received, 10800 access unit intervals
  [pass] pipeline hardware decoder         VTDecompressionSession reports hardware acceleration
  [pass] pipeline input sustained          10800 access units submitted, 10800 expected at 120 fps
  [pass] pipeline decode throughput        10800 decoded of 10800 submitted, 0 errors, 0 dropped
  [pass] pipeline decoder backlog          peak 3 frames, 0 left at exit, growth -0.00 frames/min
  [pass] pipeline frames accounted         10800 decoded = 10229 rendered + 571 superseded + 0 held
  [pass] pipeline span accounted           10794 callbacks = 10229 rendered + 565 empty + 0 without a drawable
  [pass] pipeline decoder keeps up         decoded 120.0/s against 120.0/s deliverable on a 120.0 Hz display
  [pass] link     link holds cadence       access units arrive p50 8.34 ms p95 8.40 ms p99 8.92 ms max 25.66 ms over 10800 access units, against a 8.33 ms source period (2x allowed at p99)
  [pass] pipeline presentation tracks arrival present interval p99 16.71 ms against arrival p99 8.92 ms plus one 8.33 ms period
  [pass] pipeline no present stalls        worst present interval 31.33 ms against a 33.34 ms limit (4x the 8.34 ms present period); worst arrival gap 25.66 ms
  [pass] pipeline memory stable            -59.89 MB/min in steady state (318 samples after 10000.00 ms), -58.94 MB/min including warm-up, peak 226.1 MB
  [pass] pipeline instrumentation intact   0 dropped marks, 0 duplicate, 0 late
  [pass] pipeline drops explained          571 frames never presented, 571 superseded + 0 held explain them (0 unexplained)
  [pass] pipeline gap instrumented         10229 of 10229 presented frames have a measured gap, p99 0.00 ms
  [pass] pipeline zero copy path           structural: CVMetalTextureCache textures over VideoToolbox pixel buffers, no CPU plane access on the render path
  [pass] pipeline decode measured          p50 1.17 ms p95 1.29 ms p99 1.78 ms max 9.31 ms over 10800 frames
  [pass] pipeline access units intact      10800 sent from here, 10800 reconstructed, 0 verified byte-for-byte, 0 mismatched
  [pass] pipeline transport clean          0 lost, 0 malformed, 0 dropped AUs, 0 missing fragments, 0 send errors, 0 duplicates, 0 reordered
  [note] transport cost   484371 packets (9 single NAL, 484362 FU-A), 1.0 bytes on the wire per byte of access unit, RFC 3550 jitter 0.00 ms
gate: pipeline PASS, link PASS
