fixture /Users/adria/Documents/programacion/projects/lanplay/fixtures/motion-1920x1080@120-10s-50M.h264 (1200 access units, 10 IDR)
feeding 120 fps for 90 s (10800 access units), mode display link
monitor: off, no radio sampler and no rolling windows
transport: RTP over UDP loopback to 127.0.0.1:57348, mtu 1200
phase: off: nothing measured, nothing sent
renderer: display-link mode on "Built-in Retina Display" (120 Hz nominal), drawable 2722x1530
preflight: ok decoder — VideoToolbox reports hardware acceleration
preflight: ok app-nap — LatencyCritical activity held for the run
preflight: ok radio — channel 36 at 80 MHz wide, 5170-5250 MHz, -70 dBm
preflight: complete

VideoToolbox
  submitted        10800
  decoded          10800
  errors/dropped   0 / 0
  backlog          peak 2 frames, 0 at exit, -0.01 frames/min
  decode           p50 1.18 ms p95 1.26 ms p99 1.66 ms max 13.11 ms

Metal
  display          119.97 Hz
  rendered         10748
  superseded       52
  empty ticks      42
  fresh ticks      99.6% (10748 of 10790 refreshes had a newer frame)
  drawable wait    n=10748   p50=0.00 ms p95=0.00 ms p99=0.00 ms max=0.00 ms
  encode cpu       n=10748   p50=0.05 ms p95=0.13 ms p99=0.16 ms max=3.91 ms

Transport (RTP over UDP loopback)
  access units     10800 sent, 10800 reconstructed, 0 verified, 0 mismatched
  packets          484371 (9 single NAL, 484362 FU-A), 44.8 per access unit
  wire             574.8 MB for 560.4 MB of access unit (2.6% overhead)
  losses           0 lost, 0 malformed, 0 dropped AUs, 0 duplicates, 0 reordered
  reordering       depth max 0, gap filled in 0.000 ms p50 / 0.000 ms p99 / 0.000 ms max over 0 gaps
  rfc3550 jitter   0.00 ms
  au delivery      n=10800 p50 8.34 ms p95 8.40 ms p99 8.45 ms max 32.92 ms
  au start         n=10800 p50 8.34 ms p95 8.36 ms p99 8.38 ms max 33.88 ms
  au late/min      >1.25T 2.7  >1.5T 2.7  >2T 1.3  >3T 0.7  >4T 0.0  >6T 0.0
  au bunching      0.7 clusters/min, catch-up 1.0 mean / 1 max units, stall gap p50 33 ms p95 33 ms
  service class    observed DSCP 0 (CS0/best effort) x484371
  packetization    p50 0.00 ms p95 0.00 ms p99 0.00 ms
  transit          p50 0.22 ms p95 0.26 ms p99 0.34 ms  (first byte out to last byte in)
  serialisation    p50 0.17 ms p95 0.20 ms p99 0.29 ms  (overlaps transit)
  arrival spread   p50 0.17 ms p95 0.19 ms p99 0.26 ms  (overlaps transit)
  reassembly       p50 0.00 ms p95 0.00 ms p99 0.00 ms

Pipeline
  presentation wait p50 3.62 ms p95 4.06 ms p99 4.16 ms
  phase alignment   off: nothing measured, nothing sent
  render            p50 0.05 ms p95 0.13 ms p99 0.16 ms
  frame age         p50 5.11 ms p95 5.51 ms p99 5.57 ms max 46.92 ms
  unattributed gap  p50 0.00 ms p99 0.00 ms
  cpu plane copies  0 (textures alias the decoder's IOSurfaces)
  resident memory   155.3 MB -> 160.3 MB, -60.10 MB/min over 358 samples

clock domain: local-mac

segment              count       p50       p95       p99       max  kind
capture                  0
preprocess wait          0
gpu preprocess           0
admission wait           0
encode                   0
packetize wait           0
packetization        10800   0.00 ms   0.00 ms   0.00 ms   0.02 ms  work
transit              10800   0.22 ms   0.26 ms   0.34 ms  34.60 ms  wire
reassembly           10800   0.00 ms   0.00 ms   0.00 ms   0.82 ms  work
decoder wait         10800   0.00 ms   0.01 ms   0.01 ms   0.55 ms  wait
decode               10800   1.18 ms   1.26 ms   1.66 ms  13.11 ms  work
presentation wait    10748   3.62 ms   4.06 ms   4.16 ms   7.37 ms  wait
render               10748   0.05 ms   0.13 ms   0.16 ms   3.92 ms  work
serialisation        10800   0.17 ms   0.20 ms   0.29 ms   2.21 ms  diag
arrival              10800   0.17 ms   0.19 ms   0.26 ms   2.24 ms  diag

frame age            10748   5.11 ms   5.51 ms   5.57 ms  46.92 ms  
local age            10748   5.11 ms   5.51 ms   5.57 ms  46.92 ms  
unattributed gap     10748   0.00 ms   0.00 ms   0.00 ms   0.01 ms  
present interval     10747   8.36 ms   8.45 ms   8.52 ms  33.55 ms  
source interval      10747   8.36 ms   8.36 ms   8.36 ms  33.42 ms  

presented 10748 frames in 89.67 s (119.8/s), started 10800, incomplete 52
events 118696 recorded, 0 dropped, 0 duplicate, 0 late, 0 clipped, 0 cross-domain
p99 backed by 107 tail observations from 10748 frames

Windows
        window    src/s   dec/s   rnd/s  tick/s     aup99   >2T/m  loss   agep99   super%  fresh%
      0-10        119.2   119.2   115.1   115.1      8.44     0.0     0     5.67      3.5   100.0
     10-20        120.0   120.0   120.0   120.0      8.42     0.0     0     5.51      0.0   100.0
     20-30        120.1   120.0   119.4   120.0      8.49    12.0     0     5.44      0.5    99.5
     30-40        119.9   120.0   120.0   120.0      8.41     0.0     0     5.31      0.0   100.0
     40-50        120.1   120.1   120.0   120.0      8.43     0.0     0     5.21      0.0   100.0
     50-60        119.9   119.9   120.0   120.0      8.43     0.0     0     5.11      0.0   100.0
     60-70        120.0   120.0   119.7   119.7      8.51     0.0     0     5.05      0.2   100.0
     70-80        120.0   120.0   119.9   119.9      8.44     0.0     0     4.92      0.1   100.0
     80-90        120.0   120.0   120.0   120.0      8.43     0.0     0     4.78      0.0   100.0
  worst callback drop between windows: 0.3% over 9 windows

Monitor  off: no radio sampler, no rolling windows
report written to /Users/adria/Documents/programacion/projects/lanplay/results/network/monitor-neutrality-loopback-90s-4x/off-r1.json

  [pass] pipeline run exercised            10800 access units submitted, 10800 frames decoded, 10800 decode timings, 10790 display callbacks, 10748 frames rendered, 484371 datagrams received, 10800 access unit intervals
  [pass] pipeline hardware decoder         VTDecompressionSession reports hardware acceleration
  [pass] pipeline input sustained          10800 access units submitted, 10800 expected at 120 fps
  [pass] pipeline decode throughput        10800 decoded of 10800 submitted, 0 errors, 0 dropped
  [pass] pipeline decoder backlog          peak 2 frames, 0 left at exit, growth -0.01 frames/min
  [pass] pipeline frames accounted         10800 decoded = 10748 rendered + 52 superseded + 0 held
  [pass] pipeline span accounted           10790 callbacks = 10748 rendered + 42 empty + 0 without a drawable
  [pass] pipeline decoder keeps up         decoded 120.0/s against 120.0/s deliverable on a 120.0 Hz display
  [pass] link     link holds cadence       access units arrive p50 8.34 ms p95 8.40 ms p99 8.45 ms max 32.92 ms over 10800 access units, against a 8.33 ms source period (2x allowed at p99)
  [pass] pipeline presentation tracks arrival present interval p99 8.52 ms against arrival p99 8.45 ms plus one 8.33 ms period
  [pass] pipeline no present stalls        worst present interval 33.55 ms against a 33.34 ms limit (4x the 8.34 ms present period); worst arrival gap 32.92 ms - the stall arrived with the frames, not from the presenter
  [pass] pipeline memory stable            -70.11 MB/min in steady state (318 samples after 10000.00 ms), -60.10 MB/min including warm-up, peak 225.0 MB
  [pass] pipeline instrumentation intact   0 dropped marks, 0 duplicate, 0 late
  [pass] pipeline drops explained          52 frames never presented, 52 superseded + 0 held explain them (0 unexplained)
  [pass] pipeline gap instrumented         10748 of 10748 presented frames have a measured gap, p99 0.00 ms
  [pass] pipeline zero copy path           structural: CVMetalTextureCache textures over VideoToolbox pixel buffers, no CPU plane access on the render path
  [pass] pipeline decode measured          p50 1.18 ms p95 1.26 ms p99 1.66 ms max 13.11 ms over 10800 frames
  [pass] pipeline access units intact      10800 sent from here, 10800 reconstructed, 0 verified byte-for-byte, 0 mismatched
  [pass] pipeline transport clean          0 lost, 0 malformed, 0 dropped AUs, 0 missing fragments, 0 send errors, 0 duplicates, 0 reordered
  [note] transport cost   484371 packets (9 single NAL, 484362 FU-A), 1.0 bytes on the wire per byte of access unit, RFC 3550 jitter 0.00 ms
gate: pipeline PASS, link PASS
