fixture /Users/adria/Documents/programacion/projects/lanplay/fixtures/motion-1920x1080@120-10s-50M.h264 (1200 access units, 10 IDR)
feeding 120 fps for 90 s (10800 access units), mode display link
monitor: association read every 1 s, rolling 3 s and 30 s windows
transport: RTP over UDP loopback to 127.0.0.1:51497, mtu 1200
phase: off: nothing measured, nothing sent
renderer: display-link mode on "Built-in Retina Display" (120 Hz nominal), drawable 2722x1530
preflight: ok decoder — VideoToolbox reports hardware acceleration
preflight: ok app-nap — LatencyCritical activity held for the run
preflight: ok radio — channel 36 at 80 MHz wide, 5170-5250 MHz, -73 dBm
preflight: complete

VideoToolbox
  submitted        10800
  decoded          10800
  errors/dropped   0 / 0
  backlog          peak 1 frames, 0 at exit, +0.00 frames/min
  decode           p50 1.11 ms p95 1.20 ms p99 1.32 ms max 5.37 ms

Metal
  display          119.97 Hz
  rendered         10754
  superseded       46
  empty ticks      39
  fresh ticks      99.6% (10754 of 10793 refreshes had a newer frame)
  drawable wait    n=10754   p50=0.00 ms p95=0.00 ms p99=0.00 ms max=0.00 ms
  encode cpu       n=10754   p50=0.03 ms p95=0.06 ms p99=0.07 ms max=0.61 ms

Transport (RTP over UDP loopback)
  access units     10800 sent, 10800 reconstructed, 0 verified, 0 mismatched
  packets          484371 (9 single NAL, 484362 FU-A), 44.8 per access unit
  wire             574.8 MB for 560.4 MB of access unit (2.6% overhead)
  losses           0 lost, 0 malformed, 0 dropped AUs, 0 duplicates, 0 reordered
  reordering       depth max 0, gap filled in 0.000 ms p50 / 0.000 ms p99 / 0.000 ms max over 0 gaps
  rfc3550 jitter   0.00 ms
  au delivery      n=10800 p50 8.34 ms p95 8.40 ms p99 8.43 ms max 10.06 ms
  au start         n=10800 p50 8.34 ms p95 8.36 ms p99 8.37 ms max 10.07 ms
  au late/min      >1.25T 0.0  >1.5T 0.0  >2T 0.0  >3T 0.0  >4T 0.0  >6T 0.0
  au bunching      0.0 clusters/min, catch-up 0.0 mean / 0 max units, stall gap p50 0 ms p95 0 ms
  service class    observed DSCP 0 (CS0/best effort) x484371
  packetization    p50 0.00 ms p95 0.00 ms p99 0.00 ms
  transit          p50 0.22 ms p95 0.25 ms p99 0.31 ms  (first byte out to last byte in)
  serialisation    p50 0.16 ms p95 0.20 ms p99 0.26 ms  (overlaps transit)
  arrival spread   p50 0.17 ms p95 0.19 ms p99 0.24 ms  (overlaps transit)
  reassembly       p50 0.00 ms p95 0.00 ms p99 0.00 ms

Pipeline
  presentation wait p50 7.18 ms p95 7.60 ms p99 7.67 ms
  phase alignment   off: nothing measured, nothing sent
  render            p50 0.03 ms p95 0.06 ms p99 0.07 ms
  frame age         p50 8.59 ms p95 8.98 ms p99 9.04 ms max 10.03 ms
  unattributed gap  p50 0.00 ms p99 0.00 ms
  cpu plane copies  0 (textures alias the decoder's IOSurfaces)
  resident memory   155.3 MB -> 167.3 MB, -39.16 MB/min over 358 samples

clock domain: local-mac

segment              count       p50       p95       p99       max  kind
capture                  0
preprocess wait          0
gpu preprocess           0
admission wait           0
encode                   0
packetize wait           0
packetization        10800   0.00 ms   0.00 ms   0.00 ms   0.01 ms  work
transit              10800   0.22 ms   0.25 ms   0.31 ms   3.75 ms  wire
reassembly           10800   0.00 ms   0.00 ms   0.00 ms   0.59 ms  work
decoder wait         10800   0.00 ms   0.00 ms   0.01 ms   0.03 ms  wait
decode               10800   1.11 ms   1.20 ms   1.32 ms   5.37 ms  work
presentation wait    10754   7.18 ms   7.60 ms   7.67 ms   8.29 ms  wait
render               10754   0.03 ms   0.06 ms   0.07 ms   0.61 ms  work
serialisation        10800   0.16 ms   0.20 ms   0.26 ms   1.45 ms  diag
arrival              10800   0.17 ms   0.19 ms   0.24 ms   0.40 ms  diag

frame age            10754   8.59 ms   8.98 ms   9.04 ms  10.03 ms  
local age            10754   8.59 ms   8.98 ms   9.04 ms  10.03 ms  
unattributed gap     10754   0.00 ms   0.00 ms   0.00 ms   0.01 ms  
present interval     10753   8.36 ms   8.39 ms   8.39 ms  30.28 ms  
source interval      10753   8.36 ms   8.36 ms   8.36 ms  33.42 ms  

presented 10754 frames in 89.66 s (119.9/s), started 10800, incomplete 46
events 118708 recorded, 0 dropped, 0 duplicate, 0 late, 0 clipped, 0 cross-domain
p99 backed by 107 tail observations from 10754 frames

Windows
        window    src/s   dec/s   rnd/s  tick/s     aup99   >2T/m  loss   agep99   super%  fresh%
      0-10        119.1   119.1   114.4   114.7      8.43     0.0     0     9.04      3.8    99.7
     10-20        120.0   120.0   120.0   120.0      8.41     0.0     0     8.98      0.0   100.0
     20-30        120.0   120.0   120.0   120.0      8.41     0.0     0     8.85      0.0   100.0
     30-40        120.0   120.0   120.0   120.0      8.41     0.0     0     8.78      0.0   100.0
     40-50        120.0   120.0   120.0   120.0      8.43     0.0     0     8.65      0.0   100.0
     50-60        120.1   120.0   120.1   120.1      8.42     0.0     0     8.52      0.0   100.0
     60-70        119.9   120.0   120.0   120.0      8.45     0.0     0     8.45      0.0   100.0
     70-80        120.1   120.1   120.0   120.0      8.41     0.0     0     8.32      0.0   100.0
     80-90        119.9   119.9   120.0   120.0      8.47     0.0     0     8.22      0.0   100.0
  worst callback drop between windows: 0.1% over 9 windows

Monitor  on
  radio       90 reads, 90 answered, 0 empty, 1.00/s achieved, worst read 5.12 ms
  link        -73 dBm, noise -94 dBm, 432 Mbps, channel 36 at 80 MHz
  short       29 windows of 3 s     aus   p50 ms   p99 ms    >2T/m   clus/m    gapp50
        0-3                               362     8.34     8.46      0.0      0.0       0.0
        3-6                               361     8.34     8.41      0.0      0.0       0.0
        6-9                               362     8.34     8.42      0.0      0.0       0.0
        9-12                              361     8.34     8.40      0.0      0.0       0.0
       12-15                              362     8.34     8.42      0.0      0.0       0.0
       15-18                              361     8.34     8.42      0.0      0.0       0.0
       18-21                              362     8.34     8.41      0.0      0.0       0.0
       21-24                              362     8.34     8.41      0.0      0.0       0.0
       24-27                              361     8.34     8.43      0.0      0.0       0.0
       27-30                              362     8.34     8.40      0.0      0.0       0.0
       30-33                              361     8.34     8.41      0.0      0.0       0.0
       33-36                              362     8.34     8.43      0.0      0.0       0.0
       36-39                              361     8.34     8.42      0.0      0.0       0.0
       39-42                              362     8.34     8.43      0.0      0.0       0.0
       42-45                              362     8.34     8.44      0.0      0.0       0.0
       45-48                              362     8.34     8.43      0.0      0.0       0.0
       48-51                              361     8.34     8.40      0.0      0.0       0.0
       51-54                              362     8.34     8.41      0.0      0.0       0.0
       54-57                              361     8.34     8.43      0.0      0.0       0.0
       57-60                              362     8.33     8.44      0.0      0.0       0.0
       60-63                              361     8.33     8.49      0.0      0.0       0.0
       63-66                              362     8.34     8.45      0.0      0.0       0.0
       66-69                              361     8.34     8.41      0.0      0.0       0.0
       69-72                              362     8.34     8.46      0.0      0.0       0.0
       72-75                              362     8.34     8.40      0.0      0.0       0.0
       75-78                              361     8.34     8.40      0.0      0.0       0.0
       78-81                              362     8.34     8.42      0.0      0.0       0.0
       81-84                              362     8.34     9.14      0.0      0.0       0.0
       84-87                              361     8.34     8.44      0.0      0.0       0.0
  long        2 windows of 30 s     aus   p50 ms   p99 ms    >2T/m   clus/m    gapp50
        0-30                             3616     8.34     8.42      0.0      0.0       0.0
       30-60                             3616     8.34     8.42      0.0      0.0       0.0
report written to /Users/adria/Documents/programacion/projects/lanplay/results/network/monitor-neutrality-loopback-90s-4x/on-r4.json

  [pass] pipeline run exercised            10800 access units submitted, 10800 frames decoded, 10800 decode timings, 10793 display callbacks, 10754 frames rendered, 484371 datagrams received, 10800 access unit intervals
  [pass] pipeline hardware decoder         VTDecompressionSession reports hardware acceleration
  [pass] pipeline input sustained          10800 access units submitted, 10800 expected at 120 fps
  [pass] pipeline decode throughput        10800 decoded of 10800 submitted, 0 errors, 0 dropped
  [pass] pipeline decoder backlog          peak 1 frames, 0 left at exit, growth +0.00 frames/min
  [pass] pipeline frames accounted         10800 decoded = 10754 rendered + 46 superseded + 0 held
  [pass] pipeline span accounted           10793 callbacks = 10754 rendered + 39 empty + 0 without a drawable
  [pass] pipeline decoder keeps up         decoded 120.0/s against 120.0/s deliverable on a 120.0 Hz display
  [pass] link     link holds cadence       access units arrive p50 8.34 ms p95 8.40 ms p99 8.43 ms max 10.06 ms over 10800 access units, against a 8.33 ms source period (2x allowed at p99)
  [pass] pipeline presentation tracks arrival present interval p99 8.39 ms against arrival p99 8.43 ms plus one 8.33 ms period
  [pass] pipeline no present stalls        worst present interval 30.28 ms against a 33.34 ms limit (4x the 8.34 ms present period); worst arrival gap 10.06 ms
  [pass] pipeline memory stable            -28.52 MB/min in steady state (318 samples after 10000.00 ms), -39.16 MB/min including warm-up, peak 226.7 MB
  [pass] pipeline instrumentation intact   0 dropped marks, 0 duplicate, 0 late
  [pass] pipeline drops explained          46 frames never presented, 46 superseded + 0 held explain them (0 unexplained)
  [pass] pipeline gap instrumented         10754 of 10754 presented frames have a measured gap, p99 0.00 ms
  [pass] pipeline zero copy path           structural: CVMetalTextureCache textures over VideoToolbox pixel buffers, no CPU plane access on the render path
  [pass] pipeline decode measured          p50 1.11 ms p95 1.20 ms p99 1.32 ms max 5.37 ms over 10800 frames
  [pass] pipeline access units intact      10800 sent from here, 10800 reconstructed, 0 verified byte-for-byte, 0 mismatched
  [pass] pipeline transport clean          0 lost, 0 malformed, 0 dropped AUs, 0 missing fragments, 0 send errors, 0 duplicates, 0 reordered
  [note] transport cost   484371 packets (9 single NAL, 484362 FU-A), 1.0 bytes on the wire per byte of access unit, RFC 3550 jitter 0.00 ms
gate: pipeline PASS, link PASS
