audio-e2e-receiver: producer scheduled as time constraint, period 5.000 ms computation 0.625 ms constraint 2.500 ms
producer scheduled as time constraint, period 5.000 ms computation 0.625 ms constraint 2.500 ms
receiver scheduled as time constraint, period 5.000 ms computation 0.625 ms constraint 2.500 ms
every deadline granted yes
rtp received 12003
rtp lost 0 of 12003 expected
rtp duplicate 0
rtp reordered 0
rtp late 5752
arrival delay ms p50 -401.9 p95 -100.3 p99 -18.3 max 63.1 min -430.0
frames played 6171
plc frames 5829
jitter occupancy ms p50 0.0 p95 25.0 p99 25.0 max 25.0
jitter underruns 5829
jitter overruns 16 dropping 80 frames
decode us p50 8 p99 18
render callbacks 11242
render underruns 0 over 0 frames
render overruns 0 over 0 frames
continuity expected 2899200 played 1481040 unbroken no
tone left 997.0 right 1997.0
continuity hole 1418160 samples over 12080 frame periods
worst window hole 272640 samples
tone channels distinct yes
tone resolution 2.00 hz over 24000 frames
rtp off grid 0
rtp oversize 0
rtp foreign ssrc 0
decode failures 0
conceal us p50 5 p99 35
producer interval us p50 5000 p99 5000 max 5000
render interval us p50 5333 p99 5346 max 5361
ring occupancy frames min 2160 p50 2288 max 2400 of 4096 primed to 496 after a 35.1 ms device start
ring frames refused 0 consumed 2877952
jitter target ms 10 ceiling ms 30 over 8 slots
frame ms 5
device Altavoces del MacBook Pro (named) at 48000 Hz 2 ch 32 bit float with a 256 frame io buffer
bind 0.0.0.0:5012 ssrc 1139574805
odd cycles 0
measurements dropped 0
span s 60.0 device span s 60.0
window 0 s 10.0 rtp/s 199 lost 0 plc 837 played 1163 jitter underruns 837 callbacks 1875 underruns 0 overruns 0 expected 480000 played 279120 hole 200880
window 1 s 10.0 rtp/s 201 lost 0 plc 877 played 1124 jitter underruns 877 callbacks 1876 underruns 0 overruns 0 expected 480240 played 269760 hole 210480
window 2 s 10.0 rtp/s 200 lost 0 plc 906 played 1094 jitter underruns 906 callbacks 1875 underruns 0 overruns 0 expected 480000 played 262560 hole 217440
window 3 s 10.0 rtp/s 198 lost 0 plc 1047 played 953 jitter underruns 1047 callbacks 1875 underruns 0 overruns 0 expected 480000 played 228720 hole 251280
window 4 s 10.0 rtp/s 202 lost 0 plc 1136 played 864 jitter underruns 1136 callbacks 1875 underruns 0 overruns 0 expected 480000 played 207360 hole 272640
window 5 s 9.9 rtp/s 192 lost 0 plc 1024 played 966 jitter underruns 1024 callbacks 1866 underruns 0 overruns 0 expected 477600 played 231840 hole 245760
