audio-e2e-receiver: producer scheduled as time constraint, period 5.000 ms computation 0.625 ms constraint 2.500 ms
producer scheduled as time constraint, period 5.000 ms computation 0.625 ms constraint 2.500 ms
receiver scheduled as time constraint, period 5.000 ms computation 0.625 ms constraint 2.500 ms
every deadline granted yes
rtp received 120015
rtp lost 0 of 32768 expected
rtp duplicate 0
rtp reordered 0
rtp late 47754
arrival delay ms p50 -67.8 p95 -18.7 p99 -8.3 max 301.5 min -82.8
frames played 72246
plc frames 47754
jitter occupancy ms p50 0.0 p95 25.0 p99 25.0 max 25.0
jitter underruns 47754
jitter overruns 3 dropping 15 frames
decode us p50 9 p99 19
render callbacks 112493
render underruns 0 over 0 frames
render overruns 0 over 0 frames
continuity expected 28803600 played 17339040 unbroken no
tone left 997.0 right 1997.0
continuity hole 11464560 samples over 120015 frame periods
worst window hole 341280 samples
tone channels distinct yes
tone resolution 2.00 hz over 24000 frames
rtp off grid 0
rtp oversize 0
rtp foreign ssrc 0
decode failures 0
conceal us p50 6 p99 37
producer interval us p50 5000 p99 5000 max 5002
render interval us p50 5333 p99 5345 max 5378
ring occupancy frames min 1808 p50 2016 max 2240 of 4096 primed to 496 after a 31.6 ms device start
ring frames refused 0 consumed 28798208
jitter target ms 10 ceiling ms 30 over 8 slots
frame ms 5
device Altavoces del MacBook Pro (named) at 48000 Hz 2 ch 32 bit float with a 256 frame io buffer
bind 0.0.0.0:5012 ssrc 4176740428
odd cycles 0
measurements dropped 0
span s 600.0 device span s 600.0
window 0 s 10.0 rtp/s 200 lost 0 plc 705 played 1295 jitter underruns 705 callbacks 1876 underruns 0 overruns 0 expected 480000 played 310800 hole 169200
window 1 s 10.0 rtp/s 199 lost 0 plc 711 played 1290 jitter underruns 711 callbacks 1875 underruns 0 overruns 0 expected 480240 played 309600 hole 170640
window 2 s 10.0 rtp/s 201 lost 0 plc 735 played 1265 jitter underruns 735 callbacks 1876 underruns 0 overruns 0 expected 480000 played 303600 hole 176400
window 3 s 10.0 rtp/s 200 lost 0 plc 721 played 1280 jitter underruns 721 callbacks 1875 underruns 0 overruns 0 expected 480240 played 307200 hole 173040
window 4 s 10.0 rtp/s 199 lost 0 plc 1070 played 931 jitter underruns 1070 callbacks 1876 underruns 0 overruns 0 expected 480240 played 223440 hole 256800
window 5 s 10.0 rtp/s 195 lost 0 plc 916 played 1084 jitter underruns 916 callbacks 1875 underruns 0 overruns 0 expected 480000 played 260160 hole 219840
window 6 s 10.0 rtp/s 206 lost 0 plc 889 played 1112 jitter underruns 889 callbacks 1876 underruns 0 overruns 0 expected 480240 played 266880 hole 213360
window 7 s 10.0 rtp/s 199 lost 0 plc 676 played 1324 jitter underruns 676 callbacks 1876 underruns 0 overruns 0 expected 480000 played 317760 hole 162240
window 8 s 10.0 rtp/s 200 lost 0 plc 762 played 1239 jitter underruns 762 callbacks 1876 underruns 0 overruns 0 expected 480240 played 297360 hole 182880
window 9 s 10.0 rtp/s 201 lost 0 plc 732 played 1269 jitter underruns 732 callbacks 1876 underruns 0 overruns 0 expected 480240 played 304560 hole 175680
window 10 s 10.0 rtp/s 200 lost 0 plc 701 played 1300 jitter underruns 701 callbacks 1875 underruns 0 overruns 0 expected 480240 played 312000 hole 168240
window 11 s 10.0 rtp/s 199 lost 0 plc 695 played 1306 jitter underruns 695 callbacks 1876 underruns 0 overruns 0 expected 480240 played 313440 hole 166800
window 12 s 10.0 rtp/s 201 lost 0 plc 649 played 1352 jitter underruns 649 callbacks 1876 underruns 0 overruns 0 expected 480240 played 324480 hole 155760
window 13 s 10.0 rtp/s 200 lost 0 plc 696 played 1305 jitter underruns 696 callbacks 1876 underruns 0 overruns 0 expected 480240 played 313200 hole 167040
window 14 s 10.0 rtp/s 199 lost 0 plc 647 played 1354 jitter underruns 647 callbacks 1876 underruns 0 overruns 0 expected 480240 played 324960 hole 155280
window 15 s 10.0 rtp/s 201 lost 0 plc 743 played 1258 jitter underruns 743 callbacks 1876 underruns 0 overruns 0 expected 480240 played 301920 hole 178320
window 16 s 10.0 rtp/s 200 lost 0 plc 669 played 1331 jitter underruns 669 callbacks 1875 underruns 0 overruns 0 expected 480000 played 319440 hole 160560
window 17 s 10.0 rtp/s 199 lost 0 plc 674 played 1327 jitter underruns 674 callbacks 1876 underruns 0 overruns 0 expected 480240 played 318480 hole 161760
window 18 s 10.0 rtp/s 201 lost 0 plc 634 played 1366 jitter underruns 634 callbacks 1875 underruns 0 overruns 0 expected 480000 played 327840 hole 152160
window 19 s 10.0 rtp/s 200 lost 0 plc 649 played 1352 jitter underruns 649 callbacks 1876 underruns 0 overruns 0 expected 480240 played 324480 hole 155760
window 20 s 10.0 rtp/s 200 lost 0 plc 568 played 1433 jitter underruns 568 callbacks 1876 underruns 0 overruns 0 expected 480240 played 343920 hole 136320
window 21 s 10.0 rtp/s 200 lost 0 plc 535 played 1466 jitter underruns 535 callbacks 1876 underruns 0 overruns 0 expected 480240 played 351840 hole 128400
window 22 s 10.0 rtp/s 200 lost 0 plc 590 played 1411 jitter underruns 590 callbacks 1876 underruns 0 overruns 0 expected 480240 played 338640 hole 141600
window 23 s 10.0 rtp/s 200 lost 0 plc 583 played 1417 jitter underruns 583 callbacks 1875 underruns 0 overruns 0 expected 480000 played 340080 hole 139920
window 24 s 10.0 rtp/s 200 lost 0 plc 588 played 1413 jitter underruns 588 callbacks 1876 underruns 0 overruns 0 expected 480240 played 339120 hole 141120
window 25 s 10.0 rtp/s 200 lost 0 plc 560 played 1440 jitter underruns 560 callbacks 1875 underruns 0 overruns 0 expected 480000 played 345600 hole 134400
window 26 s 10.0 rtp/s 200 lost 0 plc 552 played 1449 jitter underruns 552 callbacks 1876 underruns 0 overruns 0 expected 480240 played 347760 hole 132480
window 27 s 10.0 rtp/s 199 lost 0 plc 588 played 1412 jitter underruns 588 callbacks 1875 underruns 0 overruns 0 expected 480000 played 338880 hole 141120
window 28 s 10.0 rtp/s 201 lost 0 plc 608 played 1393 jitter underruns 608 callbacks 1876 underruns 0 overruns 0 expected 480240 played 334320 hole 145920
window 29 s 10.0 rtp/s 200 lost 0 plc 545 played 1455 jitter underruns 545 callbacks 1875 underruns 0 overruns 0 expected 480000 played 349200 hole 130800
window 30 s 10.0 rtp/s 200 lost 0 plc 576 played 1425 jitter underruns 576 callbacks 1876 underruns 0 overruns 0 expected 480240 played 342000 hole 138240
window 31 s 10.0 rtp/s 200 lost 0 plc 538 played 1463 jitter underruns 538 callbacks 1875 underruns 0 overruns 0 expected 480240 played 351120 hole 129120
window 32 s 10.0 rtp/s 200 lost 0 plc 574 played 1426 jitter underruns 574 callbacks 1876 underruns 0 overruns 0 expected 480000 played 342240 hole 137760
window 33 s 10.0 rtp/s 199 lost 0 plc 560 played 1440 jitter underruns 560 callbacks 1875 underruns 0 overruns 0 expected 480000 played 345600 hole 134400
window 34 s 10.0 rtp/s 201 lost 0 plc 537 played 1463 jitter underruns 537 callbacks 1875 underruns 0 overruns 0 expected 480000 played 351120 hole 128880
window 35 s 10.0 rtp/s 200 lost 0 plc 555 played 1446 jitter underruns 555 callbacks 1876 underruns 0 overruns 0 expected 480240 played 347040 hole 133200
window 36 s 10.0 rtp/s 199 lost 0 plc 521 played 1480 jitter underruns 521 callbacks 1876 underruns 0 overruns 0 expected 480240 played 355200 hole 125040
window 37 s 10.0 rtp/s 201 lost 0 plc 563 played 1437 jitter underruns 563 callbacks 1875 underruns 0 overruns 0 expected 480000 played 344880 hole 135120
window 38 s 10.0 rtp/s 200 lost 0 plc 523 played 1477 jitter underruns 523 callbacks 1875 underruns 0 overruns 0 expected 480000 played 354480 hole 125520
window 39 s 10.0 rtp/s 200 lost 0 plc 587 played 1414 jitter underruns 587 callbacks 1876 underruns 0 overruns 0 expected 480240 played 339360 hole 140880
window 40 s 10.0 rtp/s 199 lost 0 plc 527 played 1475 jitter underruns 527 callbacks 1876 underruns 0 overruns 0 expected 480480 played 354000 hole 126480
window 41 s 10.0 rtp/s 201 lost 0 plc 496 played 1504 jitter underruns 496 callbacks 1875 underruns 0 overruns 0 expected 480000 played 360960 hole 119040
window 42 s 10.0 rtp/s 200 lost 0 plc 444 played 1557 jitter underruns 444 callbacks 1876 underruns 0 overruns 0 expected 480240 played 373680 hole 106560
window 43 s 10.0 rtp/s 199 lost 0 plc 453 played 1548 jitter underruns 453 callbacks 1877 underruns 0 overruns 0 expected 480240 played 371520 hole 108720
window 44 s 10.0 rtp/s 201 lost 0 plc 1416 played 585 jitter underruns 1416 callbacks 1875 underruns 0 overruns 0 expected 481440 played 140400 hole 341040
window 45 s 10.0 rtp/s 200 lost 0 plc 1422 played 578 jitter underruns 1422 callbacks 1876 underruns 0 overruns 0 expected 480000 played 138720 hole 341280
window 46 s 10.0 rtp/s 200 lost 0 plc 1410 played 591 jitter underruns 1410 callbacks 1876 underruns 0 overruns 0 expected 480240 played 141840 hole 338400
window 47 s 10.0 rtp/s 200 lost 0 plc 1355 played 646 jitter underruns 1355 callbacks 1875 underruns 0 overruns 0 expected 480240 played 155040 hole 325200
window 48 s 10.0 rtp/s 200 lost 0 plc 1379 played 621 jitter underruns 1379 callbacks 1875 underruns 0 overruns 0 expected 480000 played 149040 hole 330960
window 49 s 10.0 rtp/s 199 lost 0 plc 1330 played 671 jitter underruns 1330 callbacks 1876 underruns 0 overruns 0 expected 480240 played 161040 hole 319200
window 50 s 10.0 rtp/s 201 lost 0 plc 1303 played 697 jitter underruns 1303 callbacks 1875 underruns 0 overruns 0 expected 480000 played 167280 hole 312720
window 51 s 10.0 rtp/s 200 lost 0 plc 1301 played 699 jitter underruns 1301 callbacks 1876 underruns 0 overruns 0 expected 480000 played 167760 hole 312240
window 52 s 10.0 rtp/s 199 lost 0 plc 1317 played 684 jitter underruns 1317 callbacks 1875 underruns 0 overruns 0 expected 480240 played 164160 hole 316080
window 53 s 10.0 rtp/s 201 lost 0 plc 1214 played 786 jitter underruns 1214 callbacks 1876 underruns 0 overruns 0 expected 480000 played 188640 hole 291360
window 54 s 10.0 rtp/s 200 lost 0 plc 1141 played 860 jitter underruns 1141 callbacks 1875 underruns 0 overruns 0 expected 480240 played 206400 hole 273840
window 55 s 10.0 rtp/s 199 lost 0 plc 1108 played 893 jitter underruns 1108 callbacks 1876 underruns 0 overruns 0 expected 480240 played 214320 hole 265920
window 56 s 10.0 rtp/s 201 lost 0 plc 1093 played 907 jitter underruns 1093 callbacks 1875 underruns 0 overruns 0 expected 480000 played 217680 hole 262320
window 57 s 10.0 rtp/s 200 lost 0 plc 1043 played 957 jitter underruns 1043 callbacks 1875 underruns 0 overruns 0 expected 480000 played 229680 hole 250320
window 58 s 10.0 rtp/s 200 lost 0 plc 1090 played 911 jitter underruns 1090 callbacks 1876 underruns 0 overruns 0 expected 480240 played 218640 hole 261600
window 59 s 9.8 rtp/s 200 lost 0 plc 987 played 967 jitter underruns 987 callbacks 1832 underruns 0 overruns 0 expected 468960 played 232080 hole 236880
