audio-e2e-receiver: producer scheduled as time constraint, period 5.000 ms computation 0.625 ms constraint 2.500 ms
producer scheduled as time constraint, period 5.000 ms computation 0.625 ms constraint 2.500 ms
receiver scheduled as time constraint, period 5.000 ms computation 0.625 ms constraint 2.500 ms
every deadline granted yes
rtp received 12005
rtp lost 0 of 12005 expected
rtp duplicate 0
rtp reordered 0
rtp late 202
arrival delay ms p50 -11.7 p95 -8.0 p99 7.6 max 23.0 min -17.4
frames played 11798
plc frames 202
jitter occupancy ms p50 10.0 p95 15.0 p99 15.0 max 15.0
jitter underruns 202
jitter overruns 0 dropping 0 frames
decode us p50 8 p99 18
render callbacks 11242
render underruns 0 over 0 frames
render overruns 0 over 0 frames
continuity expected 2880000 played 2831520 unbroken no
tone left 997.0 right 1997.0
continuity hole 48480 samples over 12000 frame periods
worst window hole 11760 samples
tone channels distinct yes
tone resolution 2.00 hz over 24000 frames
rtp off grid 0
rtp oversize 0
rtp foreign ssrc 0
decode failures 0
conceal us p50 6 p99 37
producer interval us p50 5000 p99 5000 max 5003
render interval us p50 5333 p99 5345 max 5363
ring occupancy frames min 2128 p50 2240 max 2368 of 4096 primed to 496 after a 34.3 ms device start
ring frames refused 0 consumed 2877952
jitter target ms 10 ceiling ms 30 over 8 slots
frame ms 5
device Altavoces del MacBook Pro (named) at 48000 Hz 2 ch 32 bit float with a 256 frame io buffer
bind 0.0.0.0:5012 ssrc 4294710137
odd cycles 0
measurements dropped 0
span s 60.0 device span s 60.0
window 0 s 10.0 rtp/s 200 lost 0 plc 33 played 1968 jitter underruns 33 callbacks 1876 underruns 0 overruns 0 expected 480240 played 472320 hole 7920
window 1 s 10.0 rtp/s 200 lost 0 plc 27 played 1974 jitter underruns 27 callbacks 1876 underruns 0 overruns 0 expected 480240 played 473760 hole 6480
window 2 s 10.0 rtp/s 200 lost 0 plc 33 played 1968 jitter underruns 33 callbacks 1876 underruns 0 overruns 0 expected 480240 played 472320 hole 7920
window 3 s 10.0 rtp/s 200 lost 0 plc 30 played 1971 jitter underruns 30 callbacks 1876 underruns 0 overruns 0 expected 480240 played 473040 hole 7200
window 4 s 10.0 rtp/s 200 lost 0 plc 49 played 1952 jitter underruns 49 callbacks 1876 underruns 0 overruns 0 expected 480240 played 468480 hole 11760
window 5 s 9.9 rtp/s 200 lost 0 plc 30 played 1956 jitter underruns 30 callbacks 1862 underruns 0 overruns 0 expected 476640 played 469440 hole 7200
