link      en0 192.168.1.108, autoselect
route     192.168.1.108 -> 192.168.1.70 reachable
clocks    host GPU locked to 2000-2700 MHz core, 9001 MHz memory
source    monitor 1920x1080@120
receiver  listening on 192.168.1.108:5004, negotiating on 5005
sender    1080p120 NV12 -> NVENC 40 Mbps -> RTP burst for 45 s

device NVIDIA GeForce RTX 4060 Ti (10de:2803, 7949 MB VRAM, feature level 11.1) driving \\.\DISPLAY18 at 1920x1080
H.264 input formats: [NV_ENC_BUFFER_FORMAT_NV12, NV_ENC_BUFFER_FORMAT_YV12, NV_ENC_BUFFER_FORMAT_IYUV, NV_ENC_BUFFER_FORMAT_YUV444, NV_ENC_BUFFER_FORMAT_ARGB, NV_ENC_BUFFER_FORMAT_ABGR, NV_ENC_BUFFER_FORMAT_AYUV, NV_ENC_BUFFER_FORMAT_ARGB10, NV_ENC_BUFFER_FORMAT_ABGR10]
sequence header 34 bytes: SPS 22 bytes, PPS 4 bytes
control listening on 0.0.0.0:5005
control session with 192.168.1.108:60604
config generation 1 acknowledged
service class BestEffort: nothing requested
config 1920x1080 @ 120 fps, 40 Mbps, P1 Ll CBR, Nv12 input, Dda source, IDR interval 120, async 4 slots, Uncapped
frames 5400 in 45.112 s = 119.70 frames/s, pool exhaustions 0
phase requests: 0 relayed to 127.0.0.1:5010, 0.00 ms asked for, 0 not sent
capture acquire    p50 8.130 ms p95 8.705 ms p99 9.553 ms max 16.213 ms
DDA AcquireNextFrame S_OK 5400 = 119.70/s
DDA desktop updates (LastPresentTime != 0) 5400 = 119.70/s
DDA pointer-only (LastPresentTime == 0, LastMouseUpdateTime != 0) 0 = 0.00/s
DDA other updates (both timestamps zero) 0 = 0.00/s
DDA AccumulatedFrames p50 1 p95 1 p99 1 max 18
capture newer frames accumulated while busy: 31
admission wait     p50 0.000 ms p95 0.000 ms p99 0.000 ms max 0.001 ms
map input          p50 0.089 ms p95 0.133 ms p99 0.150 ms max 0.693 ms
submit CPU         p50 0.063 ms p95 0.089 ms p99 0.096 ms max 0.269 ms
HW completion      p50 1.837 ms p95 1.891 ms p99 1.986 ms max 2.201 ms
lock after event   p50 0.003 ms p95 0.004 ms p99 0.006 ms max 0.067 ms
bitstream copy     p50 0.006 ms p95 0.013 ms p99 0.021 ms max 0.057 ms
unlock             p50 6.324 ms p95 6.893 ms p99 7.707 ms max 14.357 ms
network send       p50 0.057 ms p95 0.087 ms p99 0.145 ms max 0.180 ms
RTP/UDP sent 53302 packets, 60517037 bytes, 0 errors
RGB->NV12 CPU      p50 0.009 ms p95 0.055 ms p99 0.096 ms max 0.159 ms
RGB->NV12 GPU      p50 0.029 ms p95 0.293 ms p99 0.297 ms max 2.405 ms
encoder residency  p50 1.846 ms p95 1.902 ms p99 1.995 ms max 2.211 ms
slot residency     p50 16.543 ms p95 17.009 ms p99 17.923 ms max 30.758 ms
P completion       p50 1.837 ms p95 1.891 ms p99 1.984 ms max 2.201 ms
IDR completion     p50 1.793 ms p95 1.822 ms p99 1.839 ms max 2.009 ms
P frame            n=5355 p50 10281 B p95 12176 B p99 28585 B max 29616 B
IDR                n=45 p50 28444 B p95 31645 B p99 31743 B max 31919 B
output 10.45 Mbit/s, 58945517 bytes over 5400 frames
resident memory start 57.2 MB end 67.5 MB peak 67.5 MB delta +10.3 MB

windows of 10 s  (encode Hz, completion and capture p99 in ms, wire Mbit/s)
      0-10       1199 fr   119.9 Hz  enc p99   1.977  cap p99   9.305   10.61 Mbit/s  late 0
     10-20       1196 fr   119.7 Hz  enc p99   1.980  cap p99   9.645   10.32 Mbit/s  late 0
     20-30       1198 fr   119.9 Hz  enc p99   1.994  cap p99   9.252   10.41 Mbit/s  late 0
     30-40       1196 fr   119.7 Hz  enc p99   1.970  cap p99  10.645   10.55 Mbit/s  late 0
     40-50        611 fr   119.8 Hz  enc p99   1.986  cap p99   9.272   10.38 Mbit/s  late 0

  [pass] frames completed                 5400 of 5400
  [pass] completion within a period       p99 1.986 ms against 8.333 ms
  [pass] bitstream produced               58945517 bytes
  [pass] frames in order                  true
  [pass] paced rate held                  119.70 of 120 fps, 0 pool exhaustions
  [pass] socket accepted every datagram   0 send errors
gate: PASS

fixture /Users/adria/Documents/programacion/projects/lanplay/fixtures/motion-1920x1080@120-10s-50M.h264 (1200 access units, 10 IDR)
feeding 120 fps for 45 s (5400 access units), mode display link
control: connecting to 192.168.1.70:5005
codec config generation 1 from the host: 1920x1080, SPS 22 B, PPS 4 B
transport: RTP over UDP, listening on 192.168.1.108:5004
control: acknowledged generation 1
phase: observing only, sending nothing; measuring against an aim of at least 2.00 ms
renderer: display-link mode on "Built-in Retina Display" (120 Hz nominal), drawable 2722x1530
preflight: ok display — window is on "Built-in Retina Display", drawable 2722x1530
preflight: ok refresh — display "Built-in Retina Display" offers 120 Hz, the run needs 120 Hz
preflight: ok occlusion — window is unoccluded
preflight: ok space — window is on the active Space
preflight: ok miniaturised — window is not miniaturised
preflight: ok decoder — VideoToolbox reports hardware acceleration
preflight: ok app-nap — LatencyCritical activity held for the run
preflight: ok radio — channel 36 at 80 MHz wide, 5170-5250 MHz, -69 dBm
preflight: complete

VideoToolbox
  submitted        5400
  decoded          5400
  errors/dropped   0 / 0
  backlog          peak 4 frames, 0 at exit, +0.00 frames/min
  decode           p50 1.02 ms p95 1.18 ms p99 2.18 ms max 4.95 ms

Metal
  display          119.97 Hz
  rendered         4912
  superseded       488
  empty ticks      483
  fresh ticks      91.0% (4912 of 5395 refreshes had a newer frame)
  drawable wait    n=4912    p50=0.00 ms p95=0.00 ms p99=0.00 ms max=0.00 ms
  encode cpu       n=4912    p50=0.04 ms p95=0.06 ms p99=0.09 ms max=2.98 ms

Transport (RTP over UDP loopback)
  access units     0 sent, 5400 reconstructed, 0 verified, 0 mismatched
  packets          0 (0 single NAL, 0 FU-A), 0.0 per access unit
  wire             60.5 MB for 0.0 MB of access unit (-100.0% overhead)
  losses           0 lost, 0 malformed, 0 dropped AUs, 0 duplicates, 1596 reordered
  reordering       depth max 14, gap filled in 0.002 ms p50 / 0.075 ms p99 / 6.330 ms max over 3421 gaps
  rfc3550 jitter   0.35 ms
  au delivery      n=5400 p50 8.06 ms p95 10.35 ms p99 16.18 ms max 113.77 ms
  au start         n=5400 p50 8.05 ms p95 10.58 ms p99 16.40 ms max 113.84 ms
  au late/min      >1.25T 325.9  >1.5T 115.7  >2T 67.8  >3T 65.2  >4T 57.2  >6T 4.0
  au bunching      67.8 clusters/min, catch-up 5.5 mean / 15 max units, stall gap p50 225 ms p95 3917 ms
  service class    observed DSCP 0 (CS0/best effort) x53302
  packetization    p50 0.00 ms p95 0.00 ms p99 0.00 ms
  transit          p50 0.00 ms p95 0.00 ms p99 0.00 ms  (first byte out to last byte in)
  serialisation    p50 0.00 ms p95 0.00 ms p99 0.00 ms  (overlaps transit)
  arrival spread   p50 0.02 ms p95 0.40 ms p99 3.47 ms  (overlaps transit)
  reassembly       p50 0.00 ms p95 0.00 ms p99 0.00 ms

Pipeline
  presentation wait p50 1.57 ms p95 2.80 ms p99 4.29 ms
  phase alignment   observing, sent nothing: phase 0.98 ms -> 1.98 ms over 19% of the period, margin 2.28 ms from a 0.76 ms spread (floor 2.00 ms), 49 shifts withheld, 2 holds, 15 declined, 51 traced, last asked 8.18 ms (last refusal: the batch held no single phase (clustering 0.76))
  render            p50 0.04 ms p95 0.07 ms p99 0.09 ms
  frame age         p50 0.00 ms p95 0.00 ms p99 0.00 ms max 0.00 ms
  unattributed gap  p50 0.02 ms p99 3.41 ms
  cpu plane copies  0 (textures alias the decoder's IOSurfaces)
  resident memory   155.3 MB -> 161.3 MB, -104.37 MB/min over 180 samples

clock domain: local-mac

segment              count       p50       p95       p99       max  kind
capture                  0
preprocess wait          0
gpu preprocess           0
admission wait           0
encode                   0
packetize wait           0
packetization            0
transit                  0
reassembly            5400   0.00 ms   0.00 ms   0.00 ms   0.90 ms  work
decoder wait          5400   0.00 ms   0.00 ms   0.01 ms   0.03 ms  wait
decode                5400   1.02 ms   1.18 ms   2.18 ms   4.95 ms  work
presentation wait     4912   1.57 ms   2.80 ms   4.29 ms   8.36 ms  wait
render                4912   0.04 ms   0.07 ms   0.09 ms   2.98 ms  work
serialisation            0
arrival               5400   0.02 ms   0.40 ms   3.47 ms   7.47 ms  diag

frame age                0
local age             4912   2.74 ms   4.11 ms   5.96 ms  14.88 ms  
unattributed gap      4912   0.02 ms   0.27 ms   3.41 ms   7.47 ms  
present interval      4911   8.36 ms  16.71 ms  16.91 ms  75.50 ms  
source interval       4911   8.09 ms  15.93 ms  20.19 ms  81.79 ms  

presented 4912 frames in 44.77 s (109.7/s), started 5400, incomplete 488
events 36824 recorded, 0 dropped, 0 duplicate, 0 late, 0 clipped, 0 cross-domain
p99 backed by 49 tail observations from 4912 frames

Windows
        window    src/s   dec/s   rnd/s  tick/s     aup99   >2T/m  loss   agep99   super%  fresh%
      0-10        100.6   100.6    86.4    97.1     16.15    66.2     0     8.78     14.1    88.9
     10-20        119.7   119.7   109.4   119.9     17.33    72.0     0     5.70      8.5    91.2
     20-30        119.8   119.7   111.0   120.0     15.84    66.0     0     5.70      7.3    92.5
  worst callback drop between windows: 0.0% over 3 windows
report written to /tmp/phase-lottery/20260814-230336/1.json

  [pass] pipeline run exercised            5400 access units submitted, 5400 frames decoded, 5400 decode timings, 5369 display callbacks, 4912 frames rendered, 53302 datagrams received, 5400 access unit intervals
  [pass] pipeline hardware decoder         VTDecompressionSession reports hardware acceleration
  [pass] link     input sustained          5400 access units submitted, 5400 expected at 120 fps
  [pass] pipeline decode throughput        5400 decoded of 5400 submitted, 0 errors, 0 dropped
  [pass] pipeline decoder backlog          peak 4 frames, 0 left at exit, growth +0.00 frames/min
  [pass] pipeline frames accounted         5400 decoded = 4912 rendered + 488 superseded + 0 held
  [pass] pipeline span accounted           5369 callbacks = 4912 rendered + 457 empty + 0 without a drawable
  [pass] pipeline decoder keeps up         decoded 120.0/s against 120.0/s deliverable on a 120.0 Hz display
  [pass] link     link holds cadence       access units arrive p50 8.06 ms p95 10.35 ms p99 16.18 ms max 113.77 ms over 5400 access units, against a 8.33 ms source period (2x allowed at p99)
  [pass] pipeline presentation tracks arrival present interval p99 16.91 ms against arrival p99 16.18 ms plus one 8.33 ms period
  [pass] pipeline no present stalls        worst present interval 75.50 ms against a 33.34 ms limit (4x the 8.34 ms present period); worst arrival gap 113.77 ms - the stall arrived with the frames, not from the presenter
  [pass] pipeline memory stable            -149.73 MB/min in steady state (140 samples after 10000.00 ms), -104.37 MB/min including warm-up, peak 220.7 MB
  [pass] pipeline instrumentation intact   0 dropped marks, 0 duplicate, 0 late
  [pass] pipeline drops explained          488 frames never presented, 488 superseded + 0 held explain them (0 unexplained)
  [pass] pipeline gap instrumented         4912 of 4912 presented frames have a measured gap, p99 3.41 ms
  [pass] pipeline zero copy path           structural: CVMetalTextureCache textures over VideoToolbox pixel buffers, no CPU plane access on the render path
  [pass] pipeline decode measured          p50 1.02 ms p95 1.18 ms p99 2.18 ms max 4.95 ms over 5400 frames
  [pass] link     access units intact      5400 expected from the remote sender, 5400 reconstructed, 0 verified byte-for-byte, 0 mismatched
  [pass] link     transport clean          0 lost, 0 malformed, 0 dropped AUs, 0 missing fragments, 0 send errors, 0 duplicates, 1596 reordered
  [note] transport cost   0 packets (0 single NAL, 0 FU-A), 0.0 bytes on the wire per byte of access unit, RFC 3550 jitter 0.35 ms
gate: pipeline PASS, link PASS

host gate   PASS
client gate PASS
report      /tmp/phase-lottery/20260814-230336/1.json
