link      en0 192.168.1.108, autoselect
route     192.168.1.108 -> 192.168.1.70 reachable
clocks    host GPU locked to 2000-2700 MHz core, 9001 MHz memory
source    monitor 1920x1080@120
receiver  listening on 192.168.1.108:5004, negotiating on 5005
sender    1080p120 NV12 -> NVENC 40 Mbps -> RTP burst for 45 s

device NVIDIA GeForce RTX 4060 Ti (10de:2803, 7949 MB VRAM, feature level 11.1) driving \\.\DISPLAY18 at 1920x1080
H.264 input formats: [NV_ENC_BUFFER_FORMAT_NV12, NV_ENC_BUFFER_FORMAT_YV12, NV_ENC_BUFFER_FORMAT_IYUV, NV_ENC_BUFFER_FORMAT_YUV444, NV_ENC_BUFFER_FORMAT_ARGB, NV_ENC_BUFFER_FORMAT_ABGR, NV_ENC_BUFFER_FORMAT_AYUV, NV_ENC_BUFFER_FORMAT_ARGB10, NV_ENC_BUFFER_FORMAT_ABGR10]
sequence header 34 bytes: SPS 22 bytes, PPS 4 bytes
control listening on 0.0.0.0:5005
control session with 192.168.1.108:60754
config generation 1 acknowledged
service class BestEffort: nothing requested
config 1920x1080 @ 120 fps, 40 Mbps, P1 Ll CBR, Nv12 input, Dda source, IDR interval 120, async 4 slots, Uncapped
frames 5400 in 45.046 s = 119.88 frames/s, pool exhaustions 0
phase requests: 0 relayed to 127.0.0.1:5010, 0.00 ms asked for, 0 not sent
capture acquire    p50 8.132 ms p95 8.691 ms p99 9.427 ms max 15.716 ms
DDA AcquireNextFrame S_OK 5400 = 119.88/s
DDA desktop updates (LastPresentTime != 0) 5400 = 119.88/s
DDA pointer-only (LastPresentTime == 0, LastMouseUpdateTime != 0) 0 = 0.00/s
DDA other updates (both timestamps zero) 0 = 0.00/s
DDA AccumulatedFrames p50 1 p95 1 p99 1 max 25
capture newer frames accumulated while busy: 31
admission wait     p50 0.000 ms p95 0.000 ms p99 0.000 ms max 0.001 ms
map input          p50 0.088 ms p95 0.134 ms p99 0.151 ms max 0.759 ms
submit CPU         p50 0.068 ms p95 0.092 ms p99 0.096 ms max 0.179 ms
HW completion      p50 1.835 ms p95 1.894 ms p99 1.992 ms max 2.193 ms
lock after event   p50 0.003 ms p95 0.004 ms p99 0.006 ms max 0.010 ms
bitstream copy     p50 0.006 ms p95 0.012 ms p99 0.021 ms max 0.035 ms
unlock             p50 6.319 ms p95 6.883 ms p99 7.573 ms max 13.939 ms
network send       p50 0.056 ms p95 0.085 ms p99 0.145 ms max 0.184 ms
RTP/UDP sent 53066 packets, 60224792 bytes, 0 errors
RGB->NV12 CPU      p50 0.009 ms p95 0.054 ms p99 0.088 ms max 0.153 ms
RGB->NV12 GPU      p50 0.034 ms p95 0.292 ms p99 0.297 ms max 2.317 ms
encoder residency  p50 1.843 ms p95 1.903 ms p99 2.004 ms max 2.201 ms
slot residency     p50 16.532 ms p95 17.000 ms p99 17.831 ms max 25.634 ms
P completion       p50 1.835 ms p95 1.894 ms p99 1.991 ms max 2.193 ms
IDR completion     p50 1.786 ms p95 1.828 ms p99 1.929 ms max 2.047 ms
P frame            n=5355 p50 10243 B p95 12130 B p99 28493 B max 30241 B
IDR                n=45 p50 28094 B p95 31519 B p99 31590 B max 31645 B
output 10.42 Mbit/s, 58660352 bytes over 5400 frames
resident memory start 57.2 MB end 67.3 MB peak 67.3 MB delta +10.1 MB

windows of 10 s  (encode Hz, completion and capture p99 in ms, wire Mbit/s)
      0-10       1198 fr   119.9 Hz  enc p99   1.988  cap p99   9.467   10.44 Mbit/s  late 0
     10-20       1198 fr   119.9 Hz  enc p99   2.020  cap p99   9.645   10.44 Mbit/s  late 0
     20-30       1200 fr   120.1 Hz  enc p99   1.966  cap p99   9.159   10.37 Mbit/s  late 0
     30-40       1199 fr   120.0 Hz  enc p99   1.973  cap p99   9.335   10.45 Mbit/s  late 0
     40-50        605 fr   120.0 Hz  enc p99   2.009  cap p99   9.204   10.44 Mbit/s  late 0

  [pass] frames completed                 5400 of 5400
  [pass] completion within a period       p99 1.992 ms against 8.333 ms
  [pass] bitstream produced               58660352 bytes
  [pass] frames in order                  true
  [pass] paced rate held                  119.88 of 120 fps, 0 pool exhaustions
  [pass] socket accepted every datagram   0 send errors
gate: PASS

fixture /Users/adria/Documents/programacion/projects/lanplay/fixtures/motion-1920x1080@120-10s-50M.h264 (1200 access units, 10 IDR)
feeding 120 fps for 45 s (5400 access units), mode display link
control: connecting to 192.168.1.70:5005
codec config generation 1 from the host: 1920x1080, SPS 22 B, PPS 4 B
transport: RTP over UDP, listening on 192.168.1.108:5004
control: acknowledged generation 1
phase: observing only, sending nothing; measuring against an aim of at least 2.00 ms
renderer: display-link mode on "Built-in Retina Display" (120 Hz nominal), drawable 2722x1530
preflight: ok display — window is on "Built-in Retina Display", drawable 2722x1530
preflight: ok refresh — display "Built-in Retina Display" offers 120 Hz, the run needs 120 Hz
preflight: ok occlusion — window is unoccluded
preflight: ok space — window is on the active Space
preflight: ok miniaturised — window is not miniaturised
preflight: ok decoder — VideoToolbox reports hardware acceleration
preflight: ok app-nap — LatencyCritical activity held for the run
preflight: ok radio — channel 36 at 80 MHz wide, 5170-5250 MHz, -70 dBm
preflight: complete

VideoToolbox
  submitted        5400
  decoded          5400
  errors/dropped   0 / 0
  backlog          peak 4 frames, 0 at exit, +0.00 frames/min
  decode           p50 1.02 ms p95 1.16 ms p99 1.96 ms max 5.08 ms

Metal
  display          119.97 Hz
  rendered         5156
  superseded       244
  empty ticks      244
  fresh ticks      95.5% (5156 of 5400 refreshes had a newer frame)
  drawable wait    n=5156    p50=0.00 ms p95=0.00 ms p99=0.00 ms max=0.00 ms
  encode cpu       n=5156    p50=0.04 ms p95=0.06 ms p99=0.08 ms max=0.60 ms

Transport (RTP over UDP loopback)
  access units     0 sent, 5400 reconstructed, 0 verified, 0 mismatched
  packets          0 (0 single NAL, 0 FU-A), 0.0 per access unit
  wire             60.2 MB for 0.0 MB of access unit (-100.0% overhead)
  losses           0 lost, 0 malformed, 0 dropped AUs, 0 duplicates, 1667 reordered
  reordering       depth max 10, gap filled in 0.002 ms p50 / 0.110 ms p99 / 5.935 ms max over 3717 gaps
  rfc3550 jitter   0.38 ms
  au delivery      n=5400 p50 8.04 ms p95 10.37 ms p99 14.08 ms max 44.92 ms
  au start         n=5400 p50 8.03 ms p95 10.57 ms p99 14.07 ms max 44.66 ms
  au late/min      >1.25T 314.4  >1.5T 94.6  >2T 58.6  >3T 49.3  >4T 33.3  >6T 0.0
  au bunching      57.3 clusters/min, catch-up 5.1 mean / 11 max units, stall gap p50 229 ms p95 3920 ms
  service class    observed DSCP 0 (CS0/best effort) x53066
  packetization    p50 0.00 ms p95 0.00 ms p99 0.00 ms
  transit          p50 0.00 ms p95 0.00 ms p99 0.00 ms  (first byte out to last byte in)
  serialisation    p50 0.00 ms p95 0.00 ms p99 0.00 ms  (overlaps transit)
  arrival spread   p50 0.03 ms p95 0.42 ms p99 3.67 ms  (overlaps transit)
  reassembly       p50 0.00 ms p95 0.00 ms p99 0.00 ms

Pipeline
  presentation wait p50 2.74 ms p95 4.06 ms p99 4.52 ms
  phase alignment   observing, sent nothing: phase 2.21 ms -> 3.16 ms over 19% of the period, margin 2.50 ms from a 0.83 ms spread (floor 2.00 ms), 33 shifts withheld, 24 holds, 6 declined, 57 traced, last asked 0.33 ms (last refusal: the batch held no single phase (clustering 0.80))
  render            p50 0.04 ms p95 0.07 ms p99 0.08 ms
  frame age         p50 0.00 ms p95 0.00 ms p99 0.00 ms max 0.00 ms
  unattributed gap  p50 0.03 ms p99 3.67 ms
  cpu plane copies  0 (textures alias the decoder's IOSurfaces)
  resident memory   155.4 MB -> 162.8 MB, -109.29 MB/min over 180 samples

clock domain: local-mac

segment              count       p50       p95       p99       max  kind
capture                  0
preprocess wait          0
gpu preprocess           0
admission wait           0
encode                   0
packetize wait           0
packetization            0
transit                  0
reassembly            5400   0.00 ms   0.00 ms   0.00 ms   4.16 ms  work
decoder wait          5400   0.00 ms   0.01 ms   0.01 ms   0.07 ms  wait
decode                5400   1.02 ms   1.16 ms   1.96 ms   5.08 ms  work
presentation wait     5156   2.74 ms   4.06 ms   4.52 ms   7.47 ms  wait
render                5156   0.04 ms   0.07 ms   0.08 ms   0.60 ms  work
serialisation            0
arrival               5400   0.03 ms   0.42 ms   3.67 ms   5.96 ms  diag

frame age                0
local age             5156   3.92 ms   5.41 ms   6.72 ms   8.72 ms  
unattributed gap      5156   0.03 ms   0.40 ms   3.67 ms   5.11 ms  
present interval      5155   8.36 ms   8.45 ms  16.78 ms  41.94 ms  
source interval       5155   8.06 ms  10.81 ms  18.61 ms  45.35 ms  

presented 5156 frames in 44.71 s (115.3/s), started 5400, incomplete 244
events 37312 recorded, 0 dropped, 0 duplicate, 0 late, 0 clipped, 0 cross-domain
p99 backed by 51 tail observations from 5156 frames

Windows
        window    src/s   dec/s   rnd/s  tick/s     aup99   >2T/m  loss   agep99   super%  fresh%
      0-10         99.9    99.9    92.7    96.5     14.24    54.1     0     6.49      7.2    96.0
     10-20        119.9   119.9   114.5   119.9     15.51    60.0     0     6.75      4.4    95.5
     20-30        119.9   119.9   116.1   119.8     11.78    54.0     0     6.42      3.2    96.9
  worst callback drop between windows: 0.1% over 3 windows
report written to /tmp/phase-lottery/20260814-230336/2.json

  [pass] pipeline run exercised            5400 access units submitted, 5400 frames decoded, 5400 decode timings, 5362 display callbacks, 5156 frames rendered, 53066 datagrams received, 5400 access unit intervals
  [pass] pipeline hardware decoder         VTDecompressionSession reports hardware acceleration
  [pass] link     input sustained          5400 access units submitted, 5400 expected at 120 fps
  [pass] pipeline decode throughput        5400 decoded of 5400 submitted, 0 errors, 0 dropped
  [pass] pipeline decoder backlog          peak 4 frames, 0 left at exit, growth +0.00 frames/min
  [pass] pipeline frames accounted         5400 decoded = 5156 rendered + 244 superseded + 0 held
  [pass] pipeline span accounted           5362 callbacks = 5156 rendered + 206 empty + 0 without a drawable
  [pass] pipeline decoder keeps up         decoded 120.0/s against 120.0/s deliverable on a 120.0 Hz display
  [pass] link     link holds cadence       access units arrive p50 8.04 ms p95 10.37 ms p99 14.08 ms max 44.92 ms over 5400 access units, against a 8.33 ms source period (2x allowed at p99)
  [pass] pipeline presentation tracks arrival present interval p99 16.78 ms against arrival p99 14.08 ms plus one 8.33 ms period
  [pass] pipeline no present stalls        worst present interval 41.94 ms against a 33.34 ms limit (4x the 8.34 ms present period); worst arrival gap 44.92 ms - the stall arrived with the frames, not from the presenter
  [pass] pipeline memory stable            -106.38 MB/min in steady state (140 samples after 10000.00 ms), -109.29 MB/min including warm-up, peak 222.1 MB
  [pass] pipeline instrumentation intact   0 dropped marks, 0 duplicate, 0 late
  [pass] pipeline drops explained          244 frames never presented, 244 superseded + 0 held explain them (0 unexplained)
  [pass] pipeline gap instrumented         5156 of 5156 presented frames have a measured gap, p99 3.67 ms
  [pass] pipeline zero copy path           structural: CVMetalTextureCache textures over VideoToolbox pixel buffers, no CPU plane access on the render path
  [pass] pipeline decode measured          p50 1.02 ms p95 1.16 ms p99 1.96 ms max 5.08 ms over 5400 frames
  [pass] link     access units intact      5400 expected from the remote sender, 5400 reconstructed, 0 verified byte-for-byte, 0 mismatched
  [pass] link     transport clean          0 lost, 0 malformed, 0 dropped AUs, 0 missing fragments, 0 send errors, 0 duplicates, 1667 reordered
  [note] transport cost   0 packets (0 single NAL, 0 FU-A), 0.0 bytes on the wire per byte of access unit, RFC 3550 jitter 0.38 ms
gate: pipeline PASS, link PASS

host gate   PASS
client gate PASS
report      /tmp/phase-lottery/20260814-230336/2.json
