link      en0 192.168.1.108, autoselect
route     192.168.1.108 -> 192.168.1.70 reachable
clocks    host GPU locked to 2000-2700 MHz core, 9001 MHz memory
source    monitor 1920x1080@120
receiver  listening on 192.168.1.108:5004, negotiating on 5005
sender    1080p120 NV12 -> NVENC 40 Mbps -> RTP burst for 45 s

device NVIDIA GeForce RTX 4060 Ti (10de:2803, 7949 MB VRAM, feature level 11.1) driving \\.\DISPLAY18 at 1920x1080
H.264 input formats: [NV_ENC_BUFFER_FORMAT_NV12, NV_ENC_BUFFER_FORMAT_YV12, NV_ENC_BUFFER_FORMAT_IYUV, NV_ENC_BUFFER_FORMAT_YUV444, NV_ENC_BUFFER_FORMAT_ARGB, NV_ENC_BUFFER_FORMAT_ABGR, NV_ENC_BUFFER_FORMAT_AYUV, NV_ENC_BUFFER_FORMAT_ARGB10, NV_ENC_BUFFER_FORMAT_ABGR10]
sequence header 34 bytes: SPS 22 bytes, PPS 4 bytes
control listening on 0.0.0.0:5005
control session with 192.168.1.108:60893
config generation 1 acknowledged
service class BestEffort: nothing requested
config 1920x1080 @ 120 fps, 40 Mbps, P1 Ll CBR, Nv12 input, Dda source, IDR interval 120, async 4 slots, Uncapped
frames 5400 in 45.018 s = 119.95 frames/s, pool exhaustions 0
phase requests: 0 relayed to 127.0.0.1:5010, 0.00 ms asked for, 0 not sent
capture acquire    p50 8.130 ms p95 8.685 ms p99 9.401 ms max 15.494 ms
DDA AcquireNextFrame S_OK 5400 = 119.95/s
DDA desktop updates (LastPresentTime != 0) 5400 = 119.95/s
DDA pointer-only (LastPresentTime == 0, LastMouseUpdateTime != 0) 0 = 0.00/s
DDA other updates (both timestamps zero) 0 = 0.00/s
DDA AccumulatedFrames p50 1 p95 1 p99 1 max 26
capture newer frames accumulated while busy: 28
admission wait     p50 0.000 ms p95 0.000 ms p99 0.000 ms max 0.001 ms
map input          p50 0.087 ms p95 0.134 ms p99 0.151 ms max 0.707 ms
submit CPU         p50 0.063 ms p95 0.089 ms p99 0.096 ms max 0.166 ms
HW completion      p50 1.837 ms p95 1.892 ms p99 1.982 ms max 2.168 ms
lock after event   p50 0.002 ms p95 0.004 ms p99 0.006 ms max 0.009 ms
bitstream copy     p50 0.006 ms p95 0.013 ms p99 0.021 ms max 0.032 ms
unlock             p50 6.319 ms p95 6.870 ms p99 7.580 ms max 13.690 ms
network send       p50 0.057 ms p95 0.086 ms p99 0.144 ms max 0.227 ms
RTP/UDP sent 53376 packets, 60615413 bytes, 0 errors
RGB->NV12 CPU      p50 0.009 ms p95 0.056 ms p99 0.113 ms max 0.159 ms
RGB->NV12 GPU      p50 0.030 ms p95 0.292 ms p99 0.298 ms max 2.342 ms
encoder residency  p50 1.846 ms p95 1.903 ms p99 1.990 ms max 2.176 ms
slot residency     p50 16.535 ms p95 16.982 ms p99 17.741 ms max 25.244 ms
P completion       p50 1.837 ms p95 1.892 ms p99 1.978 ms max 2.168 ms
IDR completion     p50 1.797 ms p95 1.873 ms p99 1.911 ms max 2.025 ms
P frame            n=5355 p50 10265 B p95 12232 B p99 28541 B max 29707 B
IDR                n=45 p50 28284 B p95 31529 B p99 31817 B max 31842 B
output 10.49 Mbit/s, 59041673 bytes over 5400 frames
resident memory start 57.2 MB end 68.7 MB peak 68.7 MB delta +11.5 MB

windows of 10 s  (encode Hz, completion and capture p99 in ms, wire Mbit/s)
      0-10       1201 fr   120.1 Hz  enc p99   1.978  cap p99   9.269   10.64 Mbit/s  late 0
     10-20       1200 fr   120.1 Hz  enc p99   1.990  cap p99   9.538   10.49 Mbit/s  late 0
     20-30       1199 fr   120.0 Hz  enc p99   2.003  cap p99   9.226   10.51 Mbit/s  late 0
     30-40       1200 fr   120.1 Hz  enc p99   1.956  cap p99   9.184   10.43 Mbit/s  late 0
     40-50        600 fr   119.8 Hz  enc p99   1.984  cap p99   9.676   10.35 Mbit/s  late 0

  [pass] frames completed                 5400 of 5400
  [pass] completion within a period       p99 1.982 ms against 8.333 ms
  [pass] bitstream produced               59041673 bytes
  [pass] frames in order                  true
  [pass] paced rate held                  119.95 of 120 fps, 0 pool exhaustions
  [pass] socket accepted every datagram   0 send errors
gate: PASS

fixture /Users/adria/Documents/programacion/projects/lanplay/fixtures/motion-1920x1080@120-10s-50M.h264 (1200 access units, 10 IDR)
feeding 120 fps for 45 s (5400 access units), mode display link
control: connecting to 192.168.1.70:5005
codec config generation 1 from the host: 1920x1080, SPS 22 B, PPS 4 B
transport: RTP over UDP, listening on 192.168.1.108:5004
control: acknowledged generation 1
phase: observing only, sending nothing; measuring against an aim of at least 2.00 ms
renderer: display-link mode on "Built-in Retina Display" (120 Hz nominal), drawable 2722x1530
preflight: ok display — window is on "Built-in Retina Display", drawable 2722x1530
preflight: ok refresh — display "Built-in Retina Display" offers 120 Hz, the run needs 120 Hz
preflight: ok occlusion — window is unoccluded
preflight: ok space — window is on the active Space
preflight: ok miniaturised — window is not miniaturised
preflight: ok decoder — VideoToolbox reports hardware acceleration
preflight: ok app-nap — LatencyCritical activity held for the run
preflight: ok radio — channel 36 at 80 MHz wide, 5170-5250 MHz, -70 dBm
preflight: complete

VideoToolbox
  submitted        5400
  decoded          5400
  errors/dropped   0 / 0
  backlog          peak 4 frames, 0 at exit, -0.01 frames/min
  decode           p50 1.01 ms p95 1.18 ms p99 2.01 ms max 5.05 ms

Metal
  display          119.97 Hz
  rendered         5182
  superseded       218
  empty ticks      221
  fresh ticks      95.9% (5182 of 5403 refreshes had a newer frame)
  drawable wait    n=5182    p50=0.00 ms p95=0.00 ms p99=0.00 ms max=0.00 ms
  encode cpu       n=5182    p50=0.04 ms p95=0.07 ms p99=0.13 ms max=0.63 ms

Transport (RTP over UDP loopback)
  access units     0 sent, 5400 reconstructed, 0 verified, 0 mismatched
  packets          0 (0 single NAL, 0 FU-A), 0.0 per access unit
  wire             60.6 MB for 0.0 MB of access unit (-100.0% overhead)
  losses           0 lost, 0 malformed, 0 dropped AUs, 0 duplicates, 1583 reordered
  reordering       depth max 10, gap filled in 0.002 ms p50 / 0.091 ms p99 / 5.186 ms max over 3451 gaps
  rfc3550 jitter   0.27 ms
  au delivery      n=5400 p50 8.04 ms p95 10.39 ms p99 13.66 ms max 90.18 ms
  au start         n=5400 p50 8.03 ms p95 10.51 ms p99 13.62 ms max 89.65 ms
  au late/min      >1.25T 326.6  >1.5T 80.0  >2T 61.3  >3T 58.7  >4T 45.3  >6T 2.7
  au bunching      61.3 clusters/min, catch-up 5.8 mean / 11 max units, stall gap p50 227 ms p95 4142 ms
  service class    observed DSCP 0 (CS0/best effort) x53376
  packetization    p50 0.00 ms p95 0.00 ms p99 0.00 ms
  transit          p50 0.00 ms p95 0.00 ms p99 0.00 ms  (first byte out to last byte in)
  serialisation    p50 0.00 ms p95 0.00 ms p99 0.00 ms  (overlaps transit)
  arrival spread   p50 0.05 ms p95 0.41 ms p99 3.56 ms  (overlaps transit)
  reassembly       p50 0.00 ms p95 0.00 ms p99 0.00 ms

Pipeline
  presentation wait p50 3.98 ms p95 5.28 ms p99 5.73 ms
  phase alignment   observing, sent nothing: phase 3.26 ms -> 4.43 ms over 19% of the period, margin 2.49 ms from a 0.83 ms spread (floor 2.00 ms), 41 shifts withheld, 0 holds, 22 declined, 41 traced, last asked 0.97 ms (last refusal: the batch held no single phase (clustering 0.76))
  render            p50 0.04 ms p95 0.07 ms p99 0.13 ms
  frame age         p50 0.00 ms p95 0.00 ms p99 0.00 ms max 0.00 ms
  unattributed gap  p50 0.05 ms p99 3.59 ms
  cpu plane copies  0 (textures alias the decoder's IOSurfaces)
  resident memory   155.4 MB -> 161.3 MB, -113.78 MB/min over 180 samples

clock domain: local-mac

segment              count       p50       p95       p99       max  kind
capture                  0
preprocess wait          0
gpu preprocess           0
admission wait           0
encode                   0
packetize wait           0
packetization            0
transit                  0
reassembly            5400   0.00 ms   0.00 ms   0.00 ms   4.01 ms  work
decoder wait          5400   0.00 ms   0.01 ms   0.01 ms   0.03 ms  wait
decode                5400   1.01 ms   1.18 ms   2.01 ms   5.05 ms  work
presentation wait     5182   3.98 ms   5.28 ms   5.73 ms   9.11 ms  wait
render                5182   0.04 ms   0.07 ms   0.13 ms   0.63 ms  work
serialisation            0
arrival               5400   0.05 ms   0.41 ms   3.56 ms   5.44 ms  diag

frame age                0
local age             5182   5.21 ms   6.52 ms   7.96 ms  10.22 ms  
unattributed gap      5182   0.05 ms   0.39 ms   3.59 ms   5.44 ms  
present interval      5181   8.36 ms   8.45 ms  16.78 ms  50.33 ms  
source interval       5181   8.06 ms  10.62 ms  16.32 ms  51.64 ms  

presented 5182 frames in 44.68 s (116.0/s), started 5400, incomplete 218
events 37364 recorded, 0 dropped, 0 duplicate, 0 late, 0 clipped, 0 cross-domain
p99 backed by 51 tail observations from 5182 frames

Windows
        window    src/s   dec/s   rnd/s  tick/s     aup99   >2T/m  loss   agep99   super%  fresh%
      0-10        100.4   100.4    93.7    96.9     14.28    66.1     0     7.47      6.6    96.7
     10-20        120.0   120.0   116.5   120.0     12.44    54.0     0     7.67      2.9    97.1
     20-30        119.9   119.9   115.1   120.0     31.46    72.0     0     8.00      4.0    95.9
  worst callback drop between windows: 0.0% over 3 windows
report written to /tmp/phase-lottery/20260814-230336/3.json

  [pass] pipeline run exercised            5400 access units submitted, 5400 frames decoded, 5400 decode timings, 5365 display callbacks, 5182 frames rendered, 53376 datagrams received, 5400 access unit intervals
  [pass] pipeline hardware decoder         VTDecompressionSession reports hardware acceleration
  [pass] link     input sustained          5400 access units submitted, 5400 expected at 120 fps
  [pass] pipeline decode throughput        5400 decoded of 5400 submitted, 0 errors, 0 dropped
  [pass] pipeline decoder backlog          peak 4 frames, 0 left at exit, growth -0.01 frames/min
  [pass] pipeline frames accounted         5400 decoded = 5182 rendered + 218 superseded + 0 held
  [pass] pipeline span accounted           5365 callbacks = 5182 rendered + 183 empty + 0 without a drawable
  [pass] pipeline decoder keeps up         decoded 120.0/s against 120.0/s deliverable on a 120.0 Hz display
  [pass] link     link holds cadence       access units arrive p50 8.04 ms p95 10.39 ms p99 13.66 ms max 90.18 ms over 5400 access units, against a 8.33 ms source period (2x allowed at p99)
  [pass] pipeline presentation tracks arrival present interval p99 16.78 ms against arrival p99 13.66 ms plus one 8.33 ms period
  [pass] pipeline no present stalls        worst present interval 50.33 ms against a 33.34 ms limit (4x the 8.34 ms present period); worst arrival gap 90.18 ms - the stall arrived with the frames, not from the presenter
  [pass] pipeline memory stable            -143.93 MB/min in steady state (140 samples after 10000.00 ms), -113.78 MB/min including warm-up, peak 220.7 MB
  [pass] pipeline instrumentation intact   0 dropped marks, 0 duplicate, 0 late
  [pass] pipeline drops explained          218 frames never presented, 218 superseded + 0 held explain them (0 unexplained)
  [pass] pipeline gap instrumented         5182 of 5182 presented frames have a measured gap, p99 3.59 ms
  [pass] pipeline zero copy path           structural: CVMetalTextureCache textures over VideoToolbox pixel buffers, no CPU plane access on the render path
  [pass] pipeline decode measured          p50 1.01 ms p95 1.18 ms p99 2.01 ms max 5.05 ms over 5400 frames
  [pass] link     access units intact      5400 expected from the remote sender, 5400 reconstructed, 0 verified byte-for-byte, 0 mismatched
  [pass] link     transport clean          0 lost, 0 malformed, 0 dropped AUs, 0 missing fragments, 0 send errors, 0 duplicates, 1583 reordered
  [note] transport cost   0 packets (0 single NAL, 0 FU-A), 0.0 bytes on the wire per byte of access unit, RFC 3550 jitter 0.27 ms
gate: pipeline PASS, link PASS

host gate   PASS
client gate PASS
report      /tmp/phase-lottery/20260814-230336/3.json
