link      en0 192.168.1.108, autoselect
route     192.168.1.108 -> 192.168.1.70 reachable
clocks    host GPU locked to 2000-2700 MHz core, 9001 MHz memory
source    monitor 1920x1080@120
receiver  listening on 192.168.1.108:5004, negotiating on 5005
sender    1080p120 NV12 -> NVENC 40 Mbps -> RTP burst for 45 s

device NVIDIA GeForce RTX 4060 Ti (10de:2803, 7949 MB VRAM, feature level 11.1) driving \\.\DISPLAY18 at 1920x1080
H.264 input formats: [NV_ENC_BUFFER_FORMAT_NV12, NV_ENC_BUFFER_FORMAT_YV12, NV_ENC_BUFFER_FORMAT_IYUV, NV_ENC_BUFFER_FORMAT_YUV444, NV_ENC_BUFFER_FORMAT_ARGB, NV_ENC_BUFFER_FORMAT_ABGR, NV_ENC_BUFFER_FORMAT_AYUV, NV_ENC_BUFFER_FORMAT_ARGB10, NV_ENC_BUFFER_FORMAT_ABGR10]
sequence header 34 bytes: SPS 22 bytes, PPS 4 bytes
control listening on 0.0.0.0:5005
control session with 192.168.1.108:61172
config generation 1 acknowledged
service class BestEffort: nothing requested
config 1920x1080 @ 120 fps, 40 Mbps, P1 Ll CBR, Nv12 input, Dda source, IDR interval 120, async 4 slots, Uncapped
frames 5400 in 45.068 s = 119.82 frames/s, pool exhaustions 0
phase requests: 0 relayed to 127.0.0.1:5010, 0.00 ms asked for, 0 not sent
capture acquire    p50 8.133 ms p95 8.697 ms p99 9.639 ms max 15.543 ms
DDA AcquireNextFrame S_OK 5400 = 119.82/s
DDA desktop updates (LastPresentTime != 0) 5400 = 119.82/s
DDA pointer-only (LastPresentTime == 0, LastMouseUpdateTime != 0) 0 = 0.00/s
DDA other updates (both timestamps zero) 0 = 0.00/s
DDA AccumulatedFrames p50 1 p95 1 p99 1 max 26
capture newer frames accumulated while busy: 34
admission wait     p50 0.000 ms p95 0.000 ms p99 0.000 ms max 0.049 ms
map input          p50 0.086 ms p95 0.133 ms p99 0.150 ms max 0.726 ms
submit CPU         p50 0.065 ms p95 0.091 ms p99 0.096 ms max 0.237 ms
HW completion      p50 1.836 ms p95 1.892 ms p99 1.981 ms max 2.254 ms
lock after event   p50 0.003 ms p95 0.004 ms p99 0.006 ms max 0.014 ms
bitstream copy     p50 0.006 ms p95 0.013 ms p99 0.020 ms max 0.083 ms
unlock             p50 6.323 ms p95 6.884 ms p99 7.771 ms max 13.738 ms
network send       p50 0.056 ms p95 0.084 ms p99 0.144 ms max 0.295 ms
RTP/UDP sent 53024 packets, 60234411 bytes, 0 errors
RGB->NV12 CPU      p50 0.009 ms p95 0.056 ms p99 0.103 ms max 0.153 ms
RGB->NV12 GPU      p50 0.031 ms p95 0.292 ms p99 0.297 ms max 2.473 ms
encoder residency  p50 1.845 ms p95 1.903 ms p99 1.990 ms max 2.263 ms
slot residency     p50 16.538 ms p95 16.995 ms p99 18.024 ms max 25.172 ms
P completion       p50 1.836 ms p95 1.892 ms p99 1.980 ms max 2.254 ms
IDR completion     p50 1.799 ms p95 1.853 ms p99 1.871 ms max 2.065 ms
P frame            n=5355 p50 10262 B p95 12086 B p99 28619 B max 29745 B
IDR                n=45 p50 28052 B p95 31472 B p99 31648 B max 31874 B
output 10.41 Mbit/s, 58671231 bytes over 5400 frames
resident memory start 57.1 MB end 67.4 MB peak 67.4 MB delta +10.2 MB

windows of 10 s  (encode Hz, completion and capture p99 in ms, wire Mbit/s)
      0-10       1200 fr   120.0 Hz  enc p99   1.986  cap p99   9.219   10.45 Mbit/s  late 0
     10-20       1197 fr   119.8 Hz  enc p99   1.986  cap p99   9.823   10.39 Mbit/s  late 0
     20-30       1199 fr   120.0 Hz  enc p99   1.981  cap p99   9.358   10.36 Mbit/s  late 0
     30-40       1196 fr   119.7 Hz  enc p99   1.956  cap p99   9.703   10.48 Mbit/s  late 0
     40-50        608 fr   120.2 Hz  enc p99   1.930  cap p99   9.456   10.44 Mbit/s  late 0

  [pass] frames completed                 5400 of 5400
  [pass] completion within a period       p99 1.981 ms against 8.333 ms
  [pass] bitstream produced               58671231 bytes
  [pass] frames in order                  true
  [pass] paced rate held                  119.82 of 120 fps, 0 pool exhaustions
  [pass] socket accepted every datagram   0 send errors
gate: PASS

fixture /Users/adria/Documents/programacion/projects/lanplay/fixtures/motion-1920x1080@120-10s-50M.h264 (1200 access units, 10 IDR)
feeding 120 fps for 45 s (5400 access units), mode display link
control: connecting to 192.168.1.70:5005
codec config generation 1 from the host: 1920x1080, SPS 22 B, PPS 4 B
transport: RTP over UDP, listening on 192.168.1.108:5004
control: acknowledged generation 1
phase: observing only, sending nothing; measuring against an aim of at least 2.00 ms
renderer: display-link mode on "Built-in Retina Display" (120 Hz nominal), drawable 2722x1530
preflight: ok display — window is on "Built-in Retina Display", drawable 2722x1530
preflight: ok refresh — display "Built-in Retina Display" offers 120 Hz, the run needs 120 Hz
preflight: ok occlusion — window is unoccluded
preflight: ok space — window is on the active Space
preflight: ok miniaturised — window is not miniaturised
preflight: ok decoder — VideoToolbox reports hardware acceleration
preflight: ok app-nap — LatencyCritical activity held for the run
preflight: ok radio — channel 36 at 80 MHz wide, 5170-5250 MHz, -69 dBm
preflight: complete

VideoToolbox
  submitted        5400
  decoded          5400
  errors/dropped   0 / 0
  backlog          peak 4 frames, 0 at exit, +0.00 frames/min
  decode           p50 1.00 ms p95 1.16 ms p99 2.04 ms max 4.85 ms

Metal
  display          119.97 Hz
  rendered         5157
  superseded       243
  empty ticks      243
  fresh ticks      95.5% (5157 of 5400 refreshes had a newer frame)
  drawable wait    n=5157    p50=0.00 ms p95=0.00 ms p99=0.00 ms max=0.00 ms
  encode cpu       n=5157    p50=0.04 ms p95=0.07 ms p99=0.10 ms max=0.62 ms

Transport (RTP over UDP loopback)
  access units     0 sent, 5400 reconstructed, 0 verified, 0 mismatched
  packets          0 (0 single NAL, 0 FU-A), 0.0 per access unit
  wire             60.2 MB for 0.0 MB of access unit (-100.0% overhead)
  losses           0 lost, 0 malformed, 0 dropped AUs, 0 duplicates, 1701 reordered
  reordering       depth max 10, gap filled in 0.002 ms p50 / 0.063 ms p99 / 4.549 ms max over 3762 gaps
  rfc3550 jitter   0.26 ms
  au delivery      n=5400 p50 8.07 ms p95 10.21 ms p99 16.45 ms max 100.47 ms
  au start         n=5400 p50 8.06 ms p95 10.35 ms p99 16.83 ms max 100.40 ms
  au late/min      >1.25T 287.6  >1.5T 117.2  >2T 70.6  >3T 66.6  >4T 47.9  >6T 4.0
  au bunching      70.6 clusters/min, catch-up 6.0 mean / 15 max units, stall gap p50 225 ms p95 2905 ms
  service class    observed DSCP 0 (CS0/best effort) x53024
  packetization    p50 0.00 ms p95 0.00 ms p99 0.00 ms
  transit          p50 0.00 ms p95 0.00 ms p99 0.00 ms  (first byte out to last byte in)
  serialisation    p50 0.00 ms p95 0.00 ms p99 0.00 ms  (overlaps transit)
  arrival spread   p50 0.05 ms p95 0.27 ms p99 3.26 ms  (overlaps transit)
  reassembly       p50 0.00 ms p95 0.00 ms p99 0.00 ms

Pipeline
  presentation wait p50 6.39 ms p95 7.47 ms p99 7.80 ms
  phase alignment   observing, sent nothing: phase 5.77 ms -> 6.69 ms over 12% of the period, margin 2.07 ms from a 0.69 ms spread (floor 2.00 ms), 54 shifts withheld, 0 holds, 9 declined, 54 traced, last asked 6.47 ms (last refusal: the batch held no single phase (clustering 0.79))
  render            p50 0.04 ms p95 0.07 ms p99 0.10 ms
  frame age         p50 0.00 ms p95 0.00 ms p99 0.00 ms max 0.00 ms
  unattributed gap  p50 0.05 ms p99 3.28 ms
  cpu plane copies  0 (textures alias the decoder's IOSurfaces)
  resident memory   155.3 MB -> 160.6 MB, -109.78 MB/min over 180 samples

clock domain: local-mac

segment              count       p50       p95       p99       max  kind
capture                  0
preprocess wait          0
gpu preprocess           0
admission wait           0
encode                   0
packetize wait           0
packetization            0
transit                  0
reassembly            5400   0.00 ms   0.00 ms   0.00 ms   0.27 ms  work
decoder wait          5400   0.00 ms   0.00 ms   0.01 ms   0.04 ms  wait
decode                5400   1.00 ms   1.16 ms   2.04 ms   4.85 ms  work
presentation wait     5157   6.39 ms   7.47 ms   7.80 ms   9.96 ms  wait
render                5157   0.04 ms   0.07 ms   0.10 ms   0.63 ms  work
serialisation            0
arrival               5400   0.05 ms   0.27 ms   3.26 ms   6.16 ms  diag

frame age                0
local age             5157   7.54 ms   8.72 ms   9.90 ms  11.21 ms  
unattributed gap      5157   0.05 ms   0.26 ms   3.28 ms   6.16 ms  
present interval      5156   8.36 ms   8.45 ms  16.71 ms 100.66 ms  
source interval       5156   8.09 ms  10.49 ms  18.87 ms 103.81 ms  

presented 5157 frames in 44.72 s (115.3/s), started 5400, incomplete 243
events 37314 recorded, 0 dropped, 0 duplicate, 0 late, 0 clipped, 0 cross-domain
p99 backed by 51 tail observations from 5157 frames

Windows
        window    src/s   dec/s   rnd/s  tick/s     aup99   >2T/m  loss   agep99   super%  fresh%
      0-10         99.9    99.9    92.9    96.4     15.67    66.1     0     9.57      6.9    96.5
     10-20        119.7   119.7   116.1   120.0     15.98    66.0     0     9.83      3.0    96.8
     20-30        119.9   119.9   114.0   120.0     17.09    72.0     0     9.96      4.9    95.0
  worst callback drop between windows: 0.0% over 3 windows
report written to /tmp/phase-lottery/20260814-230336/5.json

  [pass] pipeline run exercised            5400 access units submitted, 5400 frames decoded, 5400 decode timings, 5367 display callbacks, 5157 frames rendered, 53024 datagrams received, 5400 access unit intervals
  [pass] pipeline hardware decoder         VTDecompressionSession reports hardware acceleration
  [pass] link     input sustained          5400 access units submitted, 5400 expected at 120 fps
  [pass] pipeline decode throughput        5400 decoded of 5400 submitted, 0 errors, 0 dropped
  [pass] pipeline decoder backlog          peak 4 frames, 0 left at exit, growth +0.00 frames/min
  [pass] pipeline frames accounted         5400 decoded = 5157 rendered + 243 superseded + 0 held
  [pass] pipeline span accounted           5367 callbacks = 5157 rendered + 210 empty + 0 without a drawable
  [pass] pipeline decoder keeps up         decoded 120.0/s against 120.0/s deliverable on a 120.0 Hz display
  [pass] link     link holds cadence       access units arrive p50 8.07 ms p95 10.21 ms p99 16.45 ms max 100.47 ms over 5400 access units, against a 8.33 ms source period (2x allowed at p99)
  [pass] pipeline presentation tracks arrival present interval p99 16.71 ms against arrival p99 16.45 ms plus one 8.33 ms period
  [pass] pipeline no present stalls        worst present interval 100.66 ms against a 33.34 ms limit (4x the 8.34 ms present period); worst arrival gap 100.47 ms - the stall arrived with the frames, not from the presenter
  [pass] pipeline memory stable            -106.68 MB/min in steady state (140 samples after 10000.00 ms), -109.78 MB/min including warm-up, peak 220.1 MB
  [pass] pipeline instrumentation intact   0 dropped marks, 0 duplicate, 0 late
  [pass] pipeline drops explained          243 frames never presented, 243 superseded + 0 held explain them (0 unexplained)
  [pass] pipeline gap instrumented         5157 of 5157 presented frames have a measured gap, p99 3.28 ms
  [pass] pipeline zero copy path           structural: CVMetalTextureCache textures over VideoToolbox pixel buffers, no CPU plane access on the render path
  [pass] pipeline decode measured          p50 1.00 ms p95 1.16 ms p99 2.04 ms max 4.85 ms over 5400 frames
  [pass] link     access units intact      5400 expected from the remote sender, 5400 reconstructed, 0 verified byte-for-byte, 0 mismatched
  [pass] link     transport clean          0 lost, 0 malformed, 0 dropped AUs, 0 missing fragments, 0 send errors, 0 duplicates, 1701 reordered
  [note] transport cost   0 packets (0 single NAL, 0 FU-A), 0.0 bytes on the wire per byte of access unit, RFC 3550 jitter 0.26 ms
gate: pipeline PASS, link PASS

host gate   PASS
client gate PASS
report      /tmp/phase-lottery/20260814-230336/5.json
