link      en0 192.168.1.108, autoselect
route     192.168.1.108 -> 192.168.1.70 reachable
clocks    host GPU locked to 2000-2700 MHz core, 9001 MHz memory
source    monitor 1920x1080@120
receiver  listening on 192.168.1.108:5004, negotiating on 5005
sender    1080p120 NV12 -> NVENC 40 Mbps -> RTP burst for 45 s

device NVIDIA GeForce RTX 4060 Ti (10de:2803, 7949 MB VRAM, feature level 11.1) driving \\.\DISPLAY18 at 1920x1080
H.264 input formats: [NV_ENC_BUFFER_FORMAT_NV12, NV_ENC_BUFFER_FORMAT_YV12, NV_ENC_BUFFER_FORMAT_IYUV, NV_ENC_BUFFER_FORMAT_YUV444, NV_ENC_BUFFER_FORMAT_ARGB, NV_ENC_BUFFER_FORMAT_ABGR, NV_ENC_BUFFER_FORMAT_AYUV, NV_ENC_BUFFER_FORMAT_ARGB10, NV_ENC_BUFFER_FORMAT_ABGR10]
sequence header 34 bytes: SPS 22 bytes, PPS 4 bytes
control listening on 0.0.0.0:5005
control session with 192.168.1.108:61302
config generation 1 acknowledged
service class BestEffort: nothing requested
config 1920x1080 @ 120 fps, 40 Mbps, P1 Ll CBR, Nv12 input, Dda source, IDR interval 120, async 4 slots, Uncapped
frames 5400 in 45.084 s = 119.78 frames/s, pool exhaustions 0
phase requests: 0 relayed to 127.0.0.1:5010, 0.00 ms asked for, 0 not sent
capture acquire    p50 8.129 ms p95 8.697 ms p99 9.472 ms max 16.355 ms
DDA AcquireNextFrame S_OK 5400 = 119.78/s
DDA desktop updates (LastPresentTime != 0) 5400 = 119.78/s
DDA pointer-only (LastPresentTime == 0, LastMouseUpdateTime != 0) 0 = 0.00/s
DDA other updates (both timestamps zero) 0 = 0.00/s
DDA AccumulatedFrames p50 1 p95 1 p99 1 max 15
capture newer frames accumulated while busy: 25
admission wait     p50 0.000 ms p95 0.000 ms p99 0.000 ms max 0.001 ms
map input          p50 0.084 ms p95 0.133 ms p99 0.148 ms max 0.713 ms
submit CPU         p50 0.062 ms p95 0.089 ms p99 0.095 ms max 0.165 ms
HW completion      p50 1.839 ms p95 1.891 ms p99 1.974 ms max 2.244 ms
lock after event   p50 0.003 ms p95 0.004 ms p99 0.006 ms max 0.011 ms
bitstream copy     p50 0.006 ms p95 0.013 ms p99 0.019 ms max 0.049 ms
unlock             p50 6.319 ms p95 6.884 ms p99 7.613 ms max 14.586 ms
network send       p50 0.055 ms p95 0.086 ms p99 0.143 ms max 0.226 ms
RTP/UDP sent 53166 packets, 60363336 bytes, 0 errors
RGB->NV12 CPU      p50 0.009 ms p95 0.051 ms p99 0.092 ms max 0.159 ms
RGB->NV12 GPU      p50 0.026 ms p95 0.293 ms p99 0.296 ms max 2.357 ms
encoder residency  p50 1.848 ms p95 1.902 ms p99 1.984 ms max 2.254 ms
slot residency     p50 16.537 ms p95 17.003 ms p99 17.981 ms max 26.508 ms
P completion       p50 1.839 ms p95 1.891 ms p99 1.971 ms max 2.244 ms
IDR completion     p50 1.792 ms p95 1.849 ms p99 1.888 ms max 2.029 ms
P frame            n=5355 p50 10290 B p95 12208 B p99 28525 B max 29821 B
IDR                n=45 p50 28213 B p95 31612 B p99 31653 B max 31880 B
output 10.43 Mbit/s, 58795896 bytes over 5400 frames
resident memory start 57.1 MB end 67.3 MB peak 67.3 MB delta +10.2 MB

windows of 10 s  (encode Hz, completion and capture p99 in ms, wire Mbit/s)
      0-10       1200 fr   120.0 Hz  enc p99   2.001  cap p99   9.295   10.42 Mbit/s  late 0
     10-20       1196 fr   119.7 Hz  enc p99   1.969  cap p99   9.422   10.38 Mbit/s  late 0
     20-30       1198 fr   119.9 Hz  enc p99   1.963  cap p99   9.681   10.54 Mbit/s  late 0
     30-40       1196 fr   119.7 Hz  enc p99   1.988  cap p99   9.635   10.40 Mbit/s  late 0
     40-50        610 fr   120.2 Hz  enc p99   1.984  cap p99   9.245   10.49 Mbit/s  late 0

  [pass] frames completed                 5400 of 5400
  [pass] completion within a period       p99 1.974 ms against 8.333 ms
  [pass] bitstream produced               58795896 bytes
  [pass] frames in order                  true
  [pass] paced rate held                  119.78 of 120 fps, 0 pool exhaustions
  [pass] socket accepted every datagram   0 send errors
gate: PASS

fixture /Users/adria/Documents/programacion/projects/lanplay/fixtures/motion-1920x1080@120-10s-50M.h264 (1200 access units, 10 IDR)
feeding 120 fps for 45 s (5400 access units), mode display link
control: connecting to 192.168.1.70:5005
codec config generation 1 from the host: 1920x1080, SPS 22 B, PPS 4 B
transport: RTP over UDP, listening on 192.168.1.108:5004
control: acknowledged generation 1
phase: observing only, sending nothing; measuring against an aim of at least 2.00 ms
renderer: display-link mode on "Built-in Retina Display" (120 Hz nominal), drawable 2722x1530
preflight: ok display — window is on "Built-in Retina Display", drawable 2722x1530
preflight: ok refresh — display "Built-in Retina Display" offers 120 Hz, the run needs 120 Hz
preflight: ok occlusion — window is unoccluded
preflight: ok space — window is on the active Space
preflight: ok miniaturised — window is not miniaturised
preflight: ok decoder — VideoToolbox reports hardware acceleration
preflight: ok app-nap — LatencyCritical activity held for the run
preflight: ok radio — channel 36 at 80 MHz wide, 5170-5250 MHz, -71 dBm
preflight: complete

VideoToolbox
  submitted        5400
  decoded          5400
  errors/dropped   0 / 0
  backlog          peak 4 frames, 0 at exit, +0.00 frames/min
  decode           p50 1.01 ms p95 1.14 ms p99 1.88 ms max 5.14 ms

Metal
  display          119.97 Hz
  rendered         4842
  superseded       558
  empty ticks      562
  fresh ticks      89.6% (4842 of 5404 refreshes had a newer frame)
  drawable wait    n=4842    p50=0.00 ms p95=0.00 ms p99=0.00 ms max=0.00 ms
  encode cpu       n=4842    p50=0.04 ms p95=0.07 ms p99=0.09 ms max=0.56 ms

Transport (RTP over UDP loopback)
  access units     0 sent, 5400 reconstructed, 0 verified, 0 mismatched
  packets          0 (0 single NAL, 0 FU-A), 0.0 per access unit
  wire             60.4 MB for 0.0 MB of access unit (-100.0% overhead)
  losses           0 lost, 0 malformed, 0 dropped AUs, 0 duplicates, 1638 reordered
  reordering       depth max 8, gap filled in 0.002 ms p50 / 0.112 ms p99 / 3.892 ms max over 3564 gaps
  rfc3550 jitter   0.25 ms
  au delivery      n=5400 p50 8.10 ms p95 10.17 ms p99 15.39 ms max 60.10 ms
  au start         n=5400 p50 8.10 ms p95 10.37 ms p99 15.58 ms max 59.87 ms
  au late/min      >1.25T 263.6  >1.5T 113.1  >2T 58.6  >3T 49.3  >4T 34.6  >6T 1.3
  au bunching      58.6 clusters/min, catch-up 4.5 mean / 10 max units, stall gap p50 233 ms p95 4150 ms
  service class    observed DSCP 0 (CS0/best effort) x53166
  packetization    p50 0.00 ms p95 0.00 ms p99 0.00 ms
  transit          p50 0.00 ms p95 0.00 ms p99 0.00 ms  (first byte out to last byte in)
  serialisation    p50 0.00 ms p95 0.00 ms p99 0.00 ms  (overlaps transit)
  arrival spread   p50 0.04 ms p95 0.32 ms p99 3.41 ms  (overlaps transit)
  reassembly       p50 0.00 ms p95 0.00 ms p99 0.00 ms

Pipeline
  presentation wait p50 7.18 ms p95 8.16 ms p99 8.29 ms
  phase alignment   observing, sent nothing: phase 6.84 ms -> 7.56 ms over 12% of the period, margin 2.31 ms from a 0.77 ms spread (floor 2.00 ms), 32 shifts withheld, 0 holds, 30 declined, 32 traced, last asked 6.79 ms (last refusal: 59 of 73 pickups were one refresh apart, so this run's display link was not cadenced)
  render            p50 0.04 ms p95 0.07 ms p99 0.09 ms
  frame age         p50 0.00 ms p95 0.00 ms p99 0.00 ms max 0.00 ms
  unattributed gap  p50 0.05 ms p99 3.41 ms
  cpu plane copies  0 (textures alias the decoder's IOSurfaces)
  resident memory   155.4 MB -> 161.0 MB, -109.24 MB/min over 180 samples

clock domain: local-mac

segment              count       p50       p95       p99       max  kind
capture                  0
preprocess wait          0
gpu preprocess           0
admission wait           0
encode                   0
packetize wait           0
packetization            0
transit                  0
reassembly            5400   0.00 ms   0.00 ms   0.00 ms   0.13 ms  work
decoder wait          5400   0.00 ms   0.00 ms   0.01 ms   0.03 ms  wait
decode                5400   1.01 ms   1.14 ms   1.88 ms   5.14 ms  work
presentation wait     4842   7.18 ms   8.16 ms   8.29 ms   9.04 ms  wait
render                4842   0.04 ms   0.07 ms   0.09 ms   0.56 ms  work
serialisation            0
arrival               5400   0.04 ms   0.32 ms   3.41 ms   5.87 ms  diag

frame age                0
local age             4842   8.32 ms   9.37 ms  11.21 ms  12.32 ms  
unattributed gap      4842   0.05 ms   0.26 ms   3.41 ms   5.87 ms  
present interval      4841   8.36 ms  16.71 ms  16.78 ms  58.46 ms  
source interval       4841   8.22 ms  15.93 ms  16.58 ms  62.39 ms  

presented 4842 frames in 44.74 s (108.2/s), started 5400, incomplete 558
events 36684 recorded, 0 dropped, 0 duplicate, 0 late, 0 clipped, 0 cross-domain
p99 backed by 48 tail observations from 4842 frames

Windows
        window    src/s   dec/s   rnd/s  tick/s     aup99   >2T/m  loss   agep99   super%  fresh%
      0-10        100.4   100.4    93.7    97.1     14.48    66.1     0    10.88      6.7    96.5
     10-20        119.6   119.6   112.7   120.0     14.13    36.0     0    11.08      5.8    93.9
     20-30        119.8   119.8   107.3   120.0     18.25    72.0     0    11.40     10.4    89.4
  worst callback drop between windows: 0.0% over 3 windows
report written to /tmp/phase-lottery/20260814-230336/6.json

  [pass] pipeline run exercised            5400 access units submitted, 5400 frames decoded, 5400 decode timings, 5372 display callbacks, 4842 frames rendered, 53166 datagrams received, 5400 access unit intervals
  [pass] pipeline hardware decoder         VTDecompressionSession reports hardware acceleration
  [pass] link     input sustained          5400 access units submitted, 5400 expected at 120 fps
  [pass] pipeline decode throughput        5400 decoded of 5400 submitted, 0 errors, 0 dropped
  [pass] pipeline decoder backlog          peak 4 frames, 0 left at exit, growth +0.00 frames/min
  [pass] pipeline frames accounted         5400 decoded = 4842 rendered + 558 superseded + 0 held
  [pass] pipeline span accounted           5372 callbacks = 4842 rendered + 530 empty + 0 without a drawable
  [pass] pipeline decoder keeps up         decoded 120.0/s against 120.0/s deliverable on a 120.0 Hz display
  [pass] link     link holds cadence       access units arrive p50 8.10 ms p95 10.17 ms p99 15.39 ms max 60.10 ms over 5400 access units, against a 8.33 ms source period (2x allowed at p99)
  [pass] pipeline presentation tracks arrival present interval p99 16.78 ms against arrival p99 15.39 ms plus one 8.33 ms period
  [pass] pipeline no present stalls        worst present interval 58.46 ms against a 33.34 ms limit (4x the 8.34 ms present period); worst arrival gap 60.10 ms - the stall arrived with the frames, not from the presenter
  [pass] pipeline memory stable            -106.12 MB/min in steady state (140 samples after 10000.00 ms), -109.24 MB/min including warm-up, peak 220.2 MB
  [pass] pipeline instrumentation intact   0 dropped marks, 0 duplicate, 0 late
  [pass] pipeline drops explained          558 frames never presented, 558 superseded + 0 held explain them (0 unexplained)
  [pass] pipeline gap instrumented         4842 of 4842 presented frames have a measured gap, p99 3.41 ms
  [pass] pipeline zero copy path           structural: CVMetalTextureCache textures over VideoToolbox pixel buffers, no CPU plane access on the render path
  [pass] pipeline decode measured          p50 1.01 ms p95 1.14 ms p99 1.88 ms max 5.14 ms over 5400 frames
  [pass] link     access units intact      5400 expected from the remote sender, 5400 reconstructed, 0 verified byte-for-byte, 0 mismatched
  [pass] link     transport clean          0 lost, 0 malformed, 0 dropped AUs, 0 missing fragments, 0 send errors, 0 duplicates, 1638 reordered
  [note] transport cost   0 packets (0 single NAL, 0 FU-A), 0.0 bytes on the wire per byte of access unit, RFC 3550 jitter 0.25 ms
gate: pipeline PASS, link PASS

host gate   PASS
client gate PASS
report      /tmp/phase-lottery/20260814-230336/6.json
