audio-e2e-receiver: producer scheduled as time constraint, period 5.000 ms computation 0.625 ms constraint 2.500 ms
producer scheduled as time constraint, period 5.000 ms computation 0.625 ms constraint 2.500 ms
receiver scheduled as time constraint, period 5.000 ms computation 0.625 ms constraint 2.500 ms
every deadline granted yes
rtp received 17999
rtp lost 0 of 17999 expected
rtp duplicate 0
rtp reordered 0
rtp late 908
arrival delay ms p50 -12.0 p95 0.3 p99 15.1 max 50.3 min -17.8
pair anchor rtp 1070985377 frame samples 240
pair class 0 offset samples 0 frames 8999 late 524 underruns 524
pair class 0 arrival ms p50 -10.884 p95 2.743 p99 17.503 min -13.072 max 50.320 over 8999
pair class 0 step ms p50 -4.997 p95 -4.992 p99 -2.922 min -4.999 max 26.970 over 8998
pair class 0 step histogram ms -5:8641 -4:231 -3:107 -2:12 -1:2 0:2 6:1 over:2
pair class 1 offset samples 240 frames 8999 late 384 underruns 385
pair class 1 arrival ms p50 -15.785 p95 -2.202 p99 12.567 min -17.816 max 47.211 over 8999
pair class 1 step ms p50 4.979 p95 6.979 p99 32.286 min -4.999 max 67.547 over 8999
pair class 1 step histogram ms -5:425 -4:152 -3:54 -2:31 -1:49 0:59 1:70 2:250 3:713 4:3103 5:3174 6:473 7:95 8:31 9:19 10:16 11:10 12:7 over:268
pair measurements dropped 0 unanchored 0
frames played 17091
plc frames 909
jitter occupancy ms p50 10.0 p95 15.0 p99 15.0 max 15.0
jitter underruns 909
jitter overruns 0 dropping 0 frames
decode us p50 10 p99 21
render callbacks 16867
render underruns 0 over 0 frames
render overruns 0 over 0 frames
continuity expected 4320000 played 4101840 unbroken no
tone left 997.0 right 1997.0
sink ppm +5.139 error 0.002 over 16867 readings and 89.952 s
sink ppm endpoints +4.988
sink sample time samples 4317695
sink host time scatter 0.30 samples estimates agree yes
sink invalid timestamps 0
samples produced 4319760 consumed 4317952 discarded 217920 concealed in 218160
buffer growth 2048 samples held 2048 residual 0
continuity hole 218160 samples over 18000 frame periods
worst window hole 30000 samples
tone channels distinct yes
tone resolution 2.00 hz over 24000 frames
rtp off grid 0
rtp oversize 0
rtp foreign ssrc 0
decode failures 0
conceal us p50 10 p99 69
producer interval us p50 5000 p99 5000 max 5003
render interval us p50 5333 p99 5344 max 5356
ring occupancy frames min 2080 p50 2208 max 2320 of 4096 primed to 496 after a 33.6 ms device start
ring frames refused 0 consumed 4317952
jitter target ms 10 ceiling ms 30 over 8 slots
frame ms 5
device Altavoces del MacBook Pro (named) at 48000 Hz 2 ch 32 bit float with a 256 frame io buffer
bind 0.0.0.0:5012 ssrc 938680752
odd cycles 0
measurements dropped 0
span s 90.0 device span s 90.0
window 0 s 10.0 rtp/s 200 lost 0 plc 108 played 1893 jitter underruns 108 callbacks 1876 underruns 0 overruns 0 expected 480240 played 454320 hole 25920 occupancy ms p50 10.0 p95 15.0 p99 15.0 min 0.0 max 15.0 over 2001 pulls held 2624
window 1 s 10.0 rtp/s 200 lost 0 plc 105 played 1896 jitter underruns 105 callbacks 1876 underruns 0 overruns 0 expected 480240 played 455040 hole 25200 occupancy ms p50 10.0 p95 15.0 p99 15.0 min 0.0 max 15.0 over 2001 pulls held 2848
window 2 s 10.0 rtp/s 200 lost 0 plc 82 played 1918 jitter underruns 82 callbacks 1875 underruns 0 overruns 0 expected 480000 played 460320 hole 19680 occupancy ms p50 10.0 p95 15.0 p99 15.0 min 0.0 max 15.0 over 2000 pulls held 2848
window 3 s 10.0 rtp/s 200 lost 0 plc 85 played 1915 jitter underruns 85 callbacks 1876 underruns 0 overruns 0 expected 480000 played 459600 hole 20400 occupancy ms p50 10.0 p95 15.0 p99 15.0 min 0.0 max 15.0 over 2000 pulls held 2592
window 4 s 10.0 rtp/s 200 lost 0 plc 89 played 1911 jitter underruns 89 callbacks 1875 underruns 0 overruns 0 expected 480000 played 458640 hole 21360 occupancy ms p50 10.0 p95 15.0 p99 15.0 min 0.0 max 15.0 over 2000 pulls held 1872
window 5 s 10.0 rtp/s 201 lost 0 plc 125 played 1876 jitter underruns 125 callbacks 1875 underruns 0 overruns 0 expected 480240 played 450240 hole 30000 occupancy ms p50 10.0 p95 15.0 p99 15.0 min 0.0 max 15.0 over 2001 pulls held 3072
window 6 s 10.0 rtp/s 200 lost 0 plc 105 played 1896 jitter underruns 105 callbacks 1876 underruns 0 overruns 0 expected 480240 played 455040 hole 25200 occupancy ms p50 10.0 p95 15.0 p99 15.0 min 0.0 max 15.0 over 2001 pulls held 2816
window 7 s 10.0 rtp/s 200 lost 0 plc 102 played 1898 jitter underruns 102 callbacks 1875 underruns 0 overruns 0 expected 480000 played 455520 hole 24480 occupancy ms p50 10.0 p95 15.0 p99 15.0 min 0.0 max 15.0 over 2000 pulls held 2816
window 8 s 9.9 rtp/s 199 lost 0 plc 108 played 1879 jitter underruns 108 callbacks 1863 underruns 0 overruns 0 expected 476880 played 450960 hole 25920 occupancy ms p50 10.0 p95 15.0 p99 15.0 min 0.0 max 15.0 over 1987 pulls held 2048
