audio-e2e-receiver: producer scheduled as time constraint, period 5.000 ms computation 0.625 ms constraint 2.500 ms
producer scheduled as time constraint, period 5.000 ms computation 0.625 ms constraint 2.500 ms
receiver scheduled as time constraint, period 5.000 ms computation 0.625 ms constraint 2.500 ms
every deadline granted yes
rtp received 12005
rtp lost 0 of 12005 expected
rtp duplicate 0
rtp reordered 0
rtp late 2692
arrival delay ms p50 -12.5 p95 288.4 p99 368.3 max 406.8 min -18.8
frames played 9308
plc frames 2692
jitter occupancy ms p50 10.0 p95 15.0 p99 15.0 max 15.0
jitter underruns 2692
jitter overruns 0 dropping 0 frames
decode us p50 6 p99 13
render callbacks 11242
render underruns 0 over 0 frames
render overruns 0 over 0 frames
continuity expected 2880000 played 2233920 unbroken no
tone left 997.0 right 1997.0
continuity hole 646080 samples over 12000 frame periods
worst window hole 113520 samples
tone channels distinct yes
tone resolution 2.00 hz over 24000 frames
rtp off grid 0
rtp oversize 0
rtp foreign ssrc 0
decode failures 0
conceal us p50 3 p99 34
producer interval us p50 5000 p99 5000 max 5001
render interval us p50 5333 p99 5348 max 5366
ring occupancy frames min 2080 p50 2192 max 2320 of 4096 primed to 496 after a 33.3 ms device start
ring frames refused 0 consumed 2877952
jitter target ms 10 ceiling ms 30 over 8 slots
frame ms 5
device Altavoces del MacBook Pro (named) at 48000 Hz 2 ch 32 bit float with a 256 frame io buffer
bind 0.0.0.0:5012 ssrc 3194280549
odd cycles 0
measurements dropped 0
span s 60.0 device span s 60.0
window 0 s 10.0 rtp/s 200 lost 0 plc 443 played 1558 jitter underruns 443 callbacks 1876 underruns 0 overruns 0 expected 480240 played 373920 hole 106320 occupancy ms p50 10.0 p95 15.0 p99 15.0 min 0.0 max 15.0 over 2001 pulls
window 1 s 10.0 rtp/s 200 lost 0 plc 458 played 1543 jitter underruns 458 callbacks 1876 underruns 0 overruns 0 expected 480240 played 370320 hole 109920 occupancy ms p50 10.0 p95 15.0 p99 15.0 min 0.0 max 15.0 over 2001 pulls
window 2 s 10.0 rtp/s 200 lost 0 plc 455 played 1545 jitter underruns 455 callbacks 1876 underruns 0 overruns 0 expected 480000 played 370800 hole 109200 occupancy ms p50 10.0 p95 15.0 p99 15.0 min 0.0 max 15.0 over 2000 pulls
window 3 s 10.0 rtp/s 200 lost 0 plc 425 played 1576 jitter underruns 425 callbacks 1876 underruns 0 overruns 0 expected 480240 played 378240 hole 102000 occupancy ms p50 10.0 p95 15.0 p99 15.0 min 0.0 max 15.0 over 2001 pulls
window 4 s 10.0 rtp/s 200 lost 0 plc 473 played 1528 jitter underruns 473 callbacks 1875 underruns 0 overruns 0 expected 480240 played 366720 hole 113520 occupancy ms p50 10.0 p95 15.0 p99 15.0 min 0.0 max 15.0 over 2001 pulls
window 5 s 9.9 rtp/s 200 lost 0 plc 435 played 1552 jitter underruns 435 callbacks 1863 underruns 0 overruns 0 expected 476880 played 372480 hole 104400 occupancy ms p50 10.0 p95 15.0 p99 15.0 min 0.0 max 15.0 over 1987 pulls
