link      en0 192.168.1.108, autoselect
route     192.168.1.70 reachable from 192.168.1.108 on tcp/22; ICMP is filtered
clocks    host GPU locked to 2000-2700 MHz core, 9001 MHz memory
source    monitor 1920x1080@120
receiver  listening on 192.168.1.108:5004, negotiating on 5005
sender    1080p 90 fps paced NV12 -> NVENC 25 Mbps -> RTP burst to :5004 for 120 s

device NVIDIA GeForce RTX 4060 Ti (10de:2803, 7949 MB VRAM, feature level 11.1) driving \\.\DISPLAY10 at 1920x1080
warning: paced mode against a live source measures the beat between two 90 Hz clocks as much as the pipeline; prefer --mode uncapped
H.264 input formats: [NV_ENC_BUFFER_FORMAT_NV12, NV_ENC_BUFFER_FORMAT_YV12, NV_ENC_BUFFER_FORMAT_IYUV, NV_ENC_BUFFER_FORMAT_YUV444, NV_ENC_BUFFER_FORMAT_ARGB, NV_ENC_BUFFER_FORMAT_ABGR, NV_ENC_BUFFER_FORMAT_AYUV, NV_ENC_BUFFER_FORMAT_ARGB10, NV_ENC_BUFFER_FORMAT_ABGR10]
sequence header 34 bytes: SPS 22 bytes, PPS 4 bytes
control listening on 0.0.0.0:5005
control session with 192.168.1.108:59584
config generation 1 acknowledged
service class BestEffort: nothing requested
config 1920x1080 @ 90 fps, 25 Mbps, P1 Ll CBR, Nv12 input, Dda source, IDR interval 120, async 4 slots, Paced
frames 10800 in 120.000 s = 90.00 frames/s, pool exhaustions 0
phase requests: 0 relayed to 127.0.0.1:5010, 0.00 ms asked for, 0 not sent
capture acquire    p50 5.117 ms p95 8.167 ms p99 8.602 ms max 16.530 ms
DDA AcquireNextFrame S_OK 10800 = 90.00/s
DDA desktop updates (LastPresentTime != 0) 10800 = 90.00/s
DDA pointer-only (LastPresentTime == 0, LastMouseUpdateTime != 0) 0 = 0.00/s
DDA other updates (both timestamps zero) 0 = 0.00/s
DDA AccumulatedFrames p50 1 p95 2 p99 2 max 121
capture newer frames accumulated while busy: 3286
admission wait     p50 0.000 ms p95 0.001 ms p99 0.001 ms max 0.026 ms
map input          p50 0.092 ms p95 0.140 ms p99 0.176 ms max 0.845 ms
submit CPU         p50 0.062 ms p95 0.090 ms p99 0.135 ms max 0.303 ms
HW completion      p50 2.004 ms p95 4.105 ms p99 4.427 ms max 5.303 ms
lock after event   p50 0.005 ms p95 0.007 ms p99 0.010 ms max 0.041 ms
bitstream copy     p50 0.007 ms p95 0.013 ms p99 0.023 ms max 0.085 ms
unlock             p50 0.004 ms p95 4.666 ms p99 5.843 ms max 15.534 ms
network send       p50 0.048 ms p95 0.085 ms p99 0.115 ms max 0.393 ms
RTP/UDP sent 97841 packets, 110662111 bytes, 0 errors
RGB->NV12 CPU      p50 0.011 ms p95 0.017 ms p99 0.044 ms max 0.194 ms
RGB->NV12 GPU      p50 5.719 ms p95 9.244 ms p99 10.934 ms max 13.106 ms
encoder residency  p50 2.016 ms p95 4.120 ms p99 4.441 ms max 5.314 ms
slot residency     p50 7.530 ms p95 16.238 ms p99 17.309 ms max 27.044 ms
P completion       p50 2.005 ms p95 4.106 ms p99 4.427 ms max 5.303 ms
IDR completion     p50 1.944 ms p95 3.881 ms p99 4.023 ms max 4.063 ms
P frame            n=10710 p50 9198 B p95 12164 B p99 28008 B max 29476 B
IDR                n=90 p50 28645 B p95 30483 B p99 30557 B max 30770 B
output 7.19 Mbit/s, 107781961 bytes over 10800 frames
resident memory start 57.2 MB end 70.0 MB peak 70.0 MB delta +12.8 MB

windows of 10 s  (encode Hz, completion and capture p99 in ms, wire Mbit/s)
      0-10        900 fr    90.0 Hz  enc p99   2.626  cap p99  10.567    7.26 Mbit/s  late 0
     10-20        900 fr    90.1 Hz  enc p99   3.062  cap p99  13.452    7.28 Mbit/s  late 0
     20-30        900 fr    90.1 Hz  enc p99   3.379  cap p99  13.563    7.42 Mbit/s  late 0
     30-40        900 fr    90.1 Hz  enc p99   3.793  cap p99  10.824    7.24 Mbit/s  late 0
     40-50        900 fr    90.1 Hz  enc p99   4.183  cap p99   8.385    7.20 Mbit/s  late 0
     50-60        900 fr    90.1 Hz  enc p99   4.428  cap p99   8.226    7.10 Mbit/s  late 0
     60-70        900 fr    90.1 Hz  enc p99   4.569  cap p99   8.304    7.19 Mbit/s  late 0
     70-80        900 fr    90.1 Hz  enc p99   4.548  cap p99   8.409    7.00 Mbit/s  late 0
     80-90        900 fr    90.1 Hz  enc p99   4.470  cap p99   8.354    7.12 Mbit/s  late 0
     90-100       900 fr    90.1 Hz  enc p99   2.146  cap p99   8.380    7.08 Mbit/s  late 0
    100-110       900 fr    90.1 Hz  enc p99   2.008  cap p99   8.310    7.14 Mbit/s  late 0
    110-120       900 fr    90.1 Hz  enc p99   1.995  cap p99   8.362    7.26 Mbit/s  late 0

  [pass] frames completed                 10800 of 10800
  [pass] completion within a period       p99 4.427 ms against 11.111 ms
  [pass] bitstream produced               107781961 bytes
  [pass] frames in order                  true
  [pass] paced rate held                  90.00 of 90 fps, 0 pool exhaustions
  [pass] socket accepted every datagram   0 send errors
gate: PASS


host gate   PASS
client gate FAIL (1)
report      /Users/adria/Documents/programacion/projects/lanplay/results/network/fps-shootout-120s-3x-25m/arms/clean90-r1.json
