link      en0 192.168.1.108, autoselect
route     192.168.1.70 reachable from 192.168.1.108 on tcp/22; ICMP is filtered
clocks    host GPU locked to 2000-2700 MHz core, 9001 MHz memory
source    monitor 1920x1080@120
receiver  listening on 192.168.1.108:5004, negotiating on 5005
sender    1080p 60 fps paced NV12 -> NVENC 25 Mbps -> RTP burst to :5004 for 120 s

device NVIDIA GeForce RTX 4060 Ti (10de:2803, 7949 MB VRAM, feature level 11.1) driving \\.\DISPLAY10 at 1920x1080
warning: paced mode against a live source measures the beat between two 60 Hz clocks as much as the pipeline; prefer --mode uncapped
H.264 input formats: [NV_ENC_BUFFER_FORMAT_NV12, NV_ENC_BUFFER_FORMAT_YV12, NV_ENC_BUFFER_FORMAT_IYUV, NV_ENC_BUFFER_FORMAT_YUV444, NV_ENC_BUFFER_FORMAT_ARGB, NV_ENC_BUFFER_FORMAT_ABGR, NV_ENC_BUFFER_FORMAT_AYUV, NV_ENC_BUFFER_FORMAT_ARGB10, NV_ENC_BUFFER_FORMAT_ABGR10]
sequence header 34 bytes: SPS 22 bytes, PPS 4 bytes
control listening on 0.0.0.0:5005
control session with 192.168.1.108:63771
config generation 1 acknowledged
service class BestEffort: nothing requested
config 1920x1080 @ 60 fps, 25 Mbps, P1 Ll CBR, Nv12 input, Dda source, IDR interval 120, async 4 slots, Paced
frames 7200 in 119.992 s = 60.00 frames/s, pool exhaustions 0
phase requests: 0 relayed to 127.0.0.1:5010, 0.00 ms asked for, 0 not sent
capture acquire    p50 5.228 ms p95 5.916 ms p99 6.327 ms max 9.233 ms
DDA AcquireNextFrame S_OK 7200 = 60.00/s
DDA desktop updates (LastPresentTime != 0) 7200 = 60.00/s
DDA pointer-only (LastPresentTime == 0, LastMouseUpdateTime != 0) 0 = 0.00/s
DDA other updates (both timestamps zero) 0 = 0.00/s
DDA AccumulatedFrames p50 2 p95 2 p99 3 max 173
capture newer frames accumulated while busy: 7358
admission wait     p50 0.001 ms p95 0.001 ms p99 0.001 ms max 0.026 ms
map input          p50 0.092 ms p95 0.141 ms p99 0.179 ms max 0.797 ms
submit CPU         p50 0.065 ms p95 0.095 ms p99 0.134 ms max 0.365 ms
HW completion      p50 2.080 ms p95 3.033 ms p99 3.279 ms max 7.476 ms
lock after event   p50 0.005 ms p95 0.007 ms p99 0.011 ms max 0.043 ms
bitstream copy     p50 0.022 ms p95 0.035 ms p99 0.048 ms max 0.211 ms
unlock             p50 0.004 ms p95 0.006 ms p99 0.008 ms max 1.021 ms
network send       p50 0.144 ms p95 0.235 ms p99 0.336 ms max 0.442 ms
RTP/UDP sent 279967 packets, 331628736 bytes, 0 errors
RGB->NV12 CPU      p50 0.011 ms p95 0.015 ms p99 0.019 ms max 0.139 ms
RGB->NV12 GPU      p50 11.035 ms p95 15.960 ms p99 16.538 ms max 17.019 ms
encoder residency  p50 2.107 ms p95 3.062 ms p99 3.309 ms max 7.511 ms
slot residency     p50 7.780 ms p95 8.651 ms p99 8.981 ms max 17.982 ms
P completion       p50 2.080 ms p95 3.033 ms p99 3.276 ms max 7.476 ms
IDR completion     p50 2.069 ms p95 2.998 ms p99 3.082 ms max 3.392 ms
P frame            n=7140 p50 44464 B p95 51846 B p99 56511 B max 65248 B
IDR                n=60 p50 52887 B p95 69264 B p99 69334 B max 69372 B
output 21.55 Mbit/s, 323266446 bytes over 7200 frames
resident memory start 57.0 MB end 68.9 MB peak 68.9 MB delta +11.9 MB

windows of 10 s  (encode Hz, completion and capture p99 in ms, wire Mbit/s)
      0-10        600 fr    60.1 Hz  enc p99   3.041  cap p99   6.637   21.40 Mbit/s  late 0
     10-20        600 fr    60.1 Hz  enc p99   1.981  cap p99   6.657   21.75 Mbit/s  late 0
     20-30        600 fr    60.1 Hz  enc p99   2.000  cap p99   6.299   21.48 Mbit/s  late 0
     30-40        600 fr    60.1 Hz  enc p99   2.225  cap p99   6.234   21.60 Mbit/s  late 0
     40-50        600 fr    60.1 Hz  enc p99   2.894  cap p99   6.241   21.59 Mbit/s  late 0
     50-60        600 fr    60.1 Hz  enc p99   3.098  cap p99   6.131   21.43 Mbit/s  late 0
     60-70        600 fr    60.1 Hz  enc p99   3.188  cap p99   6.038   21.56 Mbit/s  late 0
     70-80        600 fr    60.1 Hz  enc p99   3.215  cap p99   5.973   21.52 Mbit/s  late 0
     80-90        600 fr    60.1 Hz  enc p99   3.326  cap p99   6.092   21.53 Mbit/s  late 0
     90-100       600 fr    60.1 Hz  enc p99   3.423  cap p99   6.157   21.62 Mbit/s  late 0
    100-110       600 fr    60.1 Hz  enc p99   3.356  cap p99   6.114   21.85 Mbit/s  late 0
    110-120       600 fr    60.1 Hz  enc p99   3.280  cap p99   6.333   21.70 Mbit/s  late 0

  [pass] frames completed                 7200 of 7200
  [pass] completion within a period       p99 3.279 ms against 16.667 ms
  [pass] bitstream produced               323266446 bytes
  [pass] frames in order                  true
  [pass] paced rate held                  60.00 of 60 fps, 0 pool exhaustions
  [pass] socket accepted every datagram   0 send errors
gate: PASS


host gate   PASS
client gate PASS
report      /Users/adria/Documents/programacion/projects/lanplay/results/network/fps-shootout-120s-3x-25m/arms/clean60-r3.json
