link      en0 192.168.1.108, autoselect
route     192.168.1.70 reachable from 192.168.1.108 on tcp/22; ICMP is filtered
clocks    host GPU locked to 2000-2700 MHz core, 9001 MHz memory
source    monitor 1920x1080@120
receiver  listening on 192.168.1.108:5004, negotiating on 5005
sender    1080p 120 fps uncapped NV12 -> NVENC 25 Mbps -> RTP burst to :5004 for 120 s

device NVIDIA GeForce RTX 4060 Ti (10de:2803, 7949 MB VRAM, feature level 11.1) driving \\.\DISPLAY10 at 1920x1080
H.264 input formats: [NV_ENC_BUFFER_FORMAT_NV12, NV_ENC_BUFFER_FORMAT_YV12, NV_ENC_BUFFER_FORMAT_IYUV, NV_ENC_BUFFER_FORMAT_YUV444, NV_ENC_BUFFER_FORMAT_ARGB, NV_ENC_BUFFER_FORMAT_ABGR, NV_ENC_BUFFER_FORMAT_AYUV, NV_ENC_BUFFER_FORMAT_ARGB10, NV_ENC_BUFFER_FORMAT_ABGR10]
sequence header 34 bytes: SPS 22 bytes, PPS 4 bytes
control listening on 0.0.0.0:5005
control session with 192.168.1.108:65186
config generation 1 acknowledged
service class BestEffort: nothing requested
config 1920x1080 @ 120 fps, 25 Mbps, P1 Ll CBR, Nv12 input, Dda source, IDR interval 120, async 4 slots, Uncapped
frames 14400 in 119.975 s = 120.02 frames/s, pool exhaustions 0
phase requests: 0 relayed to 127.0.0.1:5010, 0.00 ms asked for, 0 not sent
capture acquire    p50 8.170 ms p95 9.315 ms p99 9.786 ms max 14.799 ms
DDA AcquireNextFrame S_OK 14400 = 120.02/s
DDA desktop updates (LastPresentTime != 0) 14400 = 120.02/s
DDA pointer-only (LastPresentTime == 0, LastMouseUpdateTime != 0) 0 = 0.00/s
DDA other updates (both timestamps zero) 0 = 0.00/s
DDA AccumulatedFrames p50 1 p95 1 p99 1 max 68
capture newer frames accumulated while busy: 69
admission wait     p50 0.000 ms p95 0.001 ms p99 0.001 ms max 0.003 ms
map input          p50 0.082 ms p95 0.134 ms p99 0.172 ms max 0.831 ms
submit CPU         p50 0.061 ms p95 0.097 ms p99 0.135 ms max 0.465 ms
HW completion      p50 1.887 ms p95 2.486 ms p99 2.895 ms max 13.559 ms
lock after event   p50 0.004 ms p95 0.006 ms p99 0.008 ms max 0.075 ms
bitstream copy     p50 0.007 ms p95 0.013 ms p99 0.021 ms max 0.078 ms
unlock             p50 6.236 ms p95 7.389 ms p99 7.842 ms max 13.111 ms
network send       p50 0.050 ms p95 0.086 ms p99 0.125 ms max 0.407 ms
RTP/UDP sent 141976 packets, 161391025 bytes, 0 errors
RGB->NV12 CPU      p50 0.011 ms p95 0.049 ms p99 0.084 ms max 0.229 ms
RGB->NV12 GPU      p50 0.014 ms p95 0.281 ms p99 0.383 ms max 3.384 ms
encoder residency  p50 1.898 ms p95 2.498 ms p99 2.907 ms max 13.582 ms
slot residency     p50 16.531 ms p95 17.660 ms p99 18.144 ms max 22.434 ms
P completion       p50 1.887 ms p95 2.488 ms p99 2.896 ms max 13.559 ms
IDR completion     p50 1.858 ms p95 2.438 ms p99 2.585 ms max 2.885 ms
P frame            n=14280 p50 10349 B p95 13325 B p99 23993 B max 24364 B
IDR                n=120 p50 28594 B p95 30495 B p99 30628 B max 30719 B
output 10.48 Mbit/s, 157205187 bytes over 14400 frames
resident memory start 57.0 MB end 71.2 MB peak 71.2 MB delta +14.2 MB

windows of 10 s  (encode Hz, completion and capture p99 in ms, wire Mbit/s)
      0-10       1201 fr   120.2 Hz  enc p99   2.085  cap p99   9.891   10.54 Mbit/s  late 0
     10-20       1200 fr   120.1 Hz  enc p99   2.182  cap p99   9.854   10.46 Mbit/s  late 0
     20-30       1201 fr   120.2 Hz  enc p99   2.935  cap p99   9.878   10.54 Mbit/s  late 0
     30-40       1200 fr   120.1 Hz  enc p99   2.458  cap p99   9.736   10.47 Mbit/s  late 1
     40-50       1200 fr   120.1 Hz  enc p99   2.042  cap p99   9.784   10.47 Mbit/s  late 0
     50-60       1200 fr   120.1 Hz  enc p99   2.137  cap p99   9.806   10.51 Mbit/s  late 0
     60-70       1201 fr   120.2 Hz  enc p99   2.518  cap p99   9.909   10.61 Mbit/s  late 0
     70-80       1200 fr   120.1 Hz  enc p99   2.900  cap p99   9.797   10.47 Mbit/s  late 0
     80-90       1200 fr   120.1 Hz  enc p99   2.980  cap p99   9.428   10.58 Mbit/s  late 0
     90-100      1200 fr   120.1 Hz  enc p99   3.135  cap p99   9.720   10.41 Mbit/s  late 0
    100-110      1200 fr   120.1 Hz  enc p99   2.860  cap p99   9.608   10.34 Mbit/s  late 0
    110-120      1197 fr   120.1 Hz  enc p99   2.975  cap p99   9.441   10.49 Mbit/s  late 0

  [pass] frames completed                 14400 of 14400
  [pass] completion within a period       p99 2.895 ms against 8.333 ms
  [pass] bitstream produced               157205187 bytes
  [pass] frames in order                  true
  [pass] paced rate held                  120.02 of 120 fps, 0 pool exhaustions
  [pass] socket accepted every datagram   0 send errors
gate: PASS


host gate   PASS
client gate FAIL (1)
report      /Users/adria/Documents/programacion/projects/lanplay/results/network/fps-shootout-120s-3x-25m/arms/clean120-r3.json
