link      en0 192.168.1.108, autoselect
route     192.168.1.70 reachable from 192.168.1.108 on tcp/22; ICMP is filtered
clocks    host GPU locked to 2000-2700 MHz core, 9001 MHz memory
source    monitor 1920x1080@120
receiver  listening on 192.168.1.108:5004, negotiating on 5005
sender    1080p 120 fps uncapped NV12 -> NVENC 25 Mbps -> RTP burst to :5004 for 120 s

device NVIDIA GeForce RTX 4060 Ti (10de:2803, 7949 MB VRAM, feature level 11.1) driving \\.\DISPLAY10 at 1920x1080
H.264 input formats: [NV_ENC_BUFFER_FORMAT_NV12, NV_ENC_BUFFER_FORMAT_YV12, NV_ENC_BUFFER_FORMAT_IYUV, NV_ENC_BUFFER_FORMAT_YUV444, NV_ENC_BUFFER_FORMAT_ARGB, NV_ENC_BUFFER_FORMAT_ABGR, NV_ENC_BUFFER_FORMAT_AYUV, NV_ENC_BUFFER_FORMAT_ARGB10, NV_ENC_BUFFER_FORMAT_ABGR10]
sequence header 34 bytes: SPS 22 bytes, PPS 4 bytes
control listening on 0.0.0.0:5005
control session with 192.168.1.108:59079
config generation 1 acknowledged
service class BestEffort: nothing requested
config 1920x1080 @ 120 fps, 25 Mbps, P1 Ll CBR, Nv12 input, Dda source, IDR interval 120, async 4 slots, Uncapped
frames 14400 in 121.328 s = 118.69 frames/s, pool exhaustions 0
phase requests: 0 relayed to 127.0.0.1:5010, 0.00 ms asked for, 0 not sent
capture acquire    p50 8.204 ms p95 8.656 ms p99 15.457 ms max 17.229 ms
DDA AcquireNextFrame S_OK 14400 = 118.69/s
DDA desktop updates (LastPresentTime != 0) 14400 = 118.69/s
DDA pointer-only (LastPresentTime == 0, LastMouseUpdateTime != 0) 0 = 0.00/s
DDA other updates (both timestamps zero) 0 = 0.00/s
DDA AccumulatedFrames p50 1 p95 1 p99 1 max 125
capture newer frames accumulated while busy: 124
admission wait     p50 0.000 ms p95 0.001 ms p99 0.001 ms max 0.035 ms
map input          p50 0.086 ms p95 0.136 ms p99 0.173 ms max 0.841 ms
submit CPU         p50 0.061 ms p95 0.091 ms p99 0.129 ms max 0.303 ms
HW completion      p50 1.907 ms p95 4.055 ms p99 4.448 ms max 5.254 ms
lock after event   p50 0.004 ms p95 0.006 ms p99 0.009 ms max 0.031 ms
bitstream copy     p50 0.007 ms p95 0.012 ms p99 0.020 ms max 0.107 ms
unlock             p50 5.995 ms p95 6.749 ms p99 13.267 ms max 15.062 ms
network send       p50 0.052 ms p95 0.090 ms p99 0.113 ms max 0.253 ms
RTP/UDP sent 141681 packets, 160956982 bytes, 0 errors
RGB->NV12 CPU      p50 0.013 ms p95 0.051 ms p99 0.083 ms max 0.213 ms
RGB->NV12 GPU      p50 0.014 ms p95 0.306 ms p99 2.528 ms max 3.679 ms
encoder residency  p50 1.919 ms p95 4.068 ms p99 4.462 ms max 5.271 ms
slot residency     p50 16.499 ms p95 17.159 ms p99 24.678 ms max 26.305 ms
P completion       p50 1.907 ms p95 4.057 ms p99 4.449 ms max 5.254 ms
IDR completion     p50 1.841 ms p95 3.990 ms p99 4.065 ms max 4.438 ms
P frame            n=14280 p50 10340 B p95 13178 B p99 23971 B max 24433 B
IDR                n=120 p50 28371 B p95 30237 B p99 30479 B max 30736 B
output 10.34 Mbit/s, 156779992 bytes over 14400 frames
resident memory start 57.2 MB end 70.7 MB peak 70.7 MB delta +13.6 MB

windows of 10 s  (encode Hz, completion and capture p99 in ms, wire Mbit/s)
      0-10       1110 fr   111.0 Hz  enc p99   3.528  cap p99  16.699    9.60 Mbit/s  late 0
     10-20       1135 fr   113.6 Hz  enc p99   3.829  cap p99  16.793    9.71 Mbit/s  late 0
     20-30       1196 fr   119.7 Hz  enc p99   4.199  cap p99   8.794   10.52 Mbit/s  late 0
     30-40       1199 fr   120.1 Hz  enc p99   4.500  cap p99   8.742   10.40 Mbit/s  late 0
     40-50       1201 fr   120.1 Hz  enc p99   4.565  cap p99   8.692   10.54 Mbit/s  late 0
     50-60       1200 fr   120.1 Hz  enc p99   4.674  cap p99   8.766   10.47 Mbit/s  late 0
     60-70       1200 fr   120.1 Hz  enc p99   4.471  cap p99   8.745   10.51 Mbit/s  late 0
     70-80       1200 fr   120.1 Hz  enc p99   3.190  cap p99   8.737   10.46 Mbit/s  late 0
     80-90       1200 fr   120.1 Hz  enc p99   2.020  cap p99   8.759   10.48 Mbit/s  late 0
     90-100      1200 fr   120.1 Hz  enc p99   2.021  cap p99   8.763   10.48 Mbit/s  late 0
    100-110      1200 fr   120.1 Hz  enc p99   1.986  cap p99   8.745   10.38 Mbit/s  late 0
    110-120      1200 fr   120.1 Hz  enc p99   1.987  cap p99   8.705   10.61 Mbit/s  late 0
    120-130       159 fr   120.8 Hz  enc p99   1.923  cap p99   8.699   10.41 Mbit/s  late 0

  [pass] frames completed                 14400 of 14400
  [pass] completion within a period       p99 4.448 ms against 8.333 ms
  [pass] bitstream produced               156779992 bytes
  [pass] frames in order                  true
  [pass] paced rate held                  118.69 of 120 fps, 0 pool exhaustions
  [pass] socket accepted every datagram   0 send errors
gate: PASS


host gate   PASS
client gate FAIL (1)
report      /Users/adria/Documents/programacion/projects/lanplay/results/network/fps-shootout-120s-3x-25m/arms/clean120-r1.json
