link      en0 192.168.1.108, autoselect
route     192.168.1.70 reachable from 192.168.1.108 on tcp/22; ICMP is filtered
clocks    host GPU locked to 2000-2700 MHz core, 9001 MHz memory
source    monitor 1920x1080@120
receiver  listening on 192.168.1.108:5004, negotiating on 5005
sender    1080p 120 fps uncapped NV12 -> NVENC 25 Mbps -> RTP burst to :5116 for 120 s

device NVIDIA GeForce RTX 4060 Ti (10de:2803, 7949 MB VRAM, feature level 11.1) driving \\.\DISPLAY10 at 1920x1080
H.264 input formats: [NV_ENC_BUFFER_FORMAT_NV12, NV_ENC_BUFFER_FORMAT_YV12, NV_ENC_BUFFER_FORMAT_IYUV, NV_ENC_BUFFER_FORMAT_YUV444, NV_ENC_BUFFER_FORMAT_ARGB, NV_ENC_BUFFER_FORMAT_ABGR, NV_ENC_BUFFER_FORMAT_AYUV, NV_ENC_BUFFER_FORMAT_ARGB10, NV_ENC_BUFFER_FORMAT_ABGR10]
sequence header 34 bytes: SPS 22 bytes, PPS 4 bytes
control listening on 0.0.0.0:5005
control session with 192.168.1.108:60525
config generation 1 acknowledged
service class BestEffort: nothing requested
config 1920x1080 @ 120 fps, 25 Mbps, P1 Ll CBR, Nv12 input, Dda source, IDR interval 120, async 4 slots, Uncapped
frames 14400 in 123.541 s = 116.56 frames/s, pool exhaustions 0
phase requests: 0 relayed to 127.0.0.1:5010, 0.00 ms asked for, 0 not sent
capture acquire    p50 8.207 ms p95 8.829 ms p99 16.590 ms max 17.428 ms
DDA AcquireNextFrame S_OK 14400 = 116.56/s
DDA desktop updates (LastPresentTime != 0) 14400 = 116.56/s
DDA pointer-only (LastPresentTime == 0, LastMouseUpdateTime != 0) 0 = 0.00/s
DDA other updates (both timestamps zero) 0 = 0.00/s
DDA AccumulatedFrames p50 1 p95 1 p99 1 max 193
capture newer frames accumulated while busy: 192
admission wait     p50 0.000 ms p95 0.001 ms p99 0.001 ms max 0.023 ms
map input          p50 0.085 ms p95 0.131 ms p99 0.169 ms max 0.814 ms
submit CPU         p50 0.061 ms p95 0.089 ms p99 0.125 ms max 0.350 ms
HW completion      p50 1.972 ms p95 4.102 ms p99 4.442 ms max 5.435 ms
lock after event   p50 0.004 ms p95 0.006 ms p99 0.009 ms max 0.034 ms
bitstream copy     p50 0.007 ms p95 0.013 ms p99 0.020 ms max 0.073 ms
unlock             p50 5.962 ms p95 6.820 ms p99 14.601 ms max 15.581 ms
network send       p50 0.051 ms p95 0.086 ms p99 0.108 ms max 0.493 ms
RTP/UDP sent 140744 packets, 159886996 bytes, 0 errors
RGB->NV12 CPU      p50 0.014 ms p95 0.051 ms p99 0.084 ms max 0.181 ms
RGB->NV12 GPU      p50 0.014 ms p95 0.298 ms p99 2.537 ms max 4.531 ms
encoder residency  p50 1.983 ms p95 4.115 ms p99 4.453 ms max 5.449 ms
slot residency     p50 16.526 ms p95 24.096 ms p99 25.119 ms max 33.695 ms
P completion       p50 1.972 ms p95 4.103 ms p99 4.442 ms max 5.435 ms
IDR completion     p50 1.980 ms p95 4.006 ms p99 4.244 ms max 4.539 ms
P frame            n=14280 p50 10250 B p95 13149 B p99 23977 B max 24403 B
IDR                n=120 p50 28404 B p95 30469 B p99 30609 B max 30628 B
output 10.08 Mbit/s, 155738116 bytes over 14400 frames
resident memory start 57.1 MB end 71.2 MB peak 71.2 MB delta +14.1 MB

windows of 10 s  (encode Hz, completion and capture p99 in ms, wire Mbit/s)
      0-10       1194 fr   119.5 Hz  enc p99   2.115  cap p99   9.065   10.50 Mbit/s  late 0
     10-20       1177 fr   117.8 Hz  enc p99   2.060  cap p99  16.583   10.21 Mbit/s  late 0
     20-30       1142 fr   114.3 Hz  enc p99   2.193  cap p99  16.840    9.77 Mbit/s  late 0
     30-40       1104 fr   110.5 Hz  enc p99   2.916  cap p99  16.883    9.41 Mbit/s  late 0
     40-50       1101 fr   110.2 Hz  enc p99   3.489  cap p99  16.550    9.31 Mbit/s  late 0
     50-60       1085 fr   108.6 Hz  enc p99   3.676  cap p99  16.816    9.10 Mbit/s  late 0
     60-70       1173 fr   117.4 Hz  enc p99   4.002  cap p99  16.538   10.25 Mbit/s  late 0
     70-80       1199 fr   120.0 Hz  enc p99   4.421  cap p99   8.737   10.49 Mbit/s  late 0
     80-90       1200 fr   120.1 Hz  enc p99   4.524  cap p99   8.718   10.47 Mbit/s  late 0
     90-100      1200 fr   120.1 Hz  enc p99   4.536  cap p99   8.731   10.54 Mbit/s  late 0
    100-110      1200 fr   120.1 Hz  enc p99   4.593  cap p99   8.751   10.48 Mbit/s  late 0
    110-120      1200 fr   120.1 Hz  enc p99   3.328  cap p99   8.736   10.43 Mbit/s  late 0
    120-130       425 fr   120.3 Hz  enc p99   2.001  cap p99   8.697   10.51 Mbit/s  late 0

  [pass] frames completed                 14400 of 14400
  [pass] completion within a period       p99 4.442 ms against 8.333 ms
  [pass] bitstream produced               155738116 bytes
  [pass] frames in order                  true
  [pass] paced rate held                  116.56 of 120 fps, 0 pool exhaustions
  [pass] socket accepted every datagram   0 send errors
gate: PASS


host gate   PASS
client gate FAIL (1)
report      /Users/adria/Documents/programacion/projects/lanplay/results/network/fps-shootout-120s-3x-25m/arms/hold120-r1.json
