link      en0 192.168.1.108, autoselect
route     192.168.1.70 reachable from 192.168.1.108 on tcp/22; ICMP is filtered
clocks    host GPU locked to 2000-2700 MHz core, 9001 MHz memory
source    monitor 1920x1080@120
receiver  listening on 192.168.1.108:5004, negotiating on 5005
sender    1080p 60 fps paced NV12 -> NVENC 25 Mbps -> RTP burst to :5116 for 120 s

device NVIDIA GeForce RTX 4060 Ti (10de:2803, 7949 MB VRAM, feature level 11.1) driving \\.\DISPLAY10 at 1920x1080
warning: paced mode against a live source measures the beat between two 60 Hz clocks as much as the pipeline; prefer --mode uncapped
H.264 input formats: [NV_ENC_BUFFER_FORMAT_NV12, NV_ENC_BUFFER_FORMAT_YV12, NV_ENC_BUFFER_FORMAT_IYUV, NV_ENC_BUFFER_FORMAT_YUV444, NV_ENC_BUFFER_FORMAT_ARGB, NV_ENC_BUFFER_FORMAT_ABGR, NV_ENC_BUFFER_FORMAT_AYUV, NV_ENC_BUFFER_FORMAT_ARGB10, NV_ENC_BUFFER_FORMAT_ABGR10]
sequence header 34 bytes: SPS 22 bytes, PPS 4 bytes
control listening on 0.0.0.0:5005
control session with 192.168.1.108:61535
config generation 1 acknowledged
service class BestEffort: nothing requested
config 1920x1080 @ 60 fps, 25 Mbps, P1 Ll CBR, Nv12 input, Dda source, IDR interval 120, async 4 slots, Paced
frames 7200 in 119.994 s = 60.00 frames/s, pool exhaustions 0
phase requests: 0 relayed to 127.0.0.1:5010, 0.00 ms asked for, 0 not sent
capture acquire    p50 7.264 ms p95 7.785 ms p99 7.969 ms max 8.444 ms
DDA AcquireNextFrame S_OK 7200 = 60.00/s
DDA desktop updates (LastPresentTime != 0) 7200 = 60.00/s
DDA pointer-only (LastPresentTime == 0, LastMouseUpdateTime != 0) 0 = 0.00/s
DDA other updates (both timestamps zero) 0 = 0.00/s
DDA AccumulatedFrames p50 2 p95 2 p99 2 max 75
capture newer frames accumulated while busy: 7261
admission wait     p50 0.001 ms p95 0.001 ms p99 0.001 ms max 0.039 ms
map input          p50 0.106 ms p95 0.159 ms p99 0.200 ms max 1.025 ms
submit CPU         p50 0.067 ms p95 0.098 ms p99 0.140 ms max 0.267 ms
HW completion      p50 1.777 ms p95 4.099 ms p99 4.417 ms max 5.285 ms
lock after event   p50 0.005 ms p95 0.008 ms p99 0.012 ms max 0.043 ms
bitstream copy     p50 0.021 ms p95 0.032 ms p99 0.045 ms max 0.184 ms
unlock             p50 0.005 ms p95 0.006 ms p99 0.009 ms max 0.038 ms
network send       p50 0.131 ms p95 0.204 ms p99 0.293 ms max 0.490 ms
RTP/UDP sent 278625 packets, 330040571 bytes, 0 errors
RGB->NV12 CPU      p50 0.013 ms p95 0.018 ms p99 0.023 ms max 0.069 ms
RGB->NV12 GPU      p50 9.294 ms p95 11.591 ms p99 16.016 ms max 16.925 ms
encoder residency  p50 1.806 ms p95 4.129 ms p99 4.446 ms max 5.339 ms
slot residency     p50 9.446 ms p95 11.603 ms p99 12.069 ms max 13.341 ms
P completion       p50 1.776 ms p95 4.100 ms p99 4.416 ms max 5.285 ms
IDR completion     p50 1.902 ms p95 4.056 ms p99 4.388 ms max 4.718 ms
P frame            n=7140 p50 44370 B p95 52768 B p99 56885 B max 64989 B
IDR                n=60 p50 54151 B p95 54864 B p99 69686 B max 69797 B
output 21.45 Mbit/s, 321718541 bytes over 7200 frames
resident memory start 57.2 MB end 69.3 MB peak 69.3 MB delta +12.1 MB

windows of 10 s  (encode Hz, completion and capture p99 in ms, wire Mbit/s)
      0-10        600 fr    60.1 Hz  enc p99   4.042  cap p99   7.865   21.34 Mbit/s  late 0
     10-20        600 fr    60.1 Hz  enc p99   4.503  cap p99   7.868   21.48 Mbit/s  late 0
     20-30        600 fr    60.1 Hz  enc p99   4.590  cap p99   7.912   21.42 Mbit/s  late 0
     30-40        600 fr    60.1 Hz  enc p99   4.481  cap p99   8.018   21.51 Mbit/s  late 0
     40-50        600 fr    60.1 Hz  enc p99   4.367  cap p99   7.960   21.48 Mbit/s  late 0
     50-60        600 fr    60.1 Hz  enc p99   2.110  cap p99   8.050   21.49 Mbit/s  late 0
     60-70        600 fr    60.1 Hz  enc p99   1.928  cap p99   8.015   21.57 Mbit/s  late 0
     70-80        600 fr    60.1 Hz  enc p99   1.952  cap p99   7.956   21.51 Mbit/s  late 0
     80-90        600 fr    60.1 Hz  enc p99   1.943  cap p99   7.981   21.50 Mbit/s  late 0
     90-100       600 fr    60.1 Hz  enc p99   1.946  cap p99   8.033   21.46 Mbit/s  late 0
    100-110       600 fr    60.1 Hz  enc p99   1.930  cap p99   7.962   21.61 Mbit/s  late 0
    110-120       600 fr    60.1 Hz  enc p99   1.890  cap p99   7.950   21.43 Mbit/s  late 0

  [pass] frames completed                 7200 of 7200
  [pass] completion within a period       p99 4.417 ms against 16.667 ms
  [pass] bitstream produced               321718541 bytes
  [pass] frames in order                  true
  [pass] paced rate held                  60.00 of 60 fps, 0 pool exhaustions
  [pass] socket accepted every datagram   0 send errors
gate: PASS


host gate   PASS
client gate FAIL (1)
report      /Users/adria/Documents/programacion/projects/lanplay/results/network/fps-shootout-120s-3x-25m/arms/hold60-r1.json
