link      en0 192.168.1.108, autoselect
route     192.168.1.70 reachable from 192.168.1.108 on tcp/22; ICMP is filtered
clocks    host GPU locked to 2000-2700 MHz core, 9001 MHz memory
source    monitor 1920x1080@120
receiver  listening on 192.168.1.108:5004, negotiating on 5005
sender    1080p 60 fps paced NV12 -> NVENC 25 Mbps -> RTP burst to :5116 for 120 s

device NVIDIA GeForce RTX 4060 Ti (10de:2803, 7949 MB VRAM, feature level 11.1) driving \\.\DISPLAY10 at 1920x1080
warning: paced mode against a live source measures the beat between two 60 Hz clocks as much as the pipeline; prefer --mode uncapped
H.264 input formats: [NV_ENC_BUFFER_FORMAT_NV12, NV_ENC_BUFFER_FORMAT_YV12, NV_ENC_BUFFER_FORMAT_IYUV, NV_ENC_BUFFER_FORMAT_YUV444, NV_ENC_BUFFER_FORMAT_ARGB, NV_ENC_BUFFER_FORMAT_ABGR, NV_ENC_BUFFER_FORMAT_AYUV, NV_ENC_BUFFER_FORMAT_ARGB10, NV_ENC_BUFFER_FORMAT_ABGR10]
sequence header 34 bytes: SPS 22 bytes, PPS 4 bytes
control listening on 0.0.0.0:5005
control session with 192.168.1.108:63221
config generation 1 acknowledged
service class BestEffort: nothing requested
config 1920x1080 @ 60 fps, 25 Mbps, P1 Ll CBR, Nv12 input, Dda source, IDR interval 120, async 4 slots, Paced
frames 7200 in 119.991 s = 60.00 frames/s, pool exhaustions 0
phase requests: 0 relayed to 127.0.0.1:5010, 0.00 ms asked for, 0 not sent
capture acquire    p50 2.376 ms p95 7.939 ms p99 8.497 ms max 9.428 ms
DDA AcquireNextFrame S_OK 7200 = 60.00/s
DDA desktop updates (LastPresentTime != 0) 7200 = 60.00/s
DDA pointer-only (LastPresentTime == 0, LastMouseUpdateTime != 0) 0 = 0.00/s
DDA other updates (both timestamps zero) 0 = 0.00/s
DDA AccumulatedFrames p50 2 p95 2 p99 3 max 159
capture newer frames accumulated while busy: 7357
admission wait     p50 0.001 ms p95 0.001 ms p99 0.001 ms max 0.010 ms
map input          p50 0.095 ms p95 0.149 ms p99 0.179 ms max 0.834 ms
submit CPU         p50 0.067 ms p95 0.104 ms p99 0.127 ms max 0.259 ms
HW completion      p50 1.761 ms p95 2.209 ms p99 2.902 ms max 3.443 ms
lock after event   p50 0.005 ms p95 0.007 ms p99 0.009 ms max 0.044 ms
bitstream copy     p50 0.021 ms p95 0.039 ms p99 0.047 ms max 0.105 ms
unlock             p50 0.004 ms p95 0.006 ms p99 0.007 ms max 0.061 ms
network send       p50 0.128 ms p95 0.243 ms p99 0.289 ms max 0.452 ms
RTP/UDP sent 280083 packets, 331788268 bytes, 0 errors
RGB->NV12 CPU      p50 0.009 ms p95 0.015 ms p99 0.017 ms max 0.099 ms
RGB->NV12 GPU      p50 14.497 ms p95 16.491 ms p99 16.755 ms max 17.365 ms
encoder residency  p50 1.788 ms p95 2.240 ms p99 2.931 ms max 3.473 ms
slot residency     p50 4.346 ms p95 10.066 ms p99 10.552 ms max 11.505 ms
P completion       p50 1.760 ms p95 2.209 ms p99 2.898 ms max 3.443 ms
IDR completion     p50 1.899 ms p95 2.106 ms p99 2.610 ms max 3.036 ms
P frame            n=7140 p50 44480 B p95 51925 B p99 56656 B max 66419 B
IDR                n=60 p50 53126 B p95 67984 B p99 68523 B max 68724 B
output 21.56 Mbit/s, 323422498 bytes over 7200 frames
resident memory start 57.0 MB end 68.9 MB peak 68.9 MB delta +11.9 MB

windows of 10 s  (encode Hz, completion and capture p99 in ms, wire Mbit/s)
      0-10        600 fr    60.1 Hz  enc p99   2.059  cap p99   8.650   21.57 Mbit/s  late 0
     10-20        600 fr    60.1 Hz  enc p99   2.125  cap p99   8.803   21.65 Mbit/s  late 0
     20-30        601 fr    60.1 Hz  enc p99   2.433  cap p99   8.651   21.87 Mbit/s  late 0
     30-40        600 fr    60.1 Hz  enc p99   2.610  cap p99   8.061   21.82 Mbit/s  late 0
     40-50        599 fr    60.1 Hz  enc p99   2.581  cap p99   2.096   21.55 Mbit/s  late 0
     50-60        600 fr    60.1 Hz  enc p99   2.805  cap p99   2.446   21.59 Mbit/s  late 0
     60-70        600 fr    60.1 Hz  enc p99   2.952  cap p99   2.730   21.47 Mbit/s  late 0
     70-80        600 fr    60.1 Hz  enc p99   2.842  cap p99   3.051   21.50 Mbit/s  late 0
     80-90        601 fr    60.1 Hz  enc p99   3.065  cap p99   3.460   21.55 Mbit/s  late 0
     90-100       599 fr    60.1 Hz  enc p99   3.001  cap p99   3.649   21.52 Mbit/s  late 0
    100-110       600 fr    60.1 Hz  enc p99   2.890  cap p99   4.226   21.54 Mbit/s  late 0
    110-120       600 fr    60.1 Hz  enc p99   2.091  cap p99   4.816   21.55 Mbit/s  late 0

  [pass] frames completed                 7200 of 7200
  [pass] completion within a period       p99 2.902 ms against 16.667 ms
  [pass] bitstream produced               323422498 bytes
  [pass] frames in order                  true
  [pass] paced rate held                  60.00 of 60 fps, 0 pool exhaustions
  [pass] socket accepted every datagram   0 send errors
gate: PASS


host gate   PASS
client gate FAIL (1)
report      /Users/adria/Documents/programacion/projects/lanplay/results/network/fps-shootout-120s-3x-25m/arms/hold60-r2.json
