link      en0 192.168.1.108, autoselect
route     192.168.1.70 reachable from 192.168.1.108 on tcp/22; ICMP is filtered
clocks    host GPU locked to 2000-2700 MHz core, 9001 MHz memory
source    monitor 1920x1080@120
receiver  listening on 192.168.1.108:5004, negotiating on 5005
sender    1080p 120 fps uncapped NV12 -> NVENC 25 Mbps -> RTP burst to :5116 for 120 s

device NVIDIA GeForce RTX 4060 Ti (10de:2803, 7949 MB VRAM, feature level 11.1) driving \\.\DISPLAY10 at 1920x1080
H.264 input formats: [NV_ENC_BUFFER_FORMAT_NV12, NV_ENC_BUFFER_FORMAT_YV12, NV_ENC_BUFFER_FORMAT_IYUV, NV_ENC_BUFFER_FORMAT_YUV444, NV_ENC_BUFFER_FORMAT_ARGB, NV_ENC_BUFFER_FORMAT_ABGR, NV_ENC_BUFFER_FORMAT_AYUV, NV_ENC_BUFFER_FORMAT_ARGB10, NV_ENC_BUFFER_FORMAT_ABGR10]
sequence header 34 bytes: SPS 22 bytes, PPS 4 bytes
control listening on 0.0.0.0:5005
control session with 192.168.1.108:62711
config generation 1 acknowledged
service class BestEffort: nothing requested
config 1920x1080 @ 120 fps, 25 Mbps, P1 Ll CBR, Nv12 input, Dda source, IDR interval 120, async 4 slots, Uncapped
frames 14400 in 119.990 s = 120.01 frames/s, pool exhaustions 0
phase requests: 0 relayed to 127.0.0.1:5010, 0.00 ms asked for, 0 not sent
capture acquire    p50 8.111 ms p95 9.214 ms p99 9.499 ms max 10.427 ms
DDA AcquireNextFrame S_OK 14400 = 120.01/s
DDA desktop updates (LastPresentTime != 0) 14400 = 120.01/s
DDA pointer-only (LastPresentTime == 0, LastMouseUpdateTime != 0) 0 = 0.00/s
DDA other updates (both timestamps zero) 0 = 0.00/s
DDA AccumulatedFrames p50 1 p95 1 p99 1 max 77
capture newer frames accumulated while busy: 76
admission wait     p50 0.000 ms p95 0.001 ms p99 0.001 ms max 0.118 ms
map input          p50 0.078 ms p95 0.138 ms p99 0.169 ms max 0.842 ms
submit CPU         p50 0.060 ms p95 0.102 ms p99 0.134 ms max 0.278 ms
HW completion      p50 2.095 ms p95 3.184 ms p99 3.431 ms max 3.634 ms
lock after event   p50 0.004 ms p95 0.006 ms p99 0.010 ms max 0.034 ms
bitstream copy     p50 0.006 ms p95 0.012 ms p99 0.021 ms max 0.123 ms
unlock             p50 5.784 ms p95 7.306 ms p99 7.641 ms max 8.773 ms
network send       p50 0.048 ms p95 0.089 ms p99 0.122 ms max 0.312 ms
RTP/UDP sent 141460 packets, 160722075 bytes, 0 errors
RGB->NV12 CPU      p50 0.010 ms p95 0.052 ms p99 0.086 ms max 0.197 ms
RGB->NV12 GPU      p50 0.010 ms p95 0.287 ms p99 0.625 ms max 3.675 ms
encoder residency  p50 2.106 ms p95 3.194 ms p99 3.441 ms max 3.643 ms
slot residency     p50 16.550 ms p95 17.414 ms p99 17.791 ms max 18.601 ms
P completion       p50 2.093 ms p95 3.185 ms p99 3.432 ms max 3.634 ms
IDR completion     p50 2.387 ms p95 3.107 ms p99 3.214 ms max 3.306 ms
P frame            n=14280 p50 10336 B p95 13024 B p99 23980 B max 24610 B
IDR                n=120 p50 28210 B p95 28795 B p99 28919 B max 28973 B
output 10.44 Mbit/s, 156551715 bytes over 14400 frames
resident memory start 57.2 MB end 71.1 MB peak 71.1 MB delta +13.9 MB

windows of 10 s  (encode Hz, completion and capture p99 in ms, wire Mbit/s)
      0-10       1201 fr   120.2 Hz  enc p99   3.051  cap p99   9.390   10.52 Mbit/s  late 0
     10-20       1200 fr   120.1 Hz  enc p99   3.254  cap p99   9.326   10.46 Mbit/s  late 0
     20-30       1200 fr   120.1 Hz  enc p99   3.429  cap p99   9.462   10.43 Mbit/s  late 0
     30-40       1200 fr   120.1 Hz  enc p99   3.464  cap p99   9.463   10.49 Mbit/s  late 0
     40-50       1200 fr   120.1 Hz  enc p99   3.499  cap p99   9.468   10.47 Mbit/s  late 0
     50-60       1200 fr   120.1 Hz  enc p99   3.512  cap p99   9.422   10.56 Mbit/s  late 0
     60-70       1200 fr   120.1 Hz  enc p99   3.410  cap p99   9.480   10.49 Mbit/s  late 0
     70-80       1200 fr   120.1 Hz  enc p99   3.139  cap p99   9.537   10.35 Mbit/s  late 0
     80-90       1200 fr   120.1 Hz  enc p99   2.202  cap p99   9.590   10.41 Mbit/s  late 0
     90-100      1200 fr   120.1 Hz  enc p99   2.031  cap p99   9.516   10.36 Mbit/s  late 0
    100-110      1200 fr   120.1 Hz  enc p99   2.052  cap p99   9.540   10.45 Mbit/s  late 0
    110-120      1199 fr   120.1 Hz  enc p99   2.045  cap p99   9.631   10.37 Mbit/s  late 0

  [pass] frames completed                 14400 of 14400
  [pass] completion within a period       p99 3.431 ms against 8.333 ms
  [pass] bitstream produced               156551715 bytes
  [pass] frames in order                  true
  [pass] paced rate held                  120.01 of 120 fps, 0 pool exhaustions
  [pass] socket accepted every datagram   0 send errors
gate: PASS


host gate   PASS
client gate FAIL (1)
report      /Users/adria/Documents/programacion/projects/lanplay/results/network/fps-shootout-120s-3x-25m/arms/hold120-r2.json
