link      en0 192.168.1.108, autoselect
route     192.168.1.70 reachable from 192.168.1.108 on tcp/22; ICMP is filtered
clocks    host GPU locked to 2000-2700 MHz core, 9001 MHz memory
source    monitor 1920x1080@120
receiver  listening on 192.168.1.108:5004, negotiating on 5005
sender    1080p 120 fps uncapped NV12 -> NVENC 25 Mbps -> RTP burst to :5116 for 120 s

device NVIDIA GeForce RTX 4060 Ti (10de:2803, 7949 MB VRAM, feature level 11.1) driving \\.\DISPLAY10 at 1920x1080
H.264 input formats: [NV_ENC_BUFFER_FORMAT_NV12, NV_ENC_BUFFER_FORMAT_YV12, NV_ENC_BUFFER_FORMAT_IYUV, NV_ENC_BUFFER_FORMAT_YUV444, NV_ENC_BUFFER_FORMAT_ARGB, NV_ENC_BUFFER_FORMAT_ABGR, NV_ENC_BUFFER_FORMAT_AYUV, NV_ENC_BUFFER_FORMAT_ARGB10, NV_ENC_BUFFER_FORMAT_ABGR10]
sequence header 34 bytes: SPS 22 bytes, PPS 4 bytes
control listening on 0.0.0.0:5005
control session with 192.168.1.108:64103
config generation 1 acknowledged
service class BestEffort: nothing requested
config 1920x1080 @ 120 fps, 25 Mbps, P1 Ll CBR, Nv12 input, Dda source, IDR interval 120, async 4 slots, Uncapped
frames 14400 in 122.622 s = 117.43 frames/s, pool exhaustions 0
phase requests: 0 relayed to 127.0.0.1:5010, 0.00 ms asked for, 0 not sent
capture acquire    p50 8.204 ms p95 9.363 ms p99 16.453 ms max 17.583 ms
DDA AcquireNextFrame S_OK 14400 = 117.43/s
DDA desktop updates (LastPresentTime != 0) 14400 = 117.43/s
DDA pointer-only (LastPresentTime == 0, LastMouseUpdateTime != 0) 0 = 0.00/s
DDA other updates (both timestamps zero) 0 = 0.00/s
DDA AccumulatedFrames p50 1 p95 1 p99 1 max 49
capture newer frames accumulated while busy: 76
admission wait     p50 0.000 ms p95 0.001 ms p99 0.001 ms max 0.028 ms
map input          p50 0.079 ms p95 0.132 ms p99 0.171 ms max 0.817 ms
submit CPU         p50 0.058 ms p95 0.089 ms p99 0.122 ms max 0.264 ms
HW completion      p50 1.915 ms p95 3.774 ms p99 4.104 ms max 7.490 ms
lock after event   p50 0.004 ms p95 0.006 ms p99 0.008 ms max 0.088 ms
bitstream copy     p50 0.007 ms p95 0.013 ms p99 0.022 ms max 0.104 ms
unlock             p50 5.929 ms p95 7.393 ms p99 14.154 ms max 15.660 ms
network send       p50 0.051 ms p95 0.089 ms p99 0.121 ms max 0.259 ms
RTP/UDP sent 140976 packets, 160102895 bytes, 0 errors
RGB->NV12 CPU      p50 0.011 ms p95 0.051 ms p99 0.089 ms max 0.236 ms
RGB->NV12 GPU      p50 0.014 ms p95 0.281 ms p99 0.298 ms max 3.469 ms
encoder residency  p50 1.927 ms p95 3.785 ms p99 4.116 ms max 7.510 ms
slot residency     p50 16.552 ms p95 18.082 ms p99 25.041 ms max 34.011 ms
P completion       p50 1.915 ms p95 3.774 ms p99 4.105 ms max 7.490 ms
IDR completion     p50 1.880 ms p95 3.625 ms p99 3.920 ms max 4.057 ms
P frame            n=14280 p50 10281 B p95 13000 B p99 23997 B max 24359 B
IDR                n=120 p50 28612 B p95 30647 B p99 30801 B max 31021 B
output 10.17 Mbit/s, 155947063 bytes over 14400 frames
resident memory start 57.3 MB end 71.1 MB peak 71.1 MB delta +13.7 MB

windows of 10 s  (encode Hz, completion and capture p99 in ms, wire Mbit/s)
      0-10       1202 fr   120.2 Hz  enc p99   2.172  cap p99   9.822   10.59 Mbit/s  late 0
     10-20       1200 fr   120.1 Hz  enc p99   2.802  cap p99   9.954   10.48 Mbit/s  late 0
     20-30       1200 fr   120.1 Hz  enc p99   3.068  cap p99   9.531   10.51 Mbit/s  late 0
     30-40       1200 fr   120.1 Hz  enc p99   2.042  cap p99   9.598   10.50 Mbit/s  late 0
     40-50       1200 fr   120.1 Hz  enc p99   2.067  cap p99   9.517   10.44 Mbit/s  late 0
     50-60       1176 fr   117.7 Hz  enc p99   2.314  cap p99  16.674   10.13 Mbit/s  late 0
     60-70       1091 fr   109.2 Hz  enc p99   2.722  cap p99  16.892    9.23 Mbit/s  late 0
     70-80       1160 fr   116.1 Hz  enc p99   3.261  cap p99  16.444   10.06 Mbit/s  late 0
     80-90       1127 fr   112.8 Hz  enc p99   3.659  cap p99  16.762    9.52 Mbit/s  late 0
     90-100      1132 fr   113.3 Hz  enc p99   3.594  cap p99  16.729    9.76 Mbit/s  late 0
    100-110      1198 fr   119.9 Hz  enc p99   3.960  cap p99   8.745   10.53 Mbit/s  late 0
    110-120      1200 fr   120.1 Hz  enc p99   4.341  cap p99   8.657   10.40 Mbit/s  late 0
    120-130       314 fr   120.4 Hz  enc p99   4.476  cap p99   8.639   10.39 Mbit/s  late 0

  [pass] frames completed                 14400 of 14400
  [pass] completion within a period       p99 4.104 ms against 8.333 ms
  [pass] bitstream produced               155947063 bytes
  [pass] frames in order                  true
  [pass] paced rate held                  117.43 of 120 fps, 0 pool exhaustions
  [pass] socket accepted every datagram   0 send errors
gate: PASS


host gate   PASS
client gate FAIL (1)
report      /Users/adria/Documents/programacion/projects/lanplay/results/network/fps-shootout-120s-3x-25m/arms/hold120-r3.json
