link      en0 192.168.1.108, autoselect
route     192.168.1.70 reachable from 192.168.1.108 on tcp/22; ICMP is filtered
clocks    host GPU locked to 2000-2700 MHz core, 9001 MHz memory
source    monitor 1920x1080@120
receiver  listening on 192.168.1.108:5004, negotiating on 5005
sender    1080p 60 fps paced NV12 -> NVENC 25 Mbps -> RTP burst to :5116 for 120 s

device NVIDIA GeForce RTX 4060 Ti (10de:2803, 7949 MB VRAM, feature level 11.1) driving \\.\DISPLAY10 at 1920x1080
warning: paced mode against a live source measures the beat between two 60 Hz clocks as much as the pipeline; prefer --mode uncapped
H.264 input formats: [NV_ENC_BUFFER_FORMAT_NV12, NV_ENC_BUFFER_FORMAT_YV12, NV_ENC_BUFFER_FORMAT_IYUV, NV_ENC_BUFFER_FORMAT_YUV444, NV_ENC_BUFFER_FORMAT_ARGB, NV_ENC_BUFFER_FORMAT_ABGR, NV_ENC_BUFFER_FORMAT_AYUV, NV_ENC_BUFFER_FORMAT_ARGB10, NV_ENC_BUFFER_FORMAT_ABGR10]
sequence header 34 bytes: SPS 22 bytes, PPS 4 bytes
control listening on 0.0.0.0:5005
control session with 192.168.1.108:64767
config generation 1 acknowledged
service class BestEffort: nothing requested
config 1920x1080 @ 60 fps, 25 Mbps, P1 Ll CBR, Nv12 input, Dda source, IDR interval 120, async 4 slots, Paced
frames 7200 in 119.989 s = 60.01 frames/s, pool exhaustions 0
phase requests: 0 relayed to 127.0.0.1:5010, 0.00 ms asked for, 0 not sent
capture acquire    p50 2.941 ms p95 3.672 ms p99 4.035 ms max 8.196 ms
DDA AcquireNextFrame S_OK 7200 = 60.01/s
DDA desktop updates (LastPresentTime != 0) 7200 = 60.01/s
DDA pointer-only (LastPresentTime == 0, LastMouseUpdateTime != 0) 0 = 0.00/s
DDA other updates (both timestamps zero) 0 = 0.00/s
DDA AccumulatedFrames p50 2 p95 2 p99 3 max 151
capture newer frames accumulated while busy: 7272
admission wait     p50 0.001 ms p95 0.001 ms p99 0.001 ms max 0.015 ms
map input          p50 0.096 ms p95 0.141 ms p99 0.174 ms max 0.876 ms
submit CPU         p50 0.065 ms p95 0.093 ms p99 0.139 ms max 0.355 ms
HW completion      p50 1.971 ms p95 4.343 ms p99 4.521 ms max 4.753 ms
lock after event   p50 0.005 ms p95 0.007 ms p99 0.012 ms max 0.049 ms
bitstream copy     p50 0.022 ms p95 0.036 ms p99 0.048 ms max 0.129 ms
unlock             p50 0.004 ms p95 0.006 ms p99 0.009 ms max 0.033 ms
network send       p50 0.139 ms p95 0.228 ms p99 0.312 ms max 0.517 ms
RTP/UDP sent 279318 packets, 330844236 bytes, 0 errors
RGB->NV12 CPU      p50 0.011 ms p95 0.015 ms p99 0.021 ms max 0.155 ms
RGB->NV12 GPU      p50 13.211 ms p95 14.620 ms p99 15.426 ms max 16.766 ms
encoder residency  p50 2.001 ms p95 4.372 ms p99 4.551 ms max 4.784 ms
slot residency     p50 5.581 ms p95 7.495 ms p99 7.792 ms max 10.734 ms
P completion       p50 1.969 ms p95 4.340 ms p99 4.521 ms max 4.753 ms
IDR completion     p50 2.190 ms p95 4.463 ms p99 4.489 ms max 4.509 ms
P frame            n=7140 p50 44406 B p95 52263 B p99 56886 B max 65475 B
IDR                n=60 p50 53251 B p95 69271 B p99 69370 B max 69444 B
output 21.50 Mbit/s, 322501416 bytes over 7200 frames
resident memory start 57.1 MB end 68.8 MB peak 68.8 MB delta +11.8 MB

windows of 10 s  (encode Hz, completion and capture p99 in ms, wire Mbit/s)
      0-10        600 fr    60.1 Hz  enc p99   3.025  cap p99   4.051   21.31 Mbit/s  late 0
     10-20        600 fr    60.1 Hz  enc p99   3.255  cap p99   4.053   21.60 Mbit/s  late 0
     20-30        600 fr    60.1 Hz  enc p99   3.937  cap p99   3.445   21.61 Mbit/s  late 0
     30-40        600 fr    60.1 Hz  enc p99   4.368  cap p99   3.358   21.48 Mbit/s  late 0
     40-50        600 fr    60.1 Hz  enc p99   4.521  cap p99   3.514   21.52 Mbit/s  late 0
     50-60        600 fr    60.1 Hz  enc p99   4.609  cap p99   3.454   21.49 Mbit/s  late 0
     60-70        600 fr    60.1 Hz  enc p99   4.619  cap p99   3.530   21.56 Mbit/s  late 0
     70-80        600 fr    60.1 Hz  enc p99   1.976  cap p99   3.507   21.64 Mbit/s  late 0
     80-90        601 fr    60.1 Hz  enc p99   1.976  cap p99   4.124   21.59 Mbit/s  late 0
     90-100       599 fr    60.1 Hz  enc p99   1.981  cap p99   4.083   21.69 Mbit/s  late 0
    100-110       600 fr    60.1 Hz  enc p99   2.036  cap p99   4.353   21.52 Mbit/s  late 0
    110-120       600 fr    60.1 Hz  enc p99   2.497  cap p99   4.037   21.44 Mbit/s  late 0

  [pass] frames completed                 7200 of 7200
  [pass] completion within a period       p99 4.521 ms against 16.667 ms
  [pass] bitstream produced               322501416 bytes
  [pass] frames in order                  true
  [pass] paced rate held                  60.01 of 60 fps, 0 pool exhaustions
  [pass] socket accepted every datagram   0 send errors
gate: PASS


host gate   PASS
client gate FAIL (1)
report      /Users/adria/Documents/programacion/projects/lanplay/results/network/fps-shootout-120s-3x-25m/arms/hold60-r3.json
