udp-fault: 0.0.0.0:5116 -> 192.168.1.108:5004, loss 0.0%, duplicate 0.0%, reorder 0.0% held 8 ms, stall 60 ms every 150 ms, seed 20250815
udp-fault: scheduled as time constraint, period 2.000 ms computation 0.250 ms constraint 1.000 ms
    5s  seen       0  dropped      0 (0.00%)  duplicated      0 (0.00%)  reordered      0 (0.00%)  stalls   33  holding 0
   10s  seen       0  dropped      0 (0.00%)  duplicated      0 (0.00%)  reordered      0 (0.00%)  stalls   66  holding 0
   15s  seen    5447  dropped      0 (0.00%)  duplicated      0 (0.00%)  reordered      0 (0.00%)  stalls   99  holding 66
   20s  seen   11405  dropped      0 (0.00%)  duplicated      0 (0.00%)  reordered      0 (0.00%)  stalls  132  holding 0
   25s  seen   17341  dropped      0 (0.00%)  duplicated      0 (0.00%)  reordered      0 (0.00%)  stalls  165  holding 0
   30s  seen   23233  dropped      0 (0.00%)  duplicated      0 (0.00%)  reordered      0 (0.00%)  stalls  198  holding 0
   35s  seen   29161  dropped      0 (0.00%)  duplicated      0 (0.00%)  reordered      0 (0.00%)  stalls  231  holding 0
   40s  seen   35102  dropped      0 (0.00%)  duplicated      0 (0.00%)  reordered      0 (0.00%)  stalls  264  holding 0
   45s  seen   41011  dropped      0 (0.00%)  duplicated      0 (0.00%)  reordered      0 (0.00%)  stalls  298  holding 20
   50s  seen   46936  dropped      0 (0.00%)  duplicated      0 (0.00%)  reordered      0 (0.00%)  stalls  331  holding 36
   55s  seen   52851  dropped      0 (0.00%)  duplicated      0 (0.00%)  reordered      0 (0.00%)  stalls  364  holding 0
   60s  seen   58741  dropped      0 (0.00%)  duplicated      0 (0.00%)  reordered      0 (0.00%)  stalls  397  holding 0
   65s  seen   64644  dropped      0 (0.00%)  duplicated      0 (0.00%)  reordered      0 (0.00%)  stalls  430  holding 0
   70s  seen   70255  dropped      0 (0.00%)  duplicated      0 (0.00%)  reordered      0 (0.00%)  stalls  463  holding 0
   75s  seen   75390  dropped      0 (0.00%)  duplicated      0 (0.00%)  reordered      0 (0.00%)  stalls  496  holding 0
   80s  seen   80682  dropped      0 (0.00%)  duplicated      0 (0.00%)  reordered      0 (0.00%)  stalls  530  holding 2
   85s  seen   86337  dropped      0 (0.00%)  duplicated      0 (0.00%)  reordered      0 (0.00%)  stalls  563  holding 18
   90s  seen   91980  dropped      0 (0.00%)  duplicated      0 (0.00%)  reordered      0 (0.00%)  stalls  596  holding 27
   95s  seen   97425  dropped      0 (0.00%)  duplicated      0 (0.00%)  reordered      0 (0.00%)  stalls  629  holding 59
  100s  seen  102755  dropped      0 (0.00%)  duplicated      0 (0.00%)  reordered      0 (0.00%)  stalls  662  holding 0
  105s  seen  108304  dropped      0 (0.00%)  duplicated      0 (0.00%)  reordered      0 (0.00%)  stalls  695  holding 0
  110s  seen  113740  dropped      0 (0.00%)  duplicated      0 (0.00%)  reordered      0 (0.00%)  stalls  728  holding 0
  115s  seen  119646  dropped      0 (0.00%)  duplicated      0 (0.00%)  reordered      0 (0.00%)  stalls  761  holding 0
  120s  seen  125632  dropped      0 (0.00%)  duplicated      0 (0.00%)  reordered      0 (0.00%)  stalls  795  holding 1
  125s  seen  131500  dropped      0 (0.00%)  duplicated      0 (0.00%)  reordered      0 (0.00%)  stalls  828  holding 73
  130s  seen  137373  dropped      0 (0.00%)  duplicated      0 (0.00%)  reordered      0 (0.00%)  stalls  861  holding 64
  135s  seen  140976  dropped      0 (0.00%)  duplicated      0 (0.00%)  reordered      0 (0.00%)  stalls  894  holding 0
  140s  seen  140976  dropped      0 (0.00%)  duplicated      0 (0.00%)  reordered      0 (0.00%)  stalls  927  holding 0
