frame duration 5
frames submitted 1440000
frames returned 1440000
packets 6000
encode us p50 17 p95 25 p99 40 max 112
decode us p50 4 p95 6 p99 10 max 69
packet bytes p50 81 p95 81 p99 81 max 115
effective kbps 129.6
tone left 997.0 right 1997.0
tone channels distinct yes
requested kbps 128
encoder reports bitrate 128000
application OPUS_APPLICATION_RESTRICTED_LOWDELAY
vbr yes constrained yes
dtx no inband fec no
complexity 9
lookahead samples 120
frame samples per channel 240
packet bytes min 81 count 6000
tone resolution 2.00 hz over 24000 frames
libopus libopus 1.6.1
