endpoint LG ULTRAWIDE (NVIDIA High Definition Audio)
mix format 48000 Hz 2 ch 32 bit float
buffer period default 10.000 ms minimum 3.000 ms
packets 6001
frames captured 2880480
discontinuities 1
silent packets 0
position gaps 0 totalling 0 frames
device position first 91680 last 2971680
qpc span 60.000911
packet frames p50 480 p95 480 p99 480 max 480
tone left 996.8 right 1996.8
tone channels distinct yes
requested seconds 60.000
wakeup mode event
wakeup interval us p50 10000 p95 10038 p99 10176 max 10323 over 6001 wakeups
wakeup timeouts 0
endpoint buffer 1056 frames
packet frames min 480 count 6001
position rewinds 0 totalling 0 frames
discontinuities in flight 0 first packet discontinuous yes
timestamp errors 0
getbuffer errors 0
channel mask 0x3
analysis window 4800 frames at 10.000 Hz resolution
tone level left -19.87 dBFS right -19.87 dBFS
