audio-e2e-receiver: producer scheduled as time constraint, period 5.000 ms computation 0.625 ms constraint 2.500 ms
producer scheduled as time constraint, period 5.000 ms computation 0.625 ms constraint 2.500 ms
receiver scheduled as time constraint, period 5.000 ms computation 0.625 ms constraint 2.500 ms
every deadline granted yes
rtp received 24005
rtp lost 0 of 24005 expected
rtp duplicate 0
rtp reordered 0
rtp late 4878
arrival delay ms p50 -21.6 p95 289.3 p99 369.2 max 983.5 min -28.3
pair anchor rtp 123141890 frame samples 240
pair class 0 offset samples 0 frames 12002 late 2471 underruns 2471
pair class 0 arrival ms p50 -20.946 p95 290.752 p99 370.640 min -23.269 max 983.484 over 12002
pair class 0 step ms p50 -4.997 p95 -4.979 p99 -2.941 min -4.999 max 396.746 over 12001
pair class 0 step histogram ms -5:11513 -4:301 -3:158 -2:16 -1:1 0:2 over:10
pair class 1 offset samples 240 frames 12002 late 2407 underruns 2407
pair class 1 arrival ms p50 -25.849 p95 287.249 p99 367.141 min -28.262 max 978.589 over 12002
pair class 1 step ms p50 4.927 p95 6.080 p99 27.636 min -4.999 max 1005.962 over 12002
pair class 1 step histogram ms -5:2614 -4:46 -3:34 -2:10 -1:17 0:22 1:56 2:253 3:730 4:3699 5:3876 6:417 7:59 8:20 9:3 10:5 11:1 12:1 over:139
pair measurements dropped 0 unanchored 0
frames played 19122
plc frames 4878
jitter occupancy ms p50 20.0 p95 25.0 p99 25.0 max 25.0
jitter underruns 4878
jitter overruns 0 dropping 0 frames
decode us p50 12 p99 31
render callbacks 22492
render underruns 0 over 0 frames
render overruns 0 over 0 frames
continuity expected 5760000 played 4589280 unbroken no
tone left 998.4 right 1996.7
sink ppm +5.413 error 0.001 over 22492 readings and 119.951 s
sink ppm endpoints +5.357
sink sample time samples 5757695
sink host time scatter 0.31 samples estimates agree yes
sink invalid timestamps 0
samples produced 5761200 consumed 5757952 discarded 1170720 concealed in 1170720
buffer growth 3248 samples held 3248 residual 0
continuity hole 1170720 samples over 24000 frame periods
worst window hole 123840 samples
tone channels distinct yes
tone resolution 2.00 hz over 24000 frames
rtp off grid 0
rtp oversize 0
rtp foreign ssrc 0
decode failures 0
conceal us p50 6 p99 65
producer interval us p50 5000 p99 5000 max 5005
render interval us p50 5333 p99 5344 max 5370
ring occupancy frames min 2144 p50 2288 max 2416 of 4096 primed to 496 after a 35.3 ms device start
ring frames refused 0 consumed 5757952
jitter target ms 20 ceiling ms 60 over 14 slots
frame ms 5
device Altavoces del MacBook Pro (named) at 48000 Hz 2 ch 32 bit float with a 256 frame io buffer
bind 0.0.0.0:5014 ssrc 112598252
odd cycles 0
measurements dropped 0
span s 120.1 device span s 120.0
window 0 s 10.0 rtp/s 200 lost 0 plc 397 played 1603 jitter underruns 397 callbacks 1876 underruns 0 overruns 0 expected 480000 played 384720 hole 95280 occupancy ms p50 20.0 p95 25.0 p99 25.0 min 0.0 max 25.0 over 2000 pulls held 3584
window 1 s 10.0 rtp/s 200 lost 0 plc 400 played 1602 jitter underruns 400 callbacks 1876 underruns 0 overruns 0 expected 480480 played 384480 hole 96000 occupancy ms p50 20.0 p95 25.0 p99 25.0 min 0.0 max 25.0 over 2002 pulls held 3328
window 2 s 10.0 rtp/s 199 lost 0 plc 402 played 1599 jitter underruns 402 callbacks 1877 underruns 0 overruns 0 expected 480240 played 383760 hole 96480 occupancy ms p50 20.0 p95 25.0 p99 25.0 min 0.0 max 25.0 over 2001 pulls held 2096
window 3 s 10.0 rtp/s 201 lost 0 plc 389 played 1611 jitter underruns 389 callbacks 1875 underruns 0 overruns 0 expected 480000 played 386640 hole 93360 occupancy ms p50 20.0 p95 25.0 p99 25.0 min 0.0 max 25.0 over 2000 pulls held 3296
window 4 s 10.0 rtp/s 200 lost 0 plc 516 played 1485 jitter underruns 516 callbacks 1875 underruns 0 overruns 0 expected 480240 played 356400 hole 123840 occupancy ms p50 20.0 p95 25.0 p99 25.0 min 0.0 max 25.0 over 2001 pulls held 3296
window 5 s 10.0 rtp/s 200 lost 0 plc 398 played 1602 jitter underruns 398 callbacks 1875 underruns 0 overruns 0 expected 480000 played 384480 hole 95520 occupancy ms p50 20.0 p95 25.0 p99 25.0 min 0.0 max 25.0 over 2000 pulls held 3296
window 6 s 10.0 rtp/s 200 lost 0 plc 390 played 1610 jitter underruns 390 callbacks 1876 underruns 0 overruns 0 expected 480000 played 386400 hole 93600 occupancy ms p50 20.0 p95 25.0 p99 25.0 min 0.0 max 25.0 over 2000 pulls held 3040
window 7 s 10.0 rtp/s 200 lost 0 plc 396 played 1605 jitter underruns 396 callbacks 1875 underruns 0 overruns 0 expected 480240 played 385200 hole 95040 occupancy ms p50 20.0 p95 25.0 p99 25.0 min 0.0 max 25.0 over 2001 pulls held 3520
window 8 s 10.0 rtp/s 200 lost 0 plc 390 played 1611 jitter underruns 390 callbacks 1876 underruns 0 overruns 0 expected 480240 played 386640 hole 93600 occupancy ms p50 20.0 p95 25.0 p99 25.0 min 0.0 max 25.0 over 2001 pulls held 3264
window 9 s 10.0 rtp/s 200 lost 0 plc 393 played 1607 jitter underruns 393 callbacks 1875 underruns 0 overruns 0 expected 480000 played 385680 hole 94320 occupancy ms p50 20.0 p95 25.0 p99 25.0 min 0.0 max 25.0 over 2000 pulls held 3264
window 10 s 10.0 rtp/s 200 lost 0 plc 404 played 1597 jitter underruns 404 callbacks 1876 underruns 0 overruns 0 expected 480240 played 383280 hole 96960 occupancy ms p50 20.0 p95 25.0 p99 25.0 min 0.0 max 25.0 over 2001 pulls held 3488
window 11 s 9.9 rtp/s 200 lost 0 plc 403 played 1580 jitter underruns 403 callbacks 1860 underruns 0 overruns 0 expected 475920 played 379200 hole 96720 occupancy ms p50 20.0 p95 25.0 p99 25.0 min 0.0 max 25.0 over 1983 pulls held 3008
