audio-e2e-receiver: producer scheduled as time constraint, period 5.000 ms computation 0.625 ms constraint 2.500 ms
producer scheduled as time constraint, period 5.000 ms computation 0.625 ms constraint 2.500 ms
receiver scheduled as time constraint, period 5.000 ms computation 0.625 ms constraint 2.500 ms
every deadline granted yes
rtp received 24005
rtp lost 0 of 24005 expected
rtp duplicate 0
rtp reordered 0
rtp late 1786
arrival delay ms p50 -11.9 p95 22.6 p99 63.5 max 79.0 min -18.1
pair anchor rtp 2740379088 frame samples 240
pair class 0 offset samples 0 frames 12002 late 927 underruns 927
pair class 0 arrival ms p50 -10.743 p95 25.027 p99 65.929 min -13.191 max 78.975 over 12002
pair class 0 step ms p50 -4.997 p95 -4.989 p99 -2.913 min -4.999 max 85.926 over 12001
pair class 0 step histogram ms -5:11530 -4:264 -3:192 -2:11 -1:3 over:1
pair class 1 offset samples 240 frames 12002 late 859 underruns 859
pair class 1 arrival ms p50 -15.656 p95 20.098 p99 61.051 min -18.084 max 74.754 over 12002
pair class 1 step ms p50 4.982 p95 6.465 p99 32.370 min -4.999 max 94.438 over 12002
pair class 1 step histogram ms -5:941 -4:25 -3:16 -2:13 -1:15 0:29 1:59 2:321 3:887 4:4278 5:4557 6:543 7:135 8:32 9:5 10:3 11:2 12:2 over:139
pair measurements dropped 0 unanchored 0
frames played 22214
plc frames 1786
jitter occupancy ms p50 10.0 p95 15.0 p99 15.0 max 15.0
jitter underruns 1786
jitter overruns 0 dropping 0 frames
decode us p50 11 p99 23
render callbacks 22492
render underruns 0 over 0 frames
render overruns 0 over 0 frames
continuity expected 5760000 played 5331360 unbroken no
tone left 997.0 right 1997.0
sink ppm +5.186 error 0.001 over 22492 readings and 119.951 s
sink ppm endpoints +5.073
sink sample time samples 5757695
sink host time scatter 0.30 samples estimates agree yes
sink invalid timestamps 0
samples produced 5761200 consumed 5757952 discarded 428640 concealed in 428640
buffer growth 3248 samples held 3248 residual 0
continuity hole 428640 samples over 24000 frame periods
worst window hole 137520 samples
tone channels distinct yes
tone resolution 2.00 hz over 24000 frames
rtp off grid 0
rtp oversize 0
rtp foreign ssrc 0
decode failures 0
conceal us p50 9 p99 66
producer interval us p50 5000 p99 5000 max 5002
render interval us p50 5333 p99 5344 max 5365
ring occupancy frames min 2192 p50 2320 max 2448 of 4096 primed to 496 after a 35.8 ms device start
ring frames refused 0 consumed 5757952
jitter target ms 10 ceiling ms 30 over 8 slots
frame ms 5
device Altavoces del MacBook Pro (named) at 48000 Hz 2 ch 32 bit float with a 256 frame io buffer
bind 0.0.0.0:5014 ssrc 997582574
odd cycles 0
measurements dropped 0
span s 120.0 device span s 120.0
window 0 s 10.0 rtp/s 200 lost 0 plc 10 played 1990 jitter underruns 10 callbacks 1875 underruns 0 overruns 0 expected 480000 played 477600 hole 2400 occupancy ms p50 10.0 p95 15.0 p99 15.0 min 0.0 max 15.0 over 2000 pulls held 2624
window 1 s 10.0 rtp/s 200 lost 0 plc 0 played 2000 jitter underruns 0 callbacks 1875 underruns 0 overruns 0 expected 480000 played 480000 hole 0 occupancy ms p50 10.0 p95 15.0 p99 15.0 min 5.0 max 15.0 over 2000 pulls held 2624
window 2 s 10.0 rtp/s 200 lost 0 plc 1 played 2000 jitter underruns 1 callbacks 1876 underruns 0 overruns 0 expected 480240 played 480000 hole 240 occupancy ms p50 10.0 p95 15.0 p99 15.0 min 0.0 max 15.0 over 2001 pulls held 2848
window 3 s 10.0 rtp/s 200 lost 0 plc 0 played 2001 jitter underruns 0 callbacks 1875 underruns 0 overruns 0 expected 480240 played 480240 hole 0 occupancy ms p50 10.0 p95 15.0 p99 15.0 min 5.0 max 15.0 over 2001 pulls held 2848
window 4 s 10.0 rtp/s 200 lost 0 plc 9 played 1991 jitter underruns 9 callbacks 1876 underruns 0 overruns 0 expected 480000 played 477840 hole 2160 occupancy ms p50 10.0 p95 15.0 p99 15.0 min 0.0 max 15.0 over 2000 pulls held 3072
window 5 s 10.0 rtp/s 200 lost 0 plc 0 played 2002 jitter underruns 0 callbacks 1876 underruns 0 overruns 0 expected 480480 played 480480 hole 0 occupancy ms p50 10.0 p95 15.0 p99 15.0 min 0.0 max 15.0 over 2002 pulls held 2816
window 6 s 10.0 rtp/s 200 lost 0 plc 226 played 1775 jitter underruns 226 callbacks 1877 underruns 0 overruns 0 expected 480240 played 426000 hole 54240 occupancy ms p50 10.0 p95 15.0 p99 15.0 min 0.0 max 15.0 over 2001 pulls held 2784
window 7 s 10.0 rtp/s 200 lost 0 plc 566 played 1435 jitter underruns 566 callbacks 1875 underruns 0 overruns 0 expected 480240 played 344400 hole 135840 occupancy ms p50 10.0 p95 15.0 p99 15.0 min 0.0 max 15.0 over 2001 pulls held 2784
window 8 s 10.0 rtp/s 200 lost 0 plc 573 played 1428 jitter underruns 573 callbacks 1876 underruns 0 overruns 0 expected 480240 played 342720 hole 137520 occupancy ms p50 10.0 p95 15.0 p99 15.0 min 0.0 max 15.0 over 2001 pulls held 3008
window 9 s 10.0 rtp/s 200 lost 0 plc 389 played 1611 jitter underruns 389 callbacks 1875 underruns 0 overruns 0 expected 480000 played 386640 hole 93360 occupancy ms p50 10.0 p95 15.0 p99 15.0 min 0.0 max 15.0 over 2000 pulls held 3008
window 10 s 10.0 rtp/s 200 lost 0 plc 8 played 1992 jitter underruns 8 callbacks 1876 underruns 0 overruns 0 expected 480000 played 478080 hole 1920 occupancy ms p50 10.0 p95 15.0 p99 15.0 min 0.0 max 15.0 over 2000 pulls held 2752
window 11 s 9.9 rtp/s 200 lost 0 plc 4 played 1979 jitter underruns 4 callbacks 1859 underruns 0 overruns 0 expected 475920 played 474960 hole 960 occupancy ms p50 10.0 p95 15.0 p99 15.0 min 0.0 max 15.0 over 1983 pulls held 3008
