audio-e2e-receiver: producer scheduled as time constraint, period 5.000 ms computation 0.625 ms constraint 2.500 ms
producer scheduled as time constraint, period 5.000 ms computation 0.625 ms constraint 2.500 ms
receiver scheduled as time constraint, period 5.000 ms computation 0.625 ms constraint 2.500 ms
every deadline granted yes
rtp received 24005
rtp lost 0 of 24005 expected
rtp duplicate 0
rtp reordered 0
rtp late 544
arrival delay ms p50 -11.9 p95 -8.9 p99 11.2 max 61.3 min -17.7
pair anchor rtp 2039651023 frame samples 240
pair class 0 offset samples 0 frames 12002 late 318 underruns 318
pair class 0 arrival ms p50 -10.509 p95 -8.113 p99 12.984 min -12.785 max 61.309 over 12002
pair class 0 step ms p50 -4.996 p95 -4.983 p99 -2.924 min -4.999 max 27.383 over 12001
pair class 0 step histogram ms -5:11448 -4:349 -3:184 -2:13 -1:1 0:2 2:1 10:1 over:2
pair class 1 offset samples 240 frames 12002 late 226 underruns 226
pair class 1 arrival ms p50 -15.399 p95 -13.071 p99 8.120 min -17.715 max 56.316 over 12002
pair class 1 step ms p50 4.989 p95 6.320 p99 19.517 min -4.999 max 74.859 over 12002
pair class 1 step histogram ms -5:269 -4:47 -3:30 -2:17 -1:30 0:44 1:84 2:301 3:790 4:4737 5:4926 6:402 7:100 8:46 9:17 10:13 11:4 12:8 over:137
pair measurements dropped 0 unanchored 0
frames played 23456
plc frames 544
jitter occupancy ms p50 10.0 p95 15.0 p99 15.0 max 15.0
jitter underruns 544
jitter overruns 0 dropping 0 frames
decode us p50 11 p99 24
render callbacks 22492
render underruns 0 over 0 frames
render overruns 0 over 0 frames
continuity expected 5760000 played 5629440 unbroken no
tone left 997.0 right 1997.0
sink ppm +5.292 error 0.001 over 22492 readings and 119.951 s
sink ppm endpoints +5.225
sink sample time samples 5757695
sink host time scatter 0.31 samples estimates agree yes
sink invalid timestamps 0
samples produced 5761200 consumed 5757952 discarded 130560 concealed in 130560
buffer growth 3248 samples held 3248 residual 0
continuity hole 130560 samples over 24000 frame periods
worst window hole 15360 samples
tone channels distinct yes
tone resolution 2.00 hz over 24000 frames
rtp off grid 0
rtp oversize 0
rtp foreign ssrc 0
decode failures 0
conceal us p50 10 p99 71
producer interval us p50 5000 p99 5000 max 5002
render interval us p50 5333 p99 5344 max 5375
ring occupancy frames min 2128 p50 2256 max 2384 of 4096 primed to 496 after a 34.6 ms device start
ring frames refused 0 consumed 5757952
jitter target ms 10 ceiling ms 30 over 8 slots
frame ms 5
device Altavoces del MacBook Pro (named) at 48000 Hz 2 ch 32 bit float with a 256 frame io buffer
bind 0.0.0.0:5014 ssrc 3851544689
odd cycles 0
measurements dropped 0
span s 120.0 device span s 120.0
window 0 s 10.0 rtp/s 200 lost 0 plc 36 played 1965 jitter underruns 36 callbacks 1875 underruns 0 overruns 0 expected 480240 played 471600 hole 8640 occupancy ms p50 10.0 p95 15.0 p99 15.0 min 0.0 max 15.0 over 2001 pulls held 2624
window 1 s 10.0 rtp/s 200 lost 0 plc 43 played 1958 jitter underruns 43 callbacks 1877 underruns 0 overruns 0 expected 480240 played 469920 hole 10320 occupancy ms p50 10.0 p95 15.0 p99 15.0 min 0.0 max 15.0 over 2001 pulls held 2592
window 2 s 10.0 rtp/s 200 lost 0 plc 44 played 1956 jitter underruns 44 callbacks 1875 underruns 0 overruns 0 expected 480000 played 469440 hole 10560 occupancy ms p50 10.0 p95 15.0 p99 15.0 min 0.0 max 15.0 over 2000 pulls held 2592
window 3 s 10.0 rtp/s 200 lost 0 plc 45 played 1955 jitter underruns 45 callbacks 1875 underruns 0 overruns 0 expected 480000 played 469200 hole 10800 occupancy ms p50 10.0 p95 15.0 p99 15.0 min 0.0 max 15.0 over 2000 pulls held 2592
window 4 s 10.0 rtp/s 200 lost 0 plc 30 played 1971 jitter underruns 30 callbacks 1876 underruns 0 overruns 0 expected 480240 played 473040 hole 7200 occupancy ms p50 10.0 p95 15.0 p99 15.0 min 0.0 max 15.0 over 2001 pulls held 2816
window 5 s 10.0 rtp/s 200 lost 0 plc 51 played 1950 jitter underruns 51 callbacks 1876 underruns 0 overruns 0 expected 480240 played 468000 hole 12240 occupancy ms p50 10.0 p95 15.0 p99 15.0 min 0.0 max 15.0 over 2001 pulls held 3040
window 6 s 10.0 rtp/s 200 lost 0 plc 42 played 1960 jitter underruns 42 callbacks 1876 underruns 0 overruns 0 expected 480480 played 470400 hole 10080 occupancy ms p50 10.0 p95 15.0 p99 15.0 min 0.0 max 15.0 over 2002 pulls held 2784
window 7 s 10.0 rtp/s 200 lost 0 plc 43 played 1957 jitter underruns 43 callbacks 1876 underruns 0 overruns 0 expected 480000 played 469680 hole 10320 occupancy ms p50 10.0 p95 15.0 p99 15.0 min 0.0 max 15.0 over 2000 pulls held 2528
window 8 s 10.0 rtp/s 200 lost 0 plc 53 played 1948 jitter underruns 53 callbacks 1876 underruns 0 overruns 0 expected 480240 played 467520 hole 12720 occupancy ms p50 10.0 p95 15.0 p99 15.0 min 0.0 max 15.0 over 2001 pulls held 2752
window 9 s 10.0 rtp/s 200 lost 0 plc 41 played 1960 jitter underruns 41 callbacks 1875 underruns 0 overruns 0 expected 480240 played 470400 hole 9840 occupancy ms p50 10.0 p95 15.0 p99 15.0 min 0.0 max 15.0 over 2001 pulls held 2752
window 10 s 10.0 rtp/s 200 lost 0 plc 64 played 1936 jitter underruns 64 callbacks 1876 underruns 0 overruns 0 expected 480000 played 464640 hole 15360 occupancy ms p50 10.0 p95 15.0 p99 15.0 min 0.0 max 15.0 over 2000 pulls held 2976
window 11 s 9.9 rtp/s 200 lost 0 plc 52 played 1930 jitter underruns 52 callbacks 1858 underruns 0 overruns 0 expected 475680 played 463200 hole 12480 occupancy ms p50 10.0 p95 15.0 p99 15.0 min 0.0 max 15.0 over 1982 pulls held 3008
