audio-e2e-receiver: producer scheduled as time constraint, period 5.000 ms computation 0.625 ms constraint 2.500 ms
producer scheduled as time constraint, period 5.000 ms computation 0.625 ms constraint 2.500 ms
receiver scheduled as time constraint, period 5.000 ms computation 0.625 ms constraint 2.500 ms
every deadline granted yes
rtp received 24005
rtp lost 0 of 24005 expected
rtp duplicate 0
rtp reordered 0
rtp late 201
arrival delay ms p50 -18.2 p95 -15.4 p99 -2.3 max 18.9 min -23.9
pair anchor rtp 1483034065 frame samples 240
pair class 0 offset samples 0 frames 12002 late 120 underruns 120
pair class 0 arrival ms p50 -16.758 p95 -15.007 p99 -0.353 min -18.913 max 18.859 over 12002
pair class 0 step ms p50 -4.996 p95 -4.991 p99 -2.902 min -4.999 max 0.183 over 12001
pair class 0 step histogram ms -5:11482 -4:339 -3:161 -2:14 -1:4 0:1
pair class 1 offset samples 240 frames 12002 late 81 underruns 81
pair class 1 arrival ms p50 -21.658 p95 -19.942 p99 -5.349 min -23.905 max 13.889 over 12002
pair class 1 step ms p50 4.993 p95 6.384 p99 8.374 min -4.999 max 40.315 over 12002
pair class 1 step histogram ms -5:141 -4:36 -3:24 -2:10 -1:16 0:23 1:65 2:294 3:932 4:4695 5:4961 6:589 7:84 8:26 9:7 10:6 11:4 12:3 over:86
pair measurements dropped 0 unanchored 0
frames played 23799
plc frames 201
jitter occupancy ms p50 15.0 p95 20.0 p99 20.0 max 20.0
jitter underruns 201
jitter overruns 0 dropping 0 frames
decode us p50 11 p99 22
render callbacks 22492
render underruns 0 over 0 frames
render overruns 0 over 0 frames
continuity expected 5760000 played 5711760 unbroken no
tone left 997.0 right 1997.0
sink ppm +5.191 error 0.001 over 22492 readings and 119.951 s
sink ppm endpoints +5.078
sink sample time samples 5757695
sink host time scatter 0.30 samples estimates agree yes
sink invalid timestamps 0
samples produced 5761200 consumed 5757952 discarded 48240 concealed in 48240
buffer growth 3248 samples held 3248 residual 0
continuity hole 48240 samples over 24000 frame periods
worst window hole 6240 samples
tone channels distinct yes
tone resolution 2.00 hz over 24000 frames
rtp off grid 0
rtp oversize 0
rtp foreign ssrc 0
decode failures 0
conceal us p50 11 p99 68
producer interval us p50 5000 p99 5000 max 5004
render interval us p50 5333 p99 5344 max 5400
ring occupancy frames min 2208 p50 2336 max 2464 of 4096 primed to 496 after a 36.2 ms device start
ring frames refused 0 consumed 5757952
jitter target ms 15 ceiling ms 45 over 11 slots
frame ms 5
device Altavoces del MacBook Pro (named) at 48000 Hz 2 ch 32 bit float with a 256 frame io buffer
bind 0.0.0.0:5014 ssrc 1041483088
odd cycles 0
measurements dropped 0
span s 120.1 device span s 120.0
window 0 s 10.0 rtp/s 200 lost 0 plc 23 played 1977 jitter underruns 23 callbacks 1876 underruns 0 overruns 0 expected 480000 played 474480 hole 5520 occupancy ms p50 15.0 p95 20.0 p99 20.0 min 0.0 max 20.0 over 2000 pulls held 3104
window 1 s 10.0 rtp/s 200 lost 0 plc 18 played 1983 jitter underruns 18 callbacks 1876 underruns 0 overruns 0 expected 480240 played 475920 hole 4320 occupancy ms p50 15.0 p95 20.0 p99 20.0 min 0.0 max 20.0 over 2001 pulls held 3328
window 2 s 10.0 rtp/s 200 lost 0 plc 26 played 1975 jitter underruns 26 callbacks 1875 underruns 0 overruns 0 expected 480240 played 474000 hole 6240 occupancy ms p50 15.0 p95 20.0 p99 20.0 min 0.0 max 20.0 over 2001 pulls held 3328
window 3 s 10.0 rtp/s 200 lost 0 plc 22 played 1979 jitter underruns 22 callbacks 1876 underruns 0 overruns 0 expected 480240 played 474960 hole 5280 occupancy ms p50 15.0 p95 20.0 p99 20.0 min 0.0 max 20.0 over 2001 pulls held 3072
window 4 s 10.0 rtp/s 200 lost 0 plc 13 played 1988 jitter underruns 13 callbacks 1876 underruns 0 overruns 0 expected 480240 played 477120 hole 3120 occupancy ms p50 15.0 p95 20.0 p99 20.0 min 0.0 max 20.0 over 2001 pulls held 2816
window 5 s 10.0 rtp/s 200 lost 0 plc 22 played 1979 jitter underruns 22 callbacks 1876 underruns 0 overruns 0 expected 480240 played 474960 hole 5280 occupancy ms p50 15.0 p95 20.0 p99 20.0 min 0.0 max 20.0 over 2001 pulls held 3040
window 6 s 10.0 rtp/s 200 lost 0 plc 14 played 1986 jitter underruns 14 callbacks 1876 underruns 0 overruns 0 expected 480000 played 476640 hole 3360 occupancy ms p50 15.0 p95 20.0 p99 20.0 min 0.0 max 20.0 over 2000 pulls held 3264
window 7 s 10.0 rtp/s 200 lost 0 plc 12 played 1989 jitter underruns 12 callbacks 1875 underruns 0 overruns 0 expected 480240 played 477360 hole 2880 occupancy ms p50 15.0 p95 20.0 p99 20.0 min 0.0 max 20.0 over 2001 pulls held 3264
window 8 s 10.0 rtp/s 200 lost 0 plc 14 played 1987 jitter underruns 14 callbacks 1876 underruns 0 overruns 0 expected 480240 played 476880 hole 3360 occupancy ms p50 15.0 p95 20.0 p99 20.0 min 0.0 max 20.0 over 2001 pulls held 3008
window 9 s 10.0 rtp/s 200 lost 0 plc 12 played 1988 jitter underruns 12 callbacks 1875 underruns 0 overruns 0 expected 480000 played 477120 hole 2880 occupancy ms p50 15.0 p95 20.0 p99 20.0 min 0.0 max 20.0 over 2000 pulls held 3488
window 10 s 10.0 rtp/s 200 lost 0 plc 17 played 1984 jitter underruns 17 callbacks 1876 underruns 0 overruns 0 expected 480240 played 476160 hole 4080 occupancy ms p50 15.0 p95 20.0 p99 20.0 min 0.0 max 20.0 over 2001 pulls held 3232
window 11 s 9.9 rtp/s 200 lost 0 plc 8 played 1974 jitter underruns 8 callbacks 1859 underruns 0 overruns 0 expected 475680 played 473760 hole 1920 occupancy ms p50 15.0 p95 20.0 p99 20.0 min 0.0 max 20.0 over 1982 pulls held 3008
