audio-e2e-receiver: producer scheduled as time constraint, period 5.000 ms computation 0.625 ms constraint 2.500 ms
producer scheduled as time constraint, period 5.000 ms computation 0.625 ms constraint 2.500 ms
receiver scheduled as time constraint, period 5.000 ms computation 0.625 ms constraint 2.500 ms
every deadline granted yes
rtp received 23615
rtp lost 382 of 23997 expected
rtp duplicate 0
rtp reordered 0
rtp late 5572
arrival delay ms p50 -20.7 p95 30.5 p99 68.6 max 286.6 min -28.1
pair anchor rtp 2731831070 frame samples 240
pair class 0 offset samples 0 frames 11807 late 3001 underruns 3190
pair class 0 arrival ms p50 -20.129 p95 33.200 p99 71.086 min -23.134 max 286.624 over 11807
pair class 0 step ms p50 -4.997 p95 -4.962 p99 -2.998 min -4.999 max 55.438 over 11806
pair class 0 step histogram ms -5:11472 -4:212 -3:108 -2:8 -1:2 1:1 over:3
pair class 1 offset samples 240 frames 11807 late 2571 underruns 2760
pair class 1 arrival ms p50 -25.041 p95 28.237 p99 66.088 min -28.066 max 281.629 over 11807
pair class 1 step ms p50 4.602 p95 55.046 p99 63.587 min -4.999 max 311.237 over 11802
pair class 1 step histogram ms -5:3489 -4:454 -3:262 -2:127 -1:108 0:112 1:109 2:268 3:585 4:2510 5:2456 6:306 7:64 8:30 9:18 10:15 11:4 12:6 over:879
pair measurements dropped 0 unanchored 0
frames played 18043
plc frames 5957
jitter occupancy ms p50 20.0 p95 25.0 p99 25.0 max 25.0
jitter underruns 5950
jitter overruns 0 dropping 0 frames
decode us p50 11 p99 25
render callbacks 22492
render underruns 0 over 0 frames
render overruns 0 over 0 frames
continuity expected 5760000 played 4332000 unbroken no
tone left 997.0 right 1997.0
sink ppm +5.171 error 0.001 over 22492 readings and 119.951 s
sink ppm endpoints +5.211
sink sample time samples 5757696
sink host time scatter 0.30 samples estimates agree yes
sink invalid timestamps 0
samples produced 5759280 consumed 5757952 discarded 1428960 concealed in 1429680
buffer growth 2048 samples held 2048 residual 0
continuity hole 1428000 samples over 24000 frame periods
worst window hole 215760 samples
tone channels distinct yes
tone resolution 2.00 hz over 24000 frames
rtp off grid 0
rtp oversize 0
rtp foreign ssrc 0
decode failures 0
conceal us p50 10 p99 67
producer interval us p50 5000 p99 5000 max 5002
render interval us p50 5333 p99 5344 max 5366
ring occupancy frames min 2192 p50 2320 max 2448 of 4096 primed to 496 after a 36.1 ms device start
ring frames refused 0 consumed 5757952
jitter target ms 20 ceiling ms 60 over 14 slots
frame ms 5
device Altavoces del MacBook Pro (named) at 48000 Hz 2 ch 32 bit float with a 256 frame io buffer
bind 0.0.0.0:5014 ssrc 1766099348
odd cycles 0
measurements dropped 0
span s 120.1 device span s 120.0
window 0 s 10.0 rtp/s 200 lost 0 plc 0 played 2001 jitter underruns 0 callbacks 1876 underruns 0 overruns 0 expected 480240 played 480240 hole 0 occupancy ms p50 20.0 p95 25.0 p99 25.0 min 10.0 max 25.0 over 2001 pulls held 3584
window 1 s 10.0 rtp/s 200 lost 0 plc 0 played 2000 jitter underruns 0 callbacks 1875 underruns 0 overruns 0 expected 480000 played 480000 hole 0 occupancy ms p50 20.0 p95 25.0 p99 25.0 min 15.0 max 25.0 over 2000 pulls held 3584
window 2 s 10.0 rtp/s 200 lost 0 plc 341 played 1660 jitter underruns 341 callbacks 1877 underruns 0 overruns 0 expected 480240 played 398400 hole 81840 occupancy ms p50 20.0 p95 25.0 p99 25.0 min 0.0 max 25.0 over 2001 pulls held 2592
window 3 s 10.0 rtp/s 200 lost 0 plc 621 played 1379 jitter underruns 621 callbacks 1875 underruns 0 overruns 0 expected 480000 played 330960 hole 149040 occupancy ms p50 15.0 p95 25.0 p99 25.0 min 0.0 max 25.0 over 2000 pulls held 3072
window 4 s 10.0 rtp/s 199 lost 6 plc 506 played 1496 jitter underruns 506 callbacks 1876 underruns 0 overruns 0 expected 480480 played 359040 hole 121440 occupancy ms p50 15.0 p95 25.0 p99 25.0 min 0.0 max 25.0 over 2002 pulls held 3296
window 5 s 10.0 rtp/s 200 lost 0 plc 619 played 1382 jitter underruns 619 callbacks 1876 underruns 0 overruns 0 expected 480240 played 331680 hole 148560 occupancy ms p50 15.0 p95 25.0 p99 25.0 min 0.0 max 25.0 over 2001 pulls held 3040
window 6 s 10.0 rtp/s 191 lost 88 plc 899 played 1101 jitter underruns 899 callbacks 1876 underruns 0 overruns 0 expected 480000 played 264240 hole 215760 occupancy ms p50 5.0 p95 25.0 p99 25.0 min 0.0 max 25.0 over 2000 pulls held 2064
window 7 s 10.0 rtp/s 198 lost 26 plc 533 played 1468 jitter underruns 530 callbacks 1876 underruns 0 overruns 0 expected 480240 played 353040 hole 127200 occupancy ms p50 20.0 p95 25.0 p99 25.0 min 0.0 max 25.0 over 2001 pulls held 3488
window 8 s 10.0 rtp/s 174 lost 262 plc 772 played 1229 jitter underruns 768 callbacks 1875 underruns 0 overruns 0 expected 480240 played 295920 hole 184320 occupancy ms p50 10.0 p95 25.0 p99 25.0 min 0.0 max 25.0 over 2001 pulls held 3008
window 9 s 10.0 rtp/s 200 lost 0 plc 578 played 1423 jitter underruns 578 callbacks 1876 underruns 0 overruns 0 expected 480240 played 341520 hole 138720 occupancy ms p50 20.0 p95 25.0 p99 25.0 min 0.0 max 25.0 over 2001 pulls held 3232
window 10 s 10.0 rtp/s 200 lost 0 plc 528 played 1472 jitter underruns 528 callbacks 1876 underruns 0 overruns 0 expected 480000 played 353280 hole 126720 occupancy ms p50 20.0 p95 25.0 p99 25.0 min 0.0 max 25.0 over 2000 pulls held 3216
window 11 s 9.9 rtp/s 199 lost 0 plc 560 played 1422 jitter underruns 560 callbacks 1858 underruns 0 overruns 0 expected 475680 played 341280 hole 134400 occupancy ms p50 20.0 p95 25.0 p99 25.0 min 0.0 max 25.0 over 1982 pulls held 2048
