audio-e2e-receiver: producer scheduled as time constraint, period 5.000 ms computation 0.625 ms constraint 2.500 ms
producer scheduled as time constraint, period 5.000 ms computation 0.625 ms constraint 2.500 ms
receiver scheduled as time constraint, period 5.000 ms computation 0.625 ms constraint 2.500 ms
every deadline granted yes
rtp received 24007
rtp lost 0 of 24007 expected
rtp duplicate 0
rtp reordered 0
rtp late 283
arrival delay ms p50 -21.9 p95 -18.7 p99 2.0 max 221.0 min -27.5
pair anchor rtp 2426392780 frame samples 240
pair class 0 offset samples 0 frames 12003 late 168 underruns 168
pair class 0 arrival ms p50 -20.480 p95 -18.159 p99 4.384 min -22.695 max 220.980 over 12003
pair class 0 step ms p50 -4.996 p95 -4.990 p99 -2.936 min -4.999 max 1.536 over 12002
pair class 0 step histogram ms -5:11472 -4:344 -3:166 -2:14 -1:5 1:1
pair class 1 offset samples 240 frames 12003 late 115 underruns 115
pair class 1 arrival ms p50 -25.381 p95 -23.111 p99 -0.519 min -27.504 max 215.985 over 12003
pair class 1 step ms p50 4.993 p95 6.457 p99 15.532 min -4.999 max 246.671 over 12003
pair class 1 step histogram ms -5:253 -4:55 -3:35 -2:21 -1:16 0:20 1:61 2:336 3:950 4:4515 5:4835 6:604 7:117 8:29 9:15 10:3 11:5 12:8 over:125
pair measurements dropped 0 unanchored 0
frames played 23717
plc frames 283
jitter occupancy ms p50 20.0 p95 25.0 p99 25.0 max 25.0
jitter underruns 283
jitter overruns 0 dropping 0 frames
decode us p50 11 p99 22
render callbacks 22493
render underruns 0 over 0 frames
render overruns 0 over 0 frames
continuity expected 5760000 played 5692080 unbroken no
tone left 997.0 right 1997.0
sink ppm +5.215 error 0.001 over 22493 readings and 119.957 s
sink ppm endpoints +5.101
sink sample time samples 5757951
sink host time scatter 0.30 samples estimates agree yes
sink invalid timestamps 0
samples produced 5761680 consumed 5758208 discarded 67920 concealed in 67920
buffer growth 3472 samples held 3472 residual 0
continuity hole 67920 samples over 24000 frame periods
worst window hole 14880 samples
tone channels distinct yes
tone resolution 2.00 hz over 24000 frames
rtp off grid 0
rtp oversize 0
rtp foreign ssrc 0
decode failures 0
conceal us p50 11 p99 69
producer interval us p50 5000 p99 5000 max 5006
render interval us p50 5333 p99 5344 max 5364
ring occupancy frames min 2048 p50 2272 max 2400 of 4096 primed to 496 after a 34.9 ms device start
ring frames refused 0 consumed 5758208
jitter target ms 20 ceiling ms 60 over 14 slots
frame ms 5
device Altavoces del MacBook Pro (named) at 48000 Hz 2 ch 32 bit float with a 256 frame io buffer
bind 0.0.0.0:5014 ssrc 103285477
odd cycles 0
measurements dropped 0
span s 120.1 device span s 120.0
window 0 s 10.0 rtp/s 200 lost 0 plc 17 played 1984 jitter underruns 17 callbacks 1875 underruns 0 overruns 0 expected 480240 played 476160 hole 4080 occupancy ms p50 20.0 p95 25.0 p99 25.0 min 0.0 max 25.0 over 2001 pulls held 3104
window 1 s 10.0 rtp/s 200 lost 0 plc 18 played 1982 jitter underruns 18 callbacks 1876 underruns 0 overruns 0 expected 480000 played 475680 hole 4320 occupancy ms p50 20.0 p95 25.0 p99 25.0 min 0.0 max 25.0 over 2000 pulls held 2848
window 2 s 10.0 rtp/s 200 lost 0 plc 24 played 1976 jitter underruns 24 callbacks 1875 underruns 0 overruns 0 expected 480000 played 474240 hole 5760 occupancy ms p50 20.0 p95 25.0 p99 25.0 min 0.0 max 25.0 over 2000 pulls held 3328
window 3 s 10.0 rtp/s 200 lost 0 plc 62 played 1939 jitter underruns 62 callbacks 1876 underruns 0 overruns 0 expected 480240 played 465360 hole 14880 occupancy ms p50 20.0 p95 25.0 p99 25.0 min 0.0 max 25.0 over 2001 pulls held 3072
window 4 s 10.0 rtp/s 200 lost 0 plc 30 played 1971 jitter underruns 30 callbacks 1876 underruns 0 overruns 0 expected 480240 played 473040 hole 7200 occupancy ms p50 20.0 p95 25.0 p99 25.0 min 0.0 max 25.0 over 2001 pulls held 3296
window 5 s 10.0 rtp/s 200 lost 0 plc 13 played 1988 jitter underruns 13 callbacks 1876 underruns 0 overruns 0 expected 480240 played 477120 hole 3120 occupancy ms p50 20.0 p95 25.0 p99 25.0 min 0.0 max 25.0 over 2001 pulls held 3040
window 6 s 10.0 rtp/s 200 lost 0 plc 11 played 1990 jitter underruns 11 callbacks 1876 underruns 0 overruns 0 expected 480240 played 477600 hole 2640 occupancy ms p50 20.0 p95 25.0 p99 25.0 min 0.0 max 25.0 over 2001 pulls held 3264
window 7 s 10.0 rtp/s 200 lost 0 plc 17 played 1983 jitter underruns 17 callbacks 1875 underruns 0 overruns 0 expected 480000 played 475920 hole 4080 occupancy ms p50 20.0 p95 25.0 p99 25.0 min 0.0 max 25.0 over 2000 pulls held 3264
window 8 s 10.0 rtp/s 200 lost 0 plc 18 played 1984 jitter underruns 18 callbacks 1876 underruns 0 overruns 0 expected 480480 played 476160 hole 4320 occupancy ms p50 20.0 p95 25.0 p99 25.0 min 0.0 max 25.0 over 2002 pulls held 3488
window 9 s 10.0 rtp/s 200 lost 0 plc 17 played 1983 jitter underruns 17 callbacks 1876 underruns 0 overruns 0 expected 480000 played 475920 hole 4080 occupancy ms p50 20.0 p95 25.0 p99 25.0 min 0.0 max 25.0 over 2000 pulls held 3232
window 10 s 10.0 rtp/s 200 lost 0 plc 18 played 1982 jitter underruns 18 callbacks 1875 underruns 0 overruns 0 expected 480000 played 475680 hole 4320 occupancy ms p50 20.0 p95 25.0 p99 25.0 min 0.0 max 25.0 over 2000 pulls held 3232
window 11 s 9.9 rtp/s 200 lost 0 plc 38 played 1945 jitter underruns 38 callbacks 1860 underruns 0 overruns 0 expected 475920 played 466800 hole 9120 occupancy ms p50 20.0 p95 25.0 p99 25.0 min 0.0 max 25.0 over 1983 pulls held 3232
