audio-e2e-receiver: producer scheduled as time constraint, period 5.000 ms computation 0.625 ms constraint 2.500 ms
producer scheduled as time constraint, period 5.000 ms computation 0.625 ms constraint 2.500 ms
receiver scheduled as time constraint, period 5.000 ms computation 0.625 ms constraint 2.500 ms
every deadline granted yes
rtp received 24003
rtp lost 0 of 24003 expected
rtp duplicate 0
rtp reordered 0
rtp late 47
arrival delay ms p50 -7.6 p95 -4.8 p99 -3.9 max 23.6 min -12.8
pair anchor rtp 3689450734 frame samples 240
pair class 0 offset samples 0 frames 12001 late 31 underruns 31
pair class 0 arrival ms p50 -5.946 p95 -4.541 p99 -3.427 min -7.953 max 23.571 over 12001
pair class 0 step ms p50 -4.996 p95 -3.656 p99 -2.928 min -4.998 max 0.561 over 12000
pair class 0 step histogram ms -5:11384 -4:387 -3:213 -2:12 -1:3 0:1
pair class 1 offset samples 240 frames 12001 late 16 underruns 16
pair class 1 arrival ms p50 -10.832 p95 -9.457 p99 -8.384 min -12.795 max 18.577 over 12001
pair class 1 step ms p50 4.995 p95 6.144 p99 7.037 min -4.998 max 35.473 over 12001
pair class 1 step histogram ms -5:11 -4:5 -3:6 -2:4 -1:6 0:8 1:44 2:328 3:919 4:4838 5:5163 6:537 7:83 8:23 9:6 10:4 11:2 12:2 over:12
pair measurements dropped 0 unanchored 0
frames played 23953
plc frames 47
jitter occupancy ms p50 5.0 p95 10.0 p99 10.0 max 10.0
jitter underruns 47
jitter overruns 0 dropping 0 frames
decode us p50 11 p99 22
render callbacks 22492
render underruns 0 over 0 frames
render overruns 0 over 0 frames
continuity expected 5760000 played 5748720 unbroken no
tone left 997.0 right 1997.0
sink ppm +5.166 error 0.001 over 22492 readings and 119.951 s
sink ppm endpoints +5.172
sink sample time samples 5757695
sink host time scatter 0.30 samples estimates agree yes
sink invalid timestamps 0
samples produced 5760720 consumed 5757952 discarded 11280 concealed in 11280
buffer growth 2768 samples held 2768 residual 0
continuity hole 11280 samples over 24000 frame periods
worst window hole 3360 samples
tone channels distinct yes
tone resolution 2.00 hz over 24000 frames
rtp off grid 0
rtp oversize 0
rtp foreign ssrc 0
decode failures 0
conceal us p50 11 p99 74
producer interval us p50 5000 p99 5000 max 5002
render interval us p50 5333 p99 5344 max 5371
ring occupancy frames min 2176 p50 2304 max 2432 of 4096 primed to 496 after a 35.6 ms device start
ring frames refused 0 consumed 5757952
jitter target ms 5 ceiling ms 25 over 7 slots
frame ms 5
device Altavoces del MacBook Pro (named) at 48000 Hz 2 ch 32 bit float with a 256 frame io buffer
bind 0.0.0.0:5014 ssrc 2184417400
odd cycles 0
measurements dropped 0
span s 120.0 device span s 120.0
window 0 s 10.0 rtp/s 200 lost 0 plc 14 played 1986 jitter underruns 14 callbacks 1876 underruns 0 overruns 0 expected 480000 played 476640 hole 3360 occupancy ms p50 5.0 p95 10.0 p99 10.0 min 0.0 max 10.0 over 2000 pulls held 2624
window 1 s 10.0 rtp/s 200 lost 0 plc 5 played 1995 jitter underruns 5 callbacks 1875 underruns 0 overruns 0 expected 480000 played 478800 hole 1200 occupancy ms p50 5.0 p95 10.0 p99 10.0 min 0.0 max 10.0 over 2000 pulls held 2624
window 2 s 10.0 rtp/s 200 lost 0 plc 5 played 1996 jitter underruns 5 callbacks 1875 underruns 0 overruns 0 expected 480240 played 479040 hole 1200 occupancy ms p50 5.0 p95 10.0 p99 10.0 min 0.0 max 10.0 over 2001 pulls held 2624
window 3 s 10.0 rtp/s 200 lost 0 plc 4 played 1997 jitter underruns 4 callbacks 1877 underruns 0 overruns 0 expected 480240 played 479280 hole 960 occupancy ms p50 5.0 p95 10.0 p99 10.0 min 0.0 max 10.0 over 2001 pulls held 2592
window 4 s 10.0 rtp/s 200 lost 0 plc 1 played 2000 jitter underruns 1 callbacks 1876 underruns 0 overruns 0 expected 480240 played 480000 hole 240 occupancy ms p50 5.0 p95 10.0 p99 10.0 min 0.0 max 10.0 over 2001 pulls held 2336
window 5 s 10.0 rtp/s 200 lost 0 plc 1 played 2000 jitter underruns 1 callbacks 1876 underruns 0 overruns 0 expected 480240 played 480000 hole 240 occupancy ms p50 5.0 p95 10.0 p99 10.0 min 0.0 max 10.0 over 2001 pulls held 2560
window 6 s 10.0 rtp/s 200 lost 0 plc 0 played 2000 jitter underruns 0 callbacks 1875 underruns 0 overruns 0 expected 480000 played 480000 hole 0 occupancy ms p50 5.0 p95 10.0 p99 10.0 min 0.0 max 10.0 over 2000 pulls held 2560
window 7 s 10.0 rtp/s 200 lost 0 plc 6 played 1995 jitter underruns 6 callbacks 1876 underruns 0 overruns 0 expected 480240 played 478800 hole 1440 occupancy ms p50 5.0 p95 10.0 p99 10.0 min 0.0 max 10.0 over 2001 pulls held 2304
window 8 s 10.0 rtp/s 200 lost 0 plc 8 played 1993 jitter underruns 8 callbacks 1875 underruns 0 overruns 0 expected 480240 played 478320 hole 1920 occupancy ms p50 5.0 p95 10.0 p99 10.0 min 0.0 max 10.0 over 2001 pulls held 2784
window 9 s 10.0 rtp/s 200 lost 0 plc 0 played 2000 jitter underruns 0 callbacks 1875 underruns 0 overruns 0 expected 480000 played 480000 hole 0 occupancy ms p50 5.0 p95 10.0 p99 10.0 min 0.0 max 10.0 over 2000 pulls held 2784
window 10 s 10.0 rtp/s 200 lost 0 plc 1 played 2000 jitter underruns 1 callbacks 1876 underruns 0 overruns 0 expected 480240 played 480000 hole 240 occupancy ms p50 5.0 p95 10.0 p99 10.0 min 0.0 max 10.0 over 2001 pulls held 2528
window 11 s 9.9 rtp/s 200 lost 0 plc 2 played 1981 jitter underruns 2 callbacks 1860 underruns 0 overruns 0 expected 475920 played 475440 hole 480 occupancy ms p50 5.0 p95 10.0 p99 10.0 min 0.0 max 10.0 over 1983 pulls held 2528
