frame duration 5
frames submitted 480000
frames returned 480000
packets 2000
encode us p50 22 p95 42 p99 56 max 206
decode us p50 6 p95 12 p99 14 max 36
packet bytes p50 81 p95 81 p99 81 max 115
effective kbps 129.7
tone left 997.0 right 1997.0
tone channels distinct yes
requested kbps 128
encoder reports bitrate 128000
application OPUS_APPLICATION_RESTRICTED_LOWDELAY
vbr yes constrained yes
dtx no inband fec no
complexity 9
lookahead samples 120
frame samples per channel 240
packet bytes min 81 count 2000
tone resolution 2.00 hz over 24000 frames
libopus libopus unknown
