link      en0 192.168.1.108, autoselect
route     192.168.1.70 reachable from 192.168.1.108 on tcp/22; ICMP is filtered
clocks    host GPU locked to 2000-2700 MHz core, 9001 MHz memory
source    monitor 1920x1080@120
receiver  listening on 192.168.1.108:5004, negotiating on 5005
sender    1080p 60 fps paced NV12 -> NVENC 50 Mbps -> RTP burst to :5004 for 120 s

device NVIDIA GeForce RTX 4060 Ti (10de:2803, 7949 MB VRAM, feature level 11.1) driving \\.\DISPLAY10 at 1920x1080
warning: paced mode against a live source measures the beat between two 60 Hz clocks as much as the pipeline; prefer --mode uncapped
H.264 input formats: [NV_ENC_BUFFER_FORMAT_NV12, NV_ENC_BUFFER_FORMAT_YV12, NV_ENC_BUFFER_FORMAT_IYUV, NV_ENC_BUFFER_FORMAT_YUV444, NV_ENC_BUFFER_FORMAT_ARGB, NV_ENC_BUFFER_FORMAT_ABGR, NV_ENC_BUFFER_FORMAT_AYUV, NV_ENC_BUFFER_FORMAT_ARGB10, NV_ENC_BUFFER_FORMAT_ABGR10]
sequence header 34 bytes: SPS 22 bytes, PPS 4 bytes
control listening on 0.0.0.0:5005
control session with 192.168.1.108:56539
config generation 1 acknowledged
service class BestEffort: nothing requested
config 1920x1080 @ 60 fps, 50 Mbps, P1 Ll CBR, Nv12 input, Dda source, IDR interval 120, async 4 slots, Paced
frames 7200 in 119.987 s = 60.01 frames/s, pool exhaustions 0
phase requests: 0 relayed to 127.0.0.1:5010, 0.00 ms asked for, 0 not sent
capture acquire    p50 4.953 ms p95 5.784 ms p99 6.026 ms max 7.525 ms
DDA AcquireNextFrame S_OK 7200 = 60.01/s
DDA desktop updates (LastPresentTime != 0) 7200 = 60.01/s
DDA pointer-only (LastPresentTime == 0, LastMouseUpdateTime != 0) 0 = 0.00/s
DDA other updates (both timestamps zero) 0 = 0.00/s
DDA AccumulatedFrames p50 2 p95 3 p99 3 max 69
capture newer frames accumulated while busy: 7266
admission wait     p50 0.001 ms p95 0.001 ms p99 0.001 ms max 0.016 ms
map input          p50 0.091 ms p95 0.142 ms p99 0.170 ms max 0.825 ms
submit CPU         p50 0.064 ms p95 0.102 ms p99 0.124 ms max 0.267 ms
HW completion      p50 2.086 ms p95 3.127 ms p99 3.410 ms max 3.767 ms
lock after event   p50 0.005 ms p95 0.007 ms p99 0.008 ms max 0.036 ms
bitstream copy     p50 0.024 ms p95 0.043 ms p99 0.066 ms max 0.120 ms
unlock             p50 0.004 ms p95 0.006 ms p99 0.007 ms max 0.024 ms
network send       p50 0.149 ms p95 5.870 ms p99 5.987 ms max 6.302 ms
RTP/UDP sent 352197 packets, 418258416 bytes, 0 errors
RGB->NV12 CPU      p50 0.009 ms p95 0.013 ms p99 0.016 ms max 0.078 ms
RGB->NV12 GPU      p50 11.228 ms p95 16.302 ms p99 16.586 ms max 16.985 ms
encoder residency  p50 2.123 ms p95 3.159 ms p99 3.446 ms max 3.796 ms
slot residency     p50 7.651 ms p95 8.626 ms p99 8.979 ms max 9.796 ms
P completion       p50 2.081 ms p95 3.127 ms p99 3.409 ms max 3.767 ms
IDR completion     p50 2.193 ms p95 3.153 ms p99 3.184 ms max 3.689 ms
P frame            n=7140 p50 52844 B p95 83287 B p99 90530 B max 95228 B
IDR                n=60 p50 81415 B p95 85144 B p99 85217 B max 85250 B
output 27.18 Mbit/s, 407729226 bytes over 7200 frames
resident memory start 57.0 MB end 69.0 MB peak 69.0 MB delta +12.0 MB

windows of 10 s  (encode Hz, completion and capture p99 in ms, wire Mbit/s)
      0-10        600 fr    60.1 Hz  enc p99   2.100  cap p99   5.945   28.22 Mbit/s  late 0
     10-20        600 fr    60.1 Hz  enc p99   2.055  cap p99   6.346   26.65 Mbit/s  late 0
     20-30        600 fr    60.1 Hz  enc p99   2.291  cap p99   6.253   26.26 Mbit/s  late 0
     30-40        600 fr    60.1 Hz  enc p99   2.862  cap p99   6.034   26.19 Mbit/s  late 0
     40-50        600 fr    60.1 Hz  enc p99   3.042  cap p99   5.996   26.22 Mbit/s  late 0
     50-60        600 fr    60.1 Hz  enc p99   3.203  cap p99   5.961   26.26 Mbit/s  late 0
     60-70        600 fr    60.1 Hz  enc p99   3.376  cap p99   5.914   26.28 Mbit/s  late 0
     70-80        600 fr    60.1 Hz  enc p99   3.428  cap p99   5.918   26.47 Mbit/s  late 0
     80-90        600 fr    60.1 Hz  enc p99   3.526  cap p99   5.997   27.46 Mbit/s  late 0
     90-100       601 fr    60.1 Hz  enc p99   3.526  cap p99   5.926   28.78 Mbit/s  late 0
    100-110       599 fr    60.1 Hz  enc p99   3.426  cap p99   5.931   29.69 Mbit/s  late 0
    110-120       600 fr    60.1 Hz  enc p99   3.083  cap p99   5.803   28.30 Mbit/s  late 0

  [pass] frames completed                 7200 of 7200
  [pass] completion within a period       p99 3.410 ms against 16.667 ms
  [pass] bitstream produced               407729226 bytes
  [pass] frames in order                  true
  [pass] paced rate held                  60.01 of 60 fps, 0 pool exhaustions
  [pass] socket accepted every datagram   0 send errors
gate: PASS


host gate   PASS
client gate FAIL (1)
report      /Users/adria/Documents/programacion/projects/lanplay/results/network/fps-shootout-120s-3x/arms/clean60-r3.json
