link      en0 192.168.1.108, autoselect
route     192.168.1.70 reachable from 192.168.1.108 on tcp/22; ICMP is filtered
clocks    host GPU locked to 2000-2700 MHz core, 9001 MHz memory
source    monitor 1920x1080@120
receiver  listening on 192.168.1.108:5004, negotiating on 5005
sender    1080p 120 fps uncapped NV12 -> NVENC 50 Mbps -> RTP burst to :5004 for 120 s

device NVIDIA GeForce RTX 4060 Ti (10de:2803, 7949 MB VRAM, feature level 11.1) driving \\.\DISPLAY10 at 1920x1080
H.264 input formats: [NV_ENC_BUFFER_FORMAT_NV12, NV_ENC_BUFFER_FORMAT_YV12, NV_ENC_BUFFER_FORMAT_IYUV, NV_ENC_BUFFER_FORMAT_YUV444, NV_ENC_BUFFER_FORMAT_ARGB, NV_ENC_BUFFER_FORMAT_ABGR, NV_ENC_BUFFER_FORMAT_AYUV, NV_ENC_BUFFER_FORMAT_ARGB10, NV_ENC_BUFFER_FORMAT_ABGR10]
sequence header 34 bytes: SPS 22 bytes, PPS 4 bytes
control listening on 0.0.0.0:5005
control session with 192.168.1.108:57749
config generation 1 acknowledged
service class BestEffort: nothing requested
config 1920x1080 @ 120 fps, 50 Mbps, P1 Ll CBR, Nv12 input, Dda source, IDR interval 120, async 4 slots, Uncapped
frames 14400 in 119.991 s = 120.01 frames/s, pool exhaustions 0
phase requests: 0 relayed to 127.0.0.1:5010, 0.00 ms asked for, 0 not sent
capture acquire    p50 8.137 ms p95 9.151 ms p99 9.438 ms max 10.338 ms
DDA AcquireNextFrame S_OK 14400 = 120.01/s
DDA desktop updates (LastPresentTime != 0) 14400 = 120.01/s
DDA pointer-only (LastPresentTime == 0, LastMouseUpdateTime != 0) 0 = 0.00/s
DDA other updates (both timestamps zero) 0 = 0.00/s
DDA AccumulatedFrames p50 1 p95 1 p99 1 max 127
capture newer frames accumulated while busy: 126
admission wait     p50 0.000 ms p95 0.001 ms p99 0.001 ms max 0.036 ms
map input          p50 0.075 ms p95 0.129 ms p99 0.155 ms max 0.815 ms
submit CPU         p50 0.057 ms p95 0.099 ms p99 0.128 ms max 0.290 ms
HW completion      p50 2.029 ms p95 3.131 ms p99 3.373 ms max 5.592 ms
lock after event   p50 0.003 ms p95 0.005 ms p99 0.006 ms max 0.043 ms
bitstream copy     p50 0.021 ms p95 0.024 ms p99 0.040 ms max 0.093 ms
unlock             p50 5.836 ms p95 7.257 ms p99 7.597 ms max 8.094 ms
network send       p50 0.124 ms p95 0.235 ms p99 0.285 ms max 5.754 ms
RTP/UDP sent 571069 packets, 676410810 bytes, 0 errors
RGB->NV12 CPU      p50 0.009 ms p95 0.048 ms p99 0.077 ms max 0.185 ms
RGB->NV12 GPU      p50 0.014 ms p95 0.280 ms p99 0.449 ms max 3.672 ms
encoder residency  p50 2.054 ms p95 3.155 ms p99 3.399 ms max 5.616 ms
slot residency     p50 16.556 ms p95 17.374 ms p99 17.703 ms max 18.674 ms
P completion       p50 2.027 ms p95 3.130 ms p99 3.374 ms max 5.592 ms
IDR completion     p50 2.541 ms p95 3.156 ms p99 3.240 ms max 3.289 ms
P frame            n=14280 p50 45903 B p95 50296 B p99 52586 B max 61459 B
IDR                n=120 p50 52132 B p95 65330 B p99 66003 B max 66501 B
output 43.96 Mbit/s, 659352180 bytes over 14400 frames
resident memory start 57.6 MB end 70.9 MB peak 70.9 MB delta +13.3 MB

windows of 10 s  (encode Hz, completion and capture p99 in ms, wire Mbit/s)
      0-10       1201 fr   120.2 Hz  enc p99   2.822  cap p99   9.857   43.92 Mbit/s  late 0
     10-20       1200 fr   120.1 Hz  enc p99   3.058  cap p99   9.448   43.95 Mbit/s  late 0
     20-30       1200 fr   120.1 Hz  enc p99   3.177  cap p99   9.388   44.08 Mbit/s  late 0
     30-40       1200 fr   120.1 Hz  enc p99   3.317  cap p99   9.268   44.06 Mbit/s  late 0
     40-50       1200 fr   120.1 Hz  enc p99   3.439  cap p99   9.256   43.85 Mbit/s  late 0
     50-60       1200 fr   120.1 Hz  enc p99   3.473  cap p99   9.322   44.16 Mbit/s  late 0
     60-70       1200 fr   120.1 Hz  enc p99   3.462  cap p99   9.385   44.05 Mbit/s  late 0
     70-80       1200 fr   120.1 Hz  enc p99   3.428  cap p99   9.410   43.96 Mbit/s  late 0
     80-90       1200 fr   120.1 Hz  enc p99   3.127  cap p99   9.466   44.01 Mbit/s  late 0
     90-100      1200 fr   120.1 Hz  enc p99   2.601  cap p99   9.482   43.97 Mbit/s  late 0
    100-110      1200 fr   120.1 Hz  enc p99   2.032  cap p99   9.462   44.11 Mbit/s  late 0
    110-120      1199 fr   120.1 Hz  enc p99   2.007  cap p99   9.429   43.81 Mbit/s  late 0

  [pass] frames completed                 14400 of 14400
  [pass] completion within a period       p99 3.373 ms against 8.333 ms
  [pass] bitstream produced               659352180 bytes
  [pass] frames in order                  true
  [pass] paced rate held                  120.01 of 120 fps, 0 pool exhaustions
  [pass] socket accepted every datagram   0 send errors
gate: PASS


host gate   PASS
client gate PASS
report      /Users/adria/Documents/programacion/projects/lanplay/results/network/fps-shootout-120s-3x/arms/clean120-r3.json
