link      en0 192.168.1.108, autoselect
route     192.168.1.70 reachable from 192.168.1.108 on tcp/22; ICMP is filtered
clocks    host GPU locked to 2000-2700 MHz core, 9001 MHz memory
source    monitor 1920x1080@120
receiver  listening on 192.168.1.108:5004, negotiating on 5005
sender    1080p 90 fps paced NV12 -> NVENC 50 Mbps -> RTP burst to :5004 for 120 s

device NVIDIA GeForce RTX 4060 Ti (10de:2803, 7949 MB VRAM, feature level 11.1) driving \\.\DISPLAY10 at 1920x1080
warning: paced mode against a live source measures the beat between two 90 Hz clocks as much as the pipeline; prefer --mode uncapped
H.264 input formats: [NV_ENC_BUFFER_FORMAT_NV12, NV_ENC_BUFFER_FORMAT_YV12, NV_ENC_BUFFER_FORMAT_IYUV, NV_ENC_BUFFER_FORMAT_YUV444, NV_ENC_BUFFER_FORMAT_ARGB, NV_ENC_BUFFER_FORMAT_ABGR, NV_ENC_BUFFER_FORMAT_AYUV, NV_ENC_BUFFER_FORMAT_ARGB10, NV_ENC_BUFFER_FORMAT_ABGR10]
sequence header 34 bytes: SPS 22 bytes, PPS 4 bytes
control listening on 0.0.0.0:5005
control session with 192.168.1.108:58016
config generation 1 acknowledged
service class BestEffort: nothing requested
config 1920x1080 @ 90 fps, 50 Mbps, P1 Ll CBR, Nv12 input, Dda source, IDR interval 120, async 4 slots, Paced
frames 10800 in 119.994 s = 90.00 frames/s, pool exhaustions 0
phase requests: 0 relayed to 127.0.0.1:5010, 0.00 ms asked for, 0 not sent
capture acquire    p50 2.461 ms p95 6.776 ms p99 7.418 ms max 9.136 ms
DDA AcquireNextFrame S_OK 10800 = 90.00/s
DDA desktop updates (LastPresentTime != 0) 10800 = 90.00/s
DDA pointer-only (LastPresentTime == 0, LastMouseUpdateTime != 0) 0 = 0.00/s
DDA other updates (both timestamps zero) 0 = 0.00/s
DDA AccumulatedFrames p50 1 p95 2 p99 2 max 104
capture newer frames accumulated while busy: 3705
admission wait     p50 0.000 ms p95 0.001 ms p99 0.001 ms max 0.011 ms
map input          p50 0.083 ms p95 0.133 ms p99 0.164 ms max 0.896 ms
submit CPU         p50 0.061 ms p95 0.096 ms p99 0.122 ms max 0.231 ms
HW completion      p50 1.845 ms p95 2.836 ms p99 3.079 ms max 3.966 ms
lock after event   p50 0.004 ms p95 0.006 ms p99 0.008 ms max 0.035 ms
bitstream copy     p50 0.026 ms p95 0.038 ms p99 0.056 ms max 0.127 ms
unlock             p50 0.004 ms p95 0.005 ms p99 0.007 ms max 4.934 ms
network send       p50 0.162 ms p95 0.257 ms p99 0.383 ms max 6.067 ms
RTP/UDP sent 517031 packets, 613931311 bytes, 0 errors
RGB->NV12 CPU      p50 0.009 ms p95 0.014 ms p99 0.017 ms max 0.115 ms
RGB->NV12 GPU      p50 8.558 ms p95 10.574 ms p99 10.866 ms max 11.327 ms
encoder residency  p50 1.877 ms p95 2.869 ms p99 3.114 ms max 3.995 ms
slot residency     p50 4.622 ms p95 9.067 ms p99 9.604 ms max 16.096 ms
P completion       p50 1.844 ms p95 2.838 ms p99 3.079 ms max 3.966 ms
IDR completion     p50 1.981 ms p95 2.209 ms p99 2.534 ms max 2.745 ms
P frame            n=10710 p50 56650 B p95 62168 B p99 64337 B max 73298 B
IDR                n=90 p50 66654 B p95 81582 B p99 81964 B max 81998 B
output 39.90 Mbit/s, 598475461 bytes over 10800 frames
resident memory start 57.2 MB end 70.6 MB peak 70.6 MB delta +13.4 MB

windows of 10 s  (encode Hz, completion and capture p99 in ms, wire Mbit/s)
      0-10        900 fr    90.1 Hz  enc p99   3.415  cap p99   4.622   39.89 Mbit/s  late 0
     10-20        900 fr    90.1 Hz  enc p99   3.337  cap p99   4.642   39.74 Mbit/s  late 0
     20-30        900 fr    90.1 Hz  enc p99   3.041  cap p99   4.520   39.87 Mbit/s  late 0
     30-40        900 fr    90.1 Hz  enc p99   2.141  cap p99   4.580   40.02 Mbit/s  late 0
     40-50        900 fr    90.1 Hz  enc p99   2.001  cap p99   4.696   39.94 Mbit/s  late 0
     50-60        900 fr    90.1 Hz  enc p99   1.969  cap p99   4.383   39.98 Mbit/s  late 0
     60-70        900 fr    90.1 Hz  enc p99   2.004  cap p99   4.712   40.04 Mbit/s  late 0
     70-80        900 fr    90.1 Hz  enc p99   2.267  cap p99   7.722   40.02 Mbit/s  late 0
     80-90        900 fr    90.1 Hz  enc p99   2.465  cap p99   7.949   39.97 Mbit/s  late 0
     90-100       900 fr    90.2 Hz  enc p99   2.554  cap p99   7.546   40.08 Mbit/s  late 0
    100-110       900 fr    90.1 Hz  enc p99   2.814  cap p99   7.397   39.89 Mbit/s  late 0
    110-120       900 fr    90.1 Hz  enc p99   3.058  cap p99   7.415   40.00 Mbit/s  late 0

  [pass] frames completed                 10800 of 10800
  [pass] completion within a period       p99 3.079 ms against 11.111 ms
  [pass] bitstream produced               598475461 bytes
  [pass] frames in order                  true
  [pass] paced rate held                  90.00 of 90 fps, 0 pool exhaustions
  [pass] socket accepted every datagram   0 send errors
gate: PASS


host gate   PASS
client gate PASS
report      /Users/adria/Documents/programacion/projects/lanplay/results/network/fps-shootout-120s-3x/arms/clean90-r3.json
