link      en0 192.168.1.108, autoselect
route     192.168.1.70 reachable from 192.168.1.108 on tcp/22; ICMP is filtered
clocks    host GPU locked to 2000-2700 MHz core, 9001 MHz memory
source    monitor 1920x1080@120
receiver  listening on 192.168.1.108:5004, negotiating on 5005
sender    1080p 60 fps paced NV12 -> NVENC 50 Mbps -> RTP burst to :5004 for 120 s

device NVIDIA GeForce RTX 4060 Ti (10de:2803, 7949 MB VRAM, feature level 11.1) driving \\.\DISPLAY10 at 1920x1080
warning: paced mode against a live source measures the beat between two 60 Hz clocks as much as the pipeline; prefer --mode uncapped
H.264 input formats: [NV_ENC_BUFFER_FORMAT_NV12, NV_ENC_BUFFER_FORMAT_YV12, NV_ENC_BUFFER_FORMAT_IYUV, NV_ENC_BUFFER_FORMAT_YUV444, NV_ENC_BUFFER_FORMAT_ARGB, NV_ENC_BUFFER_FORMAT_ABGR, NV_ENC_BUFFER_FORMAT_AYUV, NV_ENC_BUFFER_FORMAT_ARGB10, NV_ENC_BUFFER_FORMAT_ABGR10]
sequence header 34 bytes: SPS 22 bytes, PPS 4 bytes
control listening on 0.0.0.0:5005
control session with 192.168.1.108:53647
config generation 1 acknowledged
service class BestEffort: nothing requested
config 1920x1080 @ 60 fps, 50 Mbps, P1 Ll CBR, Nv12 input, Dda source, IDR interval 120, async 4 slots, Paced
frames 7200 in 119.992 s = 60.00 frames/s, pool exhaustions 0
phase requests: 0 relayed to 127.0.0.1:5010, 0.00 ms asked for, 0 not sent
capture acquire    p50 2.255 ms p95 5.566 ms p99 7.625 ms max 10.984 ms
DDA AcquireNextFrame S_OK 7200 = 60.00/s
DDA desktop updates (LastPresentTime != 0) 7200 = 60.00/s
DDA pointer-only (LastPresentTime == 0, LastMouseUpdateTime != 0) 0 = 0.00/s
DDA other updates (both timestamps zero) 0 = 0.00/s
DDA AccumulatedFrames p50 2 p95 2 p99 3 max 96
capture newer frames accumulated while busy: 7298
admission wait     p50 0.001 ms p95 0.001 ms p99 0.001 ms max 0.021 ms
map input          p50 0.103 ms p95 0.154 ms p99 0.192 ms max 0.796 ms
submit CPU         p50 0.069 ms p95 0.105 ms p99 0.129 ms max 0.294 ms
HW completion      p50 1.780 ms p95 1.988 ms p99 2.776 ms max 6.312 ms
lock after event   p50 0.005 ms p95 0.007 ms p99 0.009 ms max 0.045 ms
bitstream copy     p50 0.024 ms p95 0.047 ms p99 0.067 ms max 0.198 ms
unlock             p50 0.004 ms p95 0.006 ms p99 0.007 ms max 0.027 ms
network send       p50 0.152 ms p95 5.875 ms p99 6.043 ms max 11.834 ms
RTP/UDP sent 344014 packets, 408479503 bytes, 0 errors
RGB->NV12 CPU      p50 0.010 ms p95 0.015 ms p99 0.018 ms max 0.064 ms
RGB->NV12 GPU      p50 14.573 ms p95 16.342 ms p99 16.716 ms max 18.506 ms
encoder residency  p50 1.812 ms p95 2.030 ms p99 2.809 ms max 6.342 ms
slot residency     p50 4.254 ms p95 7.700 ms p99 10.181 ms max 13.217 ms
P completion       p50 1.780 ms p95 1.965 ms p99 2.773 ms max 6.312 ms
IDR completion     p50 2.000 ms p95 2.112 ms p99 2.979 ms max 3.119 ms
P frame            n=7140 p50 51259 B p95 84053 B p99 90729 B max 96397 B
IDR                n=60 p50 80920 B p95 84826 B p99 84975 B max 85026 B
output 26.55 Mbit/s, 398195803 bytes over 7200 frames
resident memory start 56.9 MB end 69.1 MB peak 69.1 MB delta +12.1 MB

windows of 10 s  (encode Hz, completion and capture p99 in ms, wire Mbit/s)
      0-10        600 fr    60.1 Hz  enc p99   2.482  cap p99   2.764   26.31 Mbit/s  late 0
     10-20        600 fr    60.1 Hz  enc p99   2.582  cap p99   2.959   26.25 Mbit/s  late 0
     20-30        600 fr    60.1 Hz  enc p99   2.861  cap p99   3.161   26.23 Mbit/s  late 0
     30-40        600 fr    60.1 Hz  enc p99   3.039  cap p99   3.769   26.31 Mbit/s  late 0
     40-50        600 fr    60.1 Hz  enc p99   2.509  cap p99   4.300   26.02 Mbit/s  late 0
     50-60        601 fr    60.1 Hz  enc p99   3.035  cap p99   8.180   27.37 Mbit/s  late 0
     60-70        599 fr    60.1 Hz  enc p99   2.885  cap p99   7.930   28.19 Mbit/s  late 0
     70-80        600 fr    60.1 Hz  enc p99   2.262  cap p99   2.292   26.32 Mbit/s  late 0
     80-90        600 fr    60.1 Hz  enc p99   2.443  cap p99   2.877   26.30 Mbit/s  late 0
     90-100       600 fr    60.1 Hz  enc p99   2.641  cap p99   3.103   26.33 Mbit/s  late 0
    100-110       600 fr    60.1 Hz  enc p99   2.776  cap p99   8.418   26.90 Mbit/s  late 0
    110-120       600 fr    60.1 Hz  enc p99   2.020  cap p99   6.452   26.55 Mbit/s  late 0

  [pass] frames completed                 7200 of 7200
  [pass] completion within a period       p99 2.776 ms against 16.667 ms
  [pass] bitstream produced               398195803 bytes
  [pass] frames in order                  true
  [pass] paced rate held                  60.00 of 60 fps, 0 pool exhaustions
  [pass] socket accepted every datagram   0 send errors
gate: PASS


host gate   PASS
client gate PASS
report      /Users/adria/Documents/programacion/projects/lanplay/results/network/fps-shootout-120s-3x/arms/clean60-r1.json
