link      en0 192.168.1.108, autoselect
route     192.168.1.70 reachable from 192.168.1.108 on tcp/22; ICMP is filtered
clocks    host GPU locked to 2000-2700 MHz core, 9001 MHz memory
source    monitor 1920x1080@120
receiver  listening on 192.168.1.108:5004, negotiating on 5005
sender    1080p 120 fps uncapped NV12 -> NVENC 50 Mbps -> RTP burst to :5004 for 120 s

device NVIDIA GeForce RTX 4060 Ti (10de:2803, 7949 MB VRAM, feature level 11.1) driving \\.\DISPLAY10 at 1920x1080
H.264 input formats: [NV_ENC_BUFFER_FORMAT_NV12, NV_ENC_BUFFER_FORMAT_YV12, NV_ENC_BUFFER_FORMAT_IYUV, NV_ENC_BUFFER_FORMAT_YUV444, NV_ENC_BUFFER_FORMAT_ARGB, NV_ENC_BUFFER_FORMAT_ABGR, NV_ENC_BUFFER_FORMAT_AYUV, NV_ENC_BUFFER_FORMAT_ARGB10, NV_ENC_BUFFER_FORMAT_ABGR10]
sequence header 34 bytes: SPS 22 bytes, PPS 4 bytes
control listening on 0.0.0.0:5005
control session with 192.168.1.108:56187
config generation 1 acknowledged
service class BestEffort: nothing requested
config 1920x1080 @ 120 fps, 50 Mbps, P1 Ll CBR, Nv12 input, Dda source, IDR interval 120, async 4 slots, Uncapped
frames 14400 in 119.993 s = 120.01 frames/s, pool exhaustions 0
phase requests: 0 relayed to 127.0.0.1:5010, 0.00 ms asked for, 0 not sent
capture acquire    p50 8.150 ms p95 9.327 ms p99 9.777 ms max 12.312 ms
DDA AcquireNextFrame S_OK 14400 = 120.01/s
DDA desktop updates (LastPresentTime != 0) 14400 = 120.01/s
DDA pointer-only (LastPresentTime == 0, LastMouseUpdateTime != 0) 0 = 0.00/s
DDA other updates (both timestamps zero) 0 = 0.00/s
DDA AccumulatedFrames p50 1 p95 1 p99 1 max 138
capture newer frames accumulated while busy: 138
admission wait     p50 0.000 ms p95 0.001 ms p99 0.001 ms max 0.050 ms
map input          p50 0.081 ms p95 0.136 ms p99 0.171 ms max 0.826 ms
submit CPU         p50 0.061 ms p95 0.104 ms p99 0.141 ms max 0.388 ms
HW completion      p50 1.856 ms p95 2.416 ms p99 2.853 ms max 3.396 ms
lock after event   p50 0.004 ms p95 0.006 ms p99 0.008 ms max 0.031 ms
bitstream copy     p50 0.021 ms p95 0.028 ms p99 0.043 ms max 0.232 ms
unlock             p50 6.244 ms p95 7.466 ms p99 7.858 ms max 10.639 ms
network send       p50 0.127 ms p95 0.254 ms p99 0.317 ms max 0.570 ms
RTP/UDP sent 571386 packets, 676851688 bytes, 0 errors
RGB->NV12 CPU      p50 0.010 ms p95 0.051 ms p99 0.084 ms max 0.236 ms
RGB->NV12 GPU      p50 0.014 ms p95 0.295 ms p99 0.321 ms max 3.261 ms
encoder residency  p50 1.881 ms p95 2.447 ms p99 2.881 ms max 3.421 ms
slot residency     p50 16.533 ms p95 17.602 ms p99 18.136 ms max 20.903 ms
P completion       p50 1.855 ms p95 2.417 ms p99 2.849 ms max 3.396 ms
IDR completion     p50 1.943 ms p95 2.154 ms p99 2.792 ms max 3.113 ms
P frame            n=14280 p50 45944 B p95 50333 B p99 52786 B max 62415 B
IDR                n=120 p50 52481 B p95 65261 B p99 65318 B max 68171 B
output 43.99 Mbit/s, 659783549 bytes over 14400 frames
resident memory start 57.3 MB end 71.1 MB peak 71.1 MB delta +13.8 MB

windows of 10 s  (encode Hz, completion and capture p99 in ms, wire Mbit/s)
      0-10       1201 fr   120.1 Hz  enc p99   3.050  cap p99   9.491   43.79 Mbit/s  late 0
     10-20       1200 fr   120.1 Hz  enc p99   2.408  cap p99   9.533   44.11 Mbit/s  late 0
     20-30       1200 fr   120.1 Hz  enc p99   2.068  cap p99   9.508   44.04 Mbit/s  late 0
     30-40       1200 fr   120.1 Hz  enc p99   2.028  cap p99   9.461   43.98 Mbit/s  late 0
     40-50       1200 fr   120.1 Hz  enc p99   2.049  cap p99   9.593   44.15 Mbit/s  late 0
     50-60       1200 fr   120.1 Hz  enc p99   2.045  cap p99   9.713   44.01 Mbit/s  late 0
     60-70       1200 fr   120.1 Hz  enc p99   2.076  cap p99  10.061   44.18 Mbit/s  late 0
     70-80       1200 fr   120.1 Hz  enc p99   2.566  cap p99  10.194   44.00 Mbit/s  late 0
     80-90       1200 fr   120.1 Hz  enc p99   2.906  cap p99   9.845   44.03 Mbit/s  late 0
     90-100      1200 fr   120.1 Hz  enc p99   2.941  cap p99   9.507   43.94 Mbit/s  late 0
    100-110      1200 fr   120.1 Hz  enc p99   3.104  cap p99  10.043   44.07 Mbit/s  late 0
    110-120      1199 fr   120.1 Hz  enc p99   2.966  cap p99   9.741   43.98 Mbit/s  late 0

  [pass] frames completed                 14400 of 14400
  [pass] completion within a period       p99 2.853 ms against 8.333 ms
  [pass] bitstream produced               659783549 bytes
  [pass] frames in order                  true
  [pass] paced rate held                  120.01 of 120 fps, 0 pool exhaustions
  [pass] socket accepted every datagram   0 send errors
gate: PASS


host gate   PASS
client gate FAIL (1)
report      /Users/adria/Documents/programacion/projects/lanplay/results/network/fps-shootout-120s-3x/arms/clean120-r2.json
