udp-fault: 0.0.0.0:5116 -> 192.168.1.108:5004, loss 0.0%, duplicate 0.0%, reorder 0.0% held 8 ms, stall 60 ms every 150 ms, seed 20250815
udp-fault: scheduled as time constraint, period 2.000 ms computation 0.250 ms constraint 1.000 ms
    5s  seen       0  dropped      0 (0.00%)  duplicated      0 (0.00%)  reordered      0 (0.00%)  stalls   33  holding 0
   10s  seen       0  dropped      0 (0.00%)  duplicated      0 (0.00%)  reordered      0 (0.00%)  stalls   66  holding 0
   15s  seen   22789  dropped      0 (0.00%)  duplicated      0 (0.00%)  reordered      0 (0.00%)  stalls   99  holding 163
   20s  seen   46506  dropped      0 (0.00%)  duplicated      0 (0.00%)  reordered      0 (0.00%)  stalls  132  holding 198
   25s  seen   70507  dropped      0 (0.00%)  duplicated      0 (0.00%)  reordered      0 (0.00%)  stalls  165  holding 0
   30s  seen   94180  dropped      0 (0.00%)  duplicated      0 (0.00%)  reordered      0 (0.00%)  stalls  198  holding 0
   35s  seen  118352  dropped      0 (0.00%)  duplicated      0 (0.00%)  reordered      0 (0.00%)  stalls  231  holding 0
   40s  seen  141784  dropped      0 (0.00%)  duplicated      0 (0.00%)  reordered      0 (0.00%)  stalls  264  holding 0
   45s  seen  165920  dropped      0 (0.00%)  duplicated      0 (0.00%)  reordered      0 (0.00%)  stalls  297  holding 0
   50s  seen  189682  dropped      0 (0.00%)  duplicated      0 (0.00%)  reordered      0 (0.00%)  stalls  331  holding 59
   55s  seen  213575  dropped      0 (0.00%)  duplicated      0 (0.00%)  reordered      0 (0.00%)  stalls  364  holding 176
   60s  seen  237484  dropped      0 (0.00%)  duplicated      0 (0.00%)  reordered      0 (0.00%)  stalls  397  holding 277
   65s  seen  261381  dropped      0 (0.00%)  duplicated      0 (0.00%)  reordered      0 (0.00%)  stalls  430  holding 0
   70s  seen  285220  dropped      0 (0.00%)  duplicated      0 (0.00%)  reordered      0 (0.00%)  stalls  463  holding 0
   75s  seen  308938  dropped      0 (0.00%)  duplicated      0 (0.00%)  reordered      0 (0.00%)  stalls  496  holding 0
   80s  seen  332794  dropped      0 (0.00%)  duplicated      0 (0.00%)  reordered      0 (0.00%)  stalls  530  holding 15
   85s  seen  356608  dropped      0 (0.00%)  duplicated      0 (0.00%)  reordered      0 (0.00%)  stalls  563  holding 90
   90s  seen  380423  dropped      0 (0.00%)  duplicated      0 (0.00%)  reordered      0 (0.00%)  stalls  596  holding 160
   95s  seen  404375  dropped      0 (0.00%)  duplicated      0 (0.00%)  reordered      0 (0.00%)  stalls  629  holding 272
  100s  seen  428142  dropped      0 (0.00%)  duplicated      0 (0.00%)  reordered      0 (0.00%)  stalls  662  holding 0
  105s  seen  452167  dropped      0 (0.00%)  duplicated      0 (0.00%)  reordered      0 (0.00%)  stalls  695  holding 0
  110s  seen  475740  dropped      0 (0.00%)  duplicated      0 (0.00%)  reordered      0 (0.00%)  stalls  728  holding 0
  115s  seen  499845  dropped      0 (0.00%)  duplicated      0 (0.00%)  reordered      0 (0.00%)  stalls  761  holding 0
  120s  seen  523892  dropped      0 (0.00%)  duplicated      0 (0.00%)  reordered      0 (0.00%)  stalls  794  holding 0
  125s  seen  547853  dropped      0 (0.00%)  duplicated      0 (0.00%)  reordered      0 (0.00%)  stalls  828  holding 94
  130s  seen  571681  dropped      0 (0.00%)  duplicated      0 (0.00%)  reordered      0 (0.00%)  stalls  861  holding 184
  135s  seen  572359  dropped      0 (0.00%)  duplicated      0 (0.00%)  reordered      0 (0.00%)  stalls  894  holding 0
  140s  seen  572359  dropped      0 (0.00%)  duplicated      0 (0.00%)  reordered      0 (0.00%)  stalls  927  holding 0
