udp-fault: 0.0.0.0:5116 -> 192.168.1.108:5004, loss 0.0%, duplicate 0.0%, reorder 0.0% held 8 ms, stall 60 ms every 150 ms, seed 20250815
udp-fault: scheduled as time constraint, period 2.000 ms computation 0.250 ms constraint 1.000 ms
    5s  seen       0  dropped      0 (0.00%)  duplicated      0 (0.00%)  reordered      0 (0.00%)  stalls   33  holding 0
   10s  seen       0  dropped      0 (0.00%)  duplicated      0 (0.00%)  reordered      0 (0.00%)  stalls   66  holding 0
   15s  seen   11140  dropped      0 (0.00%)  duplicated      0 (0.00%)  reordered      0 (0.00%)  stalls   99  holding 166
   20s  seen   26911  dropped      0 (0.00%)  duplicated      0 (0.00%)  reordered      0 (0.00%)  stalls  132  holding 0
   25s  seen   42390  dropped      0 (0.00%)  duplicated      0 (0.00%)  reordered      0 (0.00%)  stalls  165  holding 0
   30s  seen   56698  dropped      0 (0.00%)  duplicated      0 (0.00%)  reordered      0 (0.00%)  stalls  198  holding 0
   35s  seen   70903  dropped      0 (0.00%)  duplicated      0 (0.00%)  reordered      0 (0.00%)  stalls  231  holding 0
   40s  seen   85075  dropped      0 (0.00%)  duplicated      0 (0.00%)  reordered      0 (0.00%)  stalls  265  holding 34
   45s  seen   99196  dropped      0 (0.00%)  duplicated      0 (0.00%)  reordered      0 (0.00%)  stalls  298  holding 90
   50s  seen  113565  dropped      0 (0.00%)  duplicated      0 (0.00%)  reordered      0 (0.00%)  stalls  331  holding 166
   55s  seen  127593  dropped      0 (0.00%)  duplicated      0 (0.00%)  reordered      0 (0.00%)  stalls  364  holding 0
   60s  seen  141884  dropped      0 (0.00%)  duplicated      0 (0.00%)  reordered      0 (0.00%)  stalls  397  holding 0
   65s  seen  156063  dropped      0 (0.00%)  duplicated      0 (0.00%)  reordered      0 (0.00%)  stalls  430  holding 0
   70s  seen  170165  dropped      0 (0.00%)  duplicated      0 (0.00%)  reordered      0 (0.00%)  stalls  463  holding 0
   75s  seen  184339  dropped      0 (0.00%)  duplicated      0 (0.00%)  reordered      0 (0.00%)  stalls  497  holding 0
   80s  seen  198496  dropped      0 (0.00%)  duplicated      0 (0.00%)  reordered      0 (0.00%)  stalls  530  holding 44
   85s  seen  213056  dropped      0 (0.00%)  duplicated      0 (0.00%)  reordered      0 (0.00%)  stalls  563  holding 98
   90s  seen  227290  dropped      0 (0.00%)  duplicated      0 (0.00%)  reordered      0 (0.00%)  stalls  596  holding 0
   95s  seen  241466  dropped      0 (0.00%)  duplicated      0 (0.00%)  reordered      0 (0.00%)  stalls  629  holding 0
  100s  seen  255847  dropped      0 (0.00%)  duplicated      0 (0.00%)  reordered      0 (0.00%)  stalls  662  holding 0
  105s  seen  269923  dropped      0 (0.00%)  duplicated      0 (0.00%)  reordered      0 (0.00%)  stalls  695  holding 0
  110s  seen  284172  dropped      0 (0.00%)  duplicated      0 (0.00%)  reordered      0 (0.00%)  stalls  728  holding 0
  115s  seen  298416  dropped      0 (0.00%)  duplicated      0 (0.00%)  reordered      0 (0.00%)  stalls  762  holding 30
  120s  seen  312529  dropped      0 (0.00%)  duplicated      0 (0.00%)  reordered      0 (0.00%)  stalls  795  holding 79
  125s  seen  326733  dropped      0 (0.00%)  duplicated      0 (0.00%)  reordered      0 (0.00%)  stalls  828  holding 135
  130s  seen  340880  dropped      0 (0.00%)  duplicated      0 (0.00%)  reordered      0 (0.00%)  stalls  861  holding 0
  135s  seen  344203  dropped      0 (0.00%)  duplicated      0 (0.00%)  reordered      0 (0.00%)  stalls  894  holding 0
  140s  seen  344203  dropped      0 (0.00%)  duplicated      0 (0.00%)  reordered      0 (0.00%)  stalls  927  holding 0
