link      en0 192.168.1.108, autoselect
route     192.168.1.70 reachable from 192.168.1.108 on tcp/22; ICMP is filtered
clocks    host GPU locked to 2000-2700 MHz core, 9001 MHz memory
source    monitor 1920x1080@120
receiver  listening on 192.168.1.108:5004, negotiating on 5005
sender    1080p 120 fps uncapped NV12 -> NVENC 50 Mbps -> RTP burst to :5116 for 120 s

device NVIDIA GeForce RTX 4060 Ti (10de:2803, 7949 MB VRAM, feature level 11.1) driving \\.\DISPLAY10 at 1920x1080
H.264 input formats: [NV_ENC_BUFFER_FORMAT_NV12, NV_ENC_BUFFER_FORMAT_YV12, NV_ENC_BUFFER_FORMAT_IYUV, NV_ENC_BUFFER_FORMAT_YUV444, NV_ENC_BUFFER_FORMAT_ARGB, NV_ENC_BUFFER_FORMAT_ABGR, NV_ENC_BUFFER_FORMAT_AYUV, NV_ENC_BUFFER_FORMAT_ARGB10, NV_ENC_BUFFER_FORMAT_ABGR10]
sequence header 34 bytes: SPS 22 bytes, PPS 4 bytes
control listening on 0.0.0.0:5005
control session with 192.168.1.108:55351
config generation 1 acknowledged
service class BestEffort: nothing requested
config 1920x1080 @ 120 fps, 50 Mbps, P1 Ll CBR, Nv12 input, Dda source, IDR interval 120, async 4 slots, Uncapped
frames 14400 in 119.992 s = 120.01 frames/s, pool exhaustions 0
phase requests: 0 relayed to 127.0.0.1:5010, 0.00 ms asked for, 0 not sent
capture acquire    p50 8.151 ms p95 9.159 ms p99 9.479 ms max 10.699 ms
DDA AcquireNextFrame S_OK 14400 = 120.01/s
DDA desktop updates (LastPresentTime != 0) 14400 = 120.01/s
DDA pointer-only (LastPresentTime == 0, LastMouseUpdateTime != 0) 0 = 0.00/s
DDA other updates (both timestamps zero) 0 = 0.00/s
DDA AccumulatedFrames p50 1 p95 1 p99 1 max 156
capture newer frames accumulated while busy: 155
admission wait     p50 0.000 ms p95 0.001 ms p99 0.001 ms max 0.087 ms
map input          p50 0.073 ms p95 0.126 ms p99 0.157 ms max 0.818 ms
submit CPU         p50 0.056 ms p95 0.100 ms p99 0.135 ms max 0.546 ms
HW completion      p50 2.389 ms p95 3.144 ms p99 3.400 ms max 3.590 ms
lock after event   p50 0.003 ms p95 0.005 ms p99 0.006 ms max 0.034 ms
bitstream copy     p50 0.021 ms p95 0.025 ms p99 0.041 ms max 0.155 ms
unlock             p50 5.765 ms p95 7.211 ms p99 7.582 ms max 8.443 ms
network send       p50 0.124 ms p95 0.227 ms p99 0.284 ms max 0.572 ms
RTP/UDP sent 572782 packets, 678550479 bytes, 0 errors
RGB->NV12 CPU      p50 0.009 ms p95 0.048 ms p99 0.079 ms max 0.159 ms
RGB->NV12 GPU      p50 0.014 ms p95 0.039 ms p99 0.324 ms max 3.256 ms
encoder residency  p50 2.414 ms p95 3.170 ms p99 3.425 ms max 3.612 ms
slot residency     p50 16.556 ms p95 17.385 ms p99 17.733 ms max 18.876 ms
P completion       p50 2.390 ms p95 3.144 ms p99 3.400 ms max 3.590 ms
IDR completion     p50 2.152 ms p95 3.155 ms p99 3.327 ms max 3.522 ms
P frame            n=14280 p50 46013 B p95 50580 B p99 54590 B max 64058 B
IDR                n=120 p50 53506 B p95 69211 B p99 69630 B max 69865 B
output 44.10 Mbit/s, 661440459 bytes over 14400 frames
resident memory start 57.3 MB end 71.1 MB peak 71.1 MB delta +13.8 MB

windows of 10 s  (encode Hz, completion and capture p99 in ms, wire Mbit/s)
      0-10       1201 fr   120.1 Hz  enc p99   2.835  cap p99   9.956   43.99 Mbit/s  late 0
     10-20       1200 fr   120.1 Hz  enc p99   2.959  cap p99   9.553   44.23 Mbit/s  late 0
     20-30       1200 fr   120.1 Hz  enc p99   3.096  cap p99   9.356   44.11 Mbit/s  late 0
     30-40       1200 fr   120.1 Hz  enc p99   3.196  cap p99   9.362   44.01 Mbit/s  late 0
     40-50       1200 fr   120.1 Hz  enc p99   3.304  cap p99   9.285   44.13 Mbit/s  late 0
     50-60       1200 fr   120.1 Hz  enc p99   3.454  cap p99   9.255   44.26 Mbit/s  late 0
     60-70       1200 fr   120.1 Hz  enc p99   3.483  cap p99   9.388   44.25 Mbit/s  late 0
     70-80       1200 fr   120.1 Hz  enc p99   3.479  cap p99   9.438   44.11 Mbit/s  late 0
     80-90       1200 fr   120.1 Hz  enc p99   3.429  cap p99   9.515   44.17 Mbit/s  late 0
     90-100      1200 fr   120.1 Hz  enc p99   3.144  cap p99   9.492   44.18 Mbit/s  late 0
    100-110      1200 fr   120.1 Hz  enc p99   2.652  cap p99   9.506   44.05 Mbit/s  late 0
    110-120      1199 fr   120.1 Hz  enc p99   2.048  cap p99   9.462   44.13 Mbit/s  late 0

  [pass] frames completed                 14400 of 14400
  [pass] completion within a period       p99 3.400 ms against 8.333 ms
  [pass] bitstream produced               661440459 bytes
  [pass] frames in order                  true
  [pass] paced rate held                  120.01 of 120 fps, 0 pool exhaustions
  [pass] socket accepted every datagram   0 send errors
gate: PASS


host gate   PASS
client gate FAIL (1)
report      /Users/adria/Documents/programacion/projects/lanplay/results/network/fps-shootout-120s-3x/arms/hold120-r2.json
