link      en0 192.168.1.108, autoselect
route     192.168.1.70 reachable from 192.168.1.108 on tcp/22; ICMP is filtered
clocks    host GPU locked to 2000-2700 MHz core, 9001 MHz memory
source    monitor 1920x1080@120
receiver  listening on 192.168.1.108:5004, negotiating on 5005
sender    1080p 120 fps uncapped NV12 -> NVENC 50 Mbps -> RTP burst to :5116 for 120 s

device NVIDIA GeForce RTX 4060 Ti (10de:2803, 7949 MB VRAM, feature level 11.1) driving \\.\DISPLAY10 at 1920x1080
H.264 input formats: [NV_ENC_BUFFER_FORMAT_NV12, NV_ENC_BUFFER_FORMAT_YV12, NV_ENC_BUFFER_FORMAT_IYUV, NV_ENC_BUFFER_FORMAT_YUV444, NV_ENC_BUFFER_FORMAT_ARGB, NV_ENC_BUFFER_FORMAT_ABGR, NV_ENC_BUFFER_FORMAT_AYUV, NV_ENC_BUFFER_FORMAT_ARGB10, NV_ENC_BUFFER_FORMAT_ABGR10]
sequence header 34 bytes: SPS 22 bytes, PPS 4 bytes
control listening on 0.0.0.0:5005
control session with 192.168.1.108:56808
config generation 1 acknowledged
service class BestEffort: nothing requested
config 1920x1080 @ 120 fps, 50 Mbps, P1 Ll CBR, Nv12 input, Dda source, IDR interval 120, async 4 slots, Uncapped
frames 14400 in 119.978 s = 120.02 frames/s, pool exhaustions 0
phase requests: 0 relayed to 127.0.0.1:5010, 0.00 ms asked for, 0 not sent
capture acquire    p50 8.121 ms p95 9.266 ms p99 9.765 ms max 17.080 ms
DDA AcquireNextFrame S_OK 14400 = 120.02/s
DDA desktop updates (LastPresentTime != 0) 14400 = 120.02/s
DDA pointer-only (LastPresentTime == 0, LastMouseUpdateTime != 0) 0 = 0.00/s
DDA other updates (both timestamps zero) 0 = 0.00/s
DDA AccumulatedFrames p50 1 p95 1 p99 1 max 110
capture newer frames accumulated while busy: 122
admission wait     p50 0.000 ms p95 0.001 ms p99 0.001 ms max 0.047 ms
map input          p50 0.080 ms p95 0.134 ms p99 0.177 ms max 1.452 ms
submit CPU         p50 0.062 ms p95 0.102 ms p99 0.147 ms max 0.537 ms
HW completion      p50 2.486 ms p95 3.229 ms p99 3.434 ms max 7.754 ms
lock after event   p50 0.004 ms p95 0.006 ms p99 0.008 ms max 0.124 ms
bitstream copy     p50 0.021 ms p95 0.030 ms p99 0.042 ms max 0.131 ms
unlock             p50 5.666 ms p95 7.374 ms p99 7.910 ms max 15.586 ms
network send       p50 0.140 ms p95 0.221 ms p99 0.313 ms max 0.575 ms
RTP/UDP sent 572359 packets, 678029887 bytes, 0 errors
RGB->NV12 CPU      p50 0.012 ms p95 0.052 ms p99 0.089 ms max 0.209 ms
RGB->NV12 GPU      p50 0.014 ms p95 0.296 ms p99 0.652 ms max 3.919 ms
encoder residency  p50 2.512 ms p95 3.254 ms p99 3.461 ms max 7.794 ms
slot residency     p50 16.554 ms p95 17.511 ms p99 18.040 ms max 24.628 ms
P completion       p50 2.484 ms p95 3.229 ms p99 3.434 ms max 7.754 ms
IDR completion     p50 2.658 ms p95 3.231 ms p99 3.470 ms max 4.871 ms
P frame            n=14280 p50 45997 B p95 50454 B p99 53108 B max 65133 B
IDR                n=120 p50 53097 B p95 68747 B p99 69523 B max 69696 B
output 44.07 Mbit/s, 660932561 bytes over 14400 frames
resident memory start 57.2 MB end 70.9 MB peak 70.9 MB delta +13.7 MB

windows of 10 s  (encode Hz, completion and capture p99 in ms, wire Mbit/s)
      0-10       1201 fr   120.1 Hz  enc p99   3.436  cap p99   9.329   43.90 Mbit/s  late 0
     10-20       1200 fr   120.1 Hz  enc p99   3.479  cap p99   9.271   44.27 Mbit/s  late 0
     20-30       1200 fr   120.1 Hz  enc p99   3.457  cap p99   9.406   44.05 Mbit/s  late 0
     30-40       1200 fr   120.1 Hz  enc p99   3.439  cap p99   9.487   43.97 Mbit/s  late 0
     40-50       1201 fr   120.2 Hz  enc p99   3.059  cap p99   9.565   44.16 Mbit/s  late 0
     50-60       1200 fr   120.1 Hz  enc p99   2.688  cap p99   9.643   44.13 Mbit/s  late 0
     60-70       1199 fr   120.0 Hz  enc p99   2.032  cap p99  10.010   43.94 Mbit/s  late 0
     70-80       1201 fr   120.2 Hz  enc p99   2.069  cap p99  10.334   44.06 Mbit/s  late 0
     80-90       1200 fr   120.1 Hz  enc p99   3.417  cap p99  10.022   44.27 Mbit/s  late 0
     90-100      1200 fr   120.1 Hz  enc p99   3.435  cap p99   9.473   44.14 Mbit/s  late 0
    100-110      1200 fr   120.1 Hz  enc p99   3.462  cap p99   9.368   44.24 Mbit/s  late 0
    110-120      1198 fr   120.2 Hz  enc p99   3.452  cap p99   9.740   44.13 Mbit/s  late 0

  [pass] frames completed                 14400 of 14400
  [pass] completion within a period       p99 3.434 ms against 8.333 ms
  [pass] bitstream produced               660932561 bytes
  [pass] frames in order                  true
  [pass] paced rate held                  120.02 of 120 fps, 0 pool exhaustions
  [pass] socket accepted every datagram   0 send errors
gate: PASS


host gate   PASS
client gate FAIL (1)
report      /Users/adria/Documents/programacion/projects/lanplay/results/network/fps-shootout-120s-3x/arms/hold120-r3.json
