udp-fault: 0.0.0.0:5116 -> 192.168.1.108:5004, loss 0.0%, duplicate 0.0%, reorder 0.0% held 8 ms, stall 60 ms every 150 ms, seed 20250815
udp-fault: scheduled as time constraint, period 2.000 ms computation 0.250 ms constraint 1.000 ms
    5s  seen       0  dropped      0 (0.00%)  duplicated      0 (0.00%)  reordered      0 (0.00%)  stalls   33  holding 0
   10s  seen       0  dropped      0 (0.00%)  duplicated      0 (0.00%)  reordered      0 (0.00%)  stalls   66  holding 0
   15s  seen   20132  dropped      0 (0.00%)  duplicated      0 (0.00%)  reordered      0 (0.00%)  stalls   99  holding 224
   20s  seen   41902  dropped      0 (0.00%)  duplicated      0 (0.00%)  reordered      0 (0.00%)  stalls  132  holding 0
   25s  seen   63461  dropped      0 (0.00%)  duplicated      0 (0.00%)  reordered      0 (0.00%)  stalls  165  holding 0
   30s  seen   84979  dropped      0 (0.00%)  duplicated      0 (0.00%)  reordered      0 (0.00%)  stalls  198  holding 0
   35s  seen  106602  dropped      0 (0.00%)  duplicated      0 (0.00%)  reordered      0 (0.00%)  stalls  231  holding 0
   40s  seen  128288  dropped      0 (0.00%)  duplicated      0 (0.00%)  reordered      0 (0.00%)  stalls  264  holding 0
   45s  seen  149809  dropped      0 (0.00%)  duplicated      0 (0.00%)  reordered      0 (0.00%)  stalls  298  holding 36
   50s  seen  171610  dropped      0 (0.00%)  duplicated      0 (0.00%)  reordered      0 (0.00%)  stalls  331  holding 202
   55s  seen  193208  dropped      0 (0.00%)  duplicated      0 (0.00%)  reordered      0 (0.00%)  stalls  364  holding 289
   60s  seen  214845  dropped      0 (0.00%)  duplicated      0 (0.00%)  reordered      0 (0.00%)  stalls  397  holding 0
   65s  seen  236521  dropped      0 (0.00%)  duplicated      0 (0.00%)  reordered      0 (0.00%)  stalls  430  holding 0
   70s  seen  257898  dropped      0 (0.00%)  duplicated      0 (0.00%)  reordered      0 (0.00%)  stalls  463  holding 0
   75s  seen  279540  dropped      0 (0.00%)  duplicated      0 (0.00%)  reordered      0 (0.00%)  stalls  496  holding 0
   80s  seen  301175  dropped      0 (0.00%)  duplicated      0 (0.00%)  reordered      0 (0.00%)  stalls  530  holding 52
   85s  seen  322918  dropped      0 (0.00%)  duplicated      0 (0.00%)  reordered      0 (0.00%)  stalls  563  holding 150
   90s  seen  344529  dropped      0 (0.00%)  duplicated      0 (0.00%)  reordered      0 (0.00%)  stalls  596  holding 254
   95s  seen  366138  dropped      0 (0.00%)  duplicated      0 (0.00%)  reordered      0 (0.00%)  stalls  629  holding 0
  100s  seen  387791  dropped      0 (0.00%)  duplicated      0 (0.00%)  reordered      0 (0.00%)  stalls  662  holding 0
  105s  seen  409246  dropped      0 (0.00%)  duplicated      0 (0.00%)  reordered      0 (0.00%)  stalls  695  holding 0
  110s  seen  430941  dropped      0 (0.00%)  duplicated      0 (0.00%)  reordered      0 (0.00%)  stalls  728  holding 0
  115s  seen  452521  dropped      0 (0.00%)  duplicated      0 (0.00%)  reordered      0 (0.00%)  stalls  762  holding 98
  120s  seen  474098  dropped      0 (0.00%)  duplicated      0 (0.00%)  reordered      0 (0.00%)  stalls  795  holding 208
  125s  seen  495757  dropped      0 (0.00%)  duplicated      0 (0.00%)  reordered      0 (0.00%)  stalls  828  holding 0
  130s  seen  517432  dropped      0 (0.00%)  duplicated      0 (0.00%)  reordered      0 (0.00%)  stalls  861  holding 0
  135s  seen  518522  dropped      0 (0.00%)  duplicated      0 (0.00%)  reordered      0 (0.00%)  stalls  894  holding 0
  140s  seen  518522  dropped      0 (0.00%)  duplicated      0 (0.00%)  reordered      0 (0.00%)  stalls  927  holding 0
