link      en0 192.168.1.108, autoselect
route     192.168.1.70 reachable from 192.168.1.108 on tcp/22; ICMP is filtered
clocks    host GPU locked to 2000-2700 MHz core, 9001 MHz memory
source    monitor 1920x1080@120
receiver  listening on 192.168.1.108:5004, negotiating on 5005
sender    1080p 120 fps uncapped NV12 -> NVENC 50 Mbps -> RTP burst to :5116 for 120 s

device NVIDIA GeForce RTX 4060 Ti (10de:2803, 7949 MB VRAM, feature level 11.1) driving \\.\DISPLAY10 at 1920x1080
H.264 input formats: [NV_ENC_BUFFER_FORMAT_NV12, NV_ENC_BUFFER_FORMAT_YV12, NV_ENC_BUFFER_FORMAT_IYUV, NV_ENC_BUFFER_FORMAT_YUV444, NV_ENC_BUFFER_FORMAT_ARGB, NV_ENC_BUFFER_FORMAT_ABGR, NV_ENC_BUFFER_FORMAT_AYUV, NV_ENC_BUFFER_FORMAT_ARGB10, NV_ENC_BUFFER_FORMAT_ABGR10]
sequence header 34 bytes: SPS 22 bytes, PPS 4 bytes
control listening on 0.0.0.0:5005
control session with 192.168.1.108:53964
config generation 1 acknowledged
service class BestEffort: nothing requested
config 1920x1080 @ 120 fps, 50 Mbps, P1 Ll CBR, Nv12 input, Dda source, IDR interval 120, async 4 slots, Uncapped
frames 14400 in 119.984 s = 120.02 frames/s, pool exhaustions 0
phase requests: 0 relayed to 127.0.0.1:5010, 0.00 ms asked for, 0 not sent
capture acquire    p50 8.138 ms p95 9.163 ms p99 9.504 ms max 15.401 ms
DDA AcquireNextFrame S_OK 14400 = 120.02/s
DDA desktop updates (LastPresentTime != 0) 14400 = 120.02/s
DDA pointer-only (LastPresentTime == 0, LastMouseUpdateTime != 0) 0 = 0.00/s
DDA other updates (both timestamps zero) 0 = 0.00/s
DDA AccumulatedFrames p50 1 p95 1 p99 1 max 150
capture newer frames accumulated while busy: 149
admission wait     p50 0.000 ms p95 0.001 ms p99 0.001 ms max 0.015 ms
map input          p50 0.075 ms p95 0.128 ms p99 0.167 ms max 1.149 ms
submit CPU         p50 0.058 ms p95 0.092 ms p99 0.133 ms max 1.108 ms
HW completion      p50 2.550 ms p95 3.236 ms p99 3.444 ms max 9.158 ms
lock after event   p50 0.003 ms p95 0.005 ms p99 0.007 ms max 0.057 ms
bitstream copy     p50 0.021 ms p95 0.030 ms p99 0.043 ms max 0.213 ms
unlock             p50 5.618 ms p95 7.231 ms p99 7.623 ms max 12.933 ms
network send       p50 0.144 ms p95 0.205 ms p99 0.319 ms max 1.003 ms
RTP/UDP sent 572617 packets, 678316191 bytes, 0 errors
RGB->NV12 CPU      p50 0.011 ms p95 0.047 ms p99 0.084 ms max 1.899 ms
RGB->NV12 GPU      p50 0.013 ms p95 0.271 ms p99 0.651 ms max 3.769 ms
encoder residency  p50 2.575 ms p95 3.263 ms p99 3.470 ms max 9.208 ms
slot residency     p50 16.563 ms p95 17.369 ms p99 17.728 ms max 23.818 ms
P completion       p50 2.550 ms p95 3.235 ms p99 3.440 ms max 6.364 ms
IDR completion     p50 2.619 ms p95 3.414 ms p99 3.498 ms max 9.158 ms
P frame            n=14280 p50 46014 B p95 50384 B p99 53234 B max 62553 B
IDR                n=120 p50 53473 B p95 67407 B p99 69183 B max 69498 B
output 44.09 Mbit/s, 661211122 bytes over 14400 frames
resident memory start 57.2 MB end 70.9 MB peak 70.9 MB delta +13.7 MB

windows of 10 s  (encode Hz, completion and capture p99 in ms, wire Mbit/s)
      0-10       1201 fr   120.2 Hz  enc p99   3.413  cap p99   9.342   43.94 Mbit/s  late 0
     10-20       1200 fr   120.1 Hz  enc p99   3.489  cap p99   9.361   43.99 Mbit/s  late 0
     20-30       1200 fr   120.1 Hz  enc p99   3.488  cap p99   9.448   44.05 Mbit/s  late 0
     30-40       1201 fr   120.2 Hz  enc p99   3.376  cap p99   9.773   44.23 Mbit/s  late 1
     40-50       1200 fr   120.1 Hz  enc p99   3.398  cap p99   9.379   44.19 Mbit/s  late 0
     50-60       1200 fr   120.1 Hz  enc p99   3.464  cap p99   9.389   44.20 Mbit/s  late 0
     60-70       1200 fr   120.1 Hz  enc p99   3.478  cap p99   9.419   43.89 Mbit/s  late 0
     70-80       1200 fr   120.1 Hz  enc p99   3.426  cap p99   9.422   44.12 Mbit/s  late 0
     80-90       1200 fr   120.1 Hz  enc p99   3.350  cap p99   9.529   44.28 Mbit/s  late 0
     90-100      1200 fr   120.1 Hz  enc p99   3.092  cap p99   9.533   44.35 Mbit/s  late 0
    100-110      1200 fr   120.1 Hz  enc p99   2.089  cap p99   9.505   44.13 Mbit/s  late 0
    110-120      1198 fr   120.1 Hz  enc p99   2.030  cap p99   9.531   44.10 Mbit/s  late 0

  [pass] frames completed                 14400 of 14400
  [pass] completion within a period       p99 3.444 ms against 8.333 ms
  [pass] bitstream produced               661211122 bytes
  [pass] frames in order                  true
  [pass] paced rate held                  120.02 of 120 fps, 0 pool exhaustions
  [pass] socket accepted every datagram   0 send errors
gate: PASS


host gate   PASS
client gate FAIL (1)
report      /Users/adria/Documents/programacion/projects/lanplay/results/network/fps-shootout-120s-3x/arms/hold120-r1.json
