link      en0 192.168.1.108, autoselect
route     192.168.1.70 reachable from 192.168.1.108 on tcp/22; ICMP is filtered
clocks    host GPU locked to 2000-2700 MHz core, 9001 MHz memory
source    monitor 1920x1080@120
receiver  listening on 192.168.1.108:5004, negotiating on 5005
sender    1080p 60 fps paced NV12 -> NVENC 50 Mbps -> RTP burst to :5116 for 120 s

device NVIDIA GeForce RTX 4060 Ti (10de:2803, 7949 MB VRAM, feature level 11.1) driving \\.\DISPLAY10 at 1920x1080
warning: paced mode against a live source measures the beat between two 60 Hz clocks as much as the pipeline; prefer --mode uncapped
H.264 input formats: [NV_ENC_BUFFER_FORMAT_NV12, NV_ENC_BUFFER_FORMAT_YV12, NV_ENC_BUFFER_FORMAT_IYUV, NV_ENC_BUFFER_FORMAT_YUV444, NV_ENC_BUFFER_FORMAT_ARGB, NV_ENC_BUFFER_FORMAT_ABGR, NV_ENC_BUFFER_FORMAT_AYUV, NV_ENC_BUFFER_FORMAT_ARGB10, NV_ENC_BUFFER_FORMAT_ABGR10]
sequence header 34 bytes: SPS 22 bytes, PPS 4 bytes
control listening on 0.0.0.0:5005
control session with 192.168.1.108:54536
config generation 1 acknowledged
service class BestEffort: nothing requested
config 1920x1080 @ 60 fps, 50 Mbps, P1 Ll CBR, Nv12 input, Dda source, IDR interval 120, async 4 slots, Paced
frames 7200 in 119.990 s = 60.01 frames/s, pool exhaustions 0
phase requests: 0 relayed to 127.0.0.1:5010, 0.00 ms asked for, 0 not sent
capture acquire    p50 2.807 ms p95 6.447 ms p99 6.774 ms max 7.655 ms
DDA AcquireNextFrame S_OK 7200 = 60.01/s
DDA desktop updates (LastPresentTime != 0) 7200 = 60.01/s
DDA pointer-only (LastPresentTime == 0, LastMouseUpdateTime != 0) 0 = 0.00/s
DDA other updates (both timestamps zero) 0 = 0.00/s
DDA AccumulatedFrames p50 2 p95 2 p99 3 max 147
capture newer frames accumulated while busy: 7345
admission wait     p50 0.001 ms p95 0.001 ms p99 0.001 ms max 0.029 ms
map input          p50 0.095 ms p95 0.148 ms p99 0.175 ms max 0.811 ms
submit CPU         p50 0.067 ms p95 0.104 ms p99 0.134 ms max 0.253 ms
HW completion      p50 1.839 ms p95 3.028 ms p99 3.251 ms max 3.647 ms
lock after event   p50 0.005 ms p95 0.007 ms p99 0.009 ms max 0.062 ms
bitstream copy     p50 0.024 ms p95 0.046 ms p99 0.065 ms max 0.208 ms
unlock             p50 0.004 ms p95 0.006 ms p99 0.007 ms max 0.024 ms
network send       p50 0.151 ms p95 5.874 ms p99 6.019 ms max 6.309 ms
RTP/UDP sent 349183 packets, 414764375 bytes, 0 errors
RGB->NV12 CPU      p50 0.010 ms p95 0.014 ms p99 0.017 ms max 0.112 ms
RGB->NV12 GPU      p50 14.027 ms p95 16.325 ms p99 16.557 ms max 16.879 ms
encoder residency  p50 1.875 ms p95 3.057 ms p99 3.283 ms max 3.684 ms
slot residency     p50 4.819 ms p95 9.225 ms p99 9.562 ms max 10.296 ms
P completion       p50 1.838 ms p95 3.026 ms p99 3.248 ms max 3.647 ms
IDR completion     p50 1.982 ms p95 3.298 ms p99 3.340 ms max 3.435 ms
P frame            n=7140 p50 52116 B p95 84345 B p99 90781 B max 94206 B
IDR                n=60 p50 74476 B p95 84739 B p99 86103 B max 86244 B
output 26.96 Mbit/s, 404325605 bytes over 7200 frames
resident memory start 57.1 MB end 69.1 MB peak 69.1 MB delta +12.0 MB

windows of 10 s  (encode Hz, completion and capture p99 in ms, wire Mbit/s)
      0-10        600 fr    60.1 Hz  enc p99   2.759  cap p99   7.086   26.33 Mbit/s  late 0
     10-20        600 fr    60.1 Hz  enc p99   3.138  cap p99   6.804   26.28 Mbit/s  late 0
     20-30        600 fr    60.1 Hz  enc p99   3.228  cap p99   6.814   26.55 Mbit/s  late 0
     30-40        601 fr    60.1 Hz  enc p99   3.281  cap p99   6.791   27.12 Mbit/s  late 0
     40-50        599 fr    60.1 Hz  enc p99   3.421  cap p99   6.608   28.86 Mbit/s  late 0
     50-60        601 fr    60.1 Hz  enc p99   3.435  cap p99   6.561   29.88 Mbit/s  late 0
     60-70        600 fr    60.1 Hz  enc p99   2.994  cap p99   6.367   27.56 Mbit/s  late 0
     70-80        599 fr    60.1 Hz  enc p99   1.968  cap p99   2.132   26.19 Mbit/s  late 0
     80-90        600 fr    60.1 Hz  enc p99   1.968  cap p99   2.889   26.46 Mbit/s  late 0
     90-100       600 fr    60.1 Hz  enc p99   1.956  cap p99   2.940   26.06 Mbit/s  late 0
    100-110       600 fr    60.1 Hz  enc p99   1.955  cap p99   3.287   26.38 Mbit/s  late 0
    110-120       600 fr    60.1 Hz  enc p99   1.975  cap p99   3.683   26.37 Mbit/s  late 0

  [pass] frames completed                 7200 of 7200
  [pass] completion within a period       p99 3.251 ms against 16.667 ms
  [pass] bitstream produced               404325605 bytes
  [pass] frames in order                  true
  [pass] paced rate held                  60.01 of 60 fps, 0 pool exhaustions
  [pass] socket accepted every datagram   0 send errors
gate: PASS


host gate   PASS
client gate FAIL (1)
report      /Users/adria/Documents/programacion/projects/lanplay/results/network/fps-shootout-120s-3x/arms/hold60-r1.json
