audio-e2e-receiver: producer scheduled as time constraint, period 5.000 ms computation 0.625 ms constraint 2.500 ms
producer scheduled as time constraint, period 5.000 ms computation 0.625 ms constraint 2.500 ms
receiver scheduled as time constraint, period 5.000 ms computation 0.625 ms constraint 2.500 ms
every deadline granted yes
rtp received 24003
rtp lost 0 of 24003 expected
rtp duplicate 0
rtp reordered 0
rtp late 493
arrival delay ms p50 -11.5 p95 -7.5 p99 10.0 max 62.8 min -17.1
frames played 23507
plc frames 493
jitter occupancy ms p50 10.0 p95 15.0 p99 15.0 max 15.0
jitter underruns 493
jitter overruns 0 dropping 0 frames
decode us p50 7 p99 14
render callbacks 22492
render underruns 0 over 0 frames
render overruns 0 over 0 frames
continuity expected 5760000 played 5641680 unbroken no
tone left 997.0 right 1997.0
continuity hole 118320 samples over 24000 frame periods
worst window hole 17760 samples
tone channels distinct yes
tone resolution 2.00 hz over 24000 frames
rtp off grid 0
rtp oversize 0
rtp foreign ssrc 0
decode failures 0
conceal us p50 6 p99 37
producer interval us p50 5000 p99 5000 max 5001
render interval us p50 5333 p99 5347 max 5375
ring occupancy frames min 2048 p50 2176 max 2304 of 4096 primed to 496 after a 33.1 ms device start
ring frames refused 0 consumed 5757952
jitter target ms 10 ceiling ms 30 over 8 slots
frame ms 5
device Altavoces del MacBook Pro (named) at 48000 Hz 2 ch 32 bit float with a 256 frame io buffer
bind 0.0.0.0:5014 ssrc 1656828062
odd cycles 0
measurements dropped 0
span s 120.0 device span s 120.0
window 0 s 10.0 rtp/s 200 lost 0 plc 30 played 1970 jitter underruns 30 callbacks 1876 underruns 0 overruns 0 expected 480000 played 472800 hole 7200
window 1 s 10.0 rtp/s 200 lost 0 plc 41 played 1960 jitter underruns 41 callbacks 1875 underruns 0 overruns 0 expected 480240 played 470400 hole 9840
window 2 s 10.0 rtp/s 200 lost 0 plc 38 played 1962 jitter underruns 38 callbacks 1875 underruns 0 overruns 0 expected 480000 played 470880 hole 9120
window 3 s 10.0 rtp/s 200 lost 0 plc 33 played 1967 jitter underruns 33 callbacks 1876 underruns 0 overruns 0 expected 480000 played 472080 hole 7920
window 4 s 10.0 rtp/s 200 lost 0 plc 41 played 1960 jitter underruns 41 callbacks 1875 underruns 0 overruns 0 expected 480240 played 470400 hole 9840
window 5 s 10.0 rtp/s 200 lost 0 plc 24 played 1976 jitter underruns 24 callbacks 1875 underruns 0 overruns 0 expected 480000 played 474240 hole 5760
window 6 s 10.0 rtp/s 200 lost 0 plc 36 played 1965 jitter underruns 36 callbacks 1876 underruns 0 overruns 0 expected 480240 played 471600 hole 8640
window 7 s 10.0 rtp/s 200 lost 0 plc 46 played 1954 jitter underruns 46 callbacks 1875 underruns 0 overruns 0 expected 480000 played 468960 hole 11040
window 8 s 10.0 rtp/s 200 lost 0 plc 49 played 1952 jitter underruns 49 callbacks 1876 underruns 0 overruns 0 expected 480240 played 468480 hole 11760
window 9 s 10.0 rtp/s 200 lost 0 plc 74 played 1927 jitter underruns 74 callbacks 1876 underruns 0 overruns 0 expected 480240 played 462480 hole 17760
window 10 s 10.0 rtp/s 200 lost 0 plc 49 played 1951 jitter underruns 49 callbacks 1875 underruns 0 overruns 0 expected 480000 played 468240 hole 11760
window 11 s 9.9 rtp/s 200 lost 0 plc 32 played 1954 jitter underruns 32 callbacks 1862 underruns 0 overruns 0 expected 476640 played 468960 hole 7680
