audio-e2e-receiver: producer scheduled as time constraint, period 5.000 ms computation 0.625 ms constraint 2.500 ms
producer scheduled as time constraint, period 5.000 ms computation 0.625 ms constraint 2.500 ms
receiver scheduled as time constraint, period 5.000 ms computation 0.625 ms constraint 2.500 ms
every deadline granted yes
rtp received 24005
rtp lost 0 of 24005 expected
rtp duplicate 0
rtp reordered 0
rtp late 420
arrival delay ms p50 -12.7 p95 -9.7 p99 7.3 max 51.5 min -18.3
frames played 23580
plc frames 420
jitter occupancy ms p50 10.0 p95 15.0 p99 15.0 max 15.0
jitter underruns 420
jitter overruns 0 dropping 0 frames
decode us p50 6 p99 12
render callbacks 22492
render underruns 0 over 0 frames
render overruns 0 over 0 frames
continuity expected 5760000 played 5659200 unbroken no
tone left 997.0 right 1997.0
continuity hole 100800 samples over 24000 frame periods
worst window hole 10080 samples
tone channels distinct yes
tone resolution 2.00 hz over 24000 frames
rtp off grid 0
rtp oversize 0
rtp foreign ssrc 0
decode failures 0
conceal us p50 5 p99 36
producer interval us p50 5000 p99 5000 max 5003
render interval us p50 5333 p99 5347 max 5367
ring occupancy frames min 2064 p50 2192 max 2320 of 4096 primed to 496 after a 33.6 ms device start
ring frames refused 0 consumed 5757952
jitter target ms 10 ceiling ms 30 over 8 slots
frame ms 5
device Altavoces del MacBook Pro (named) at 48000 Hz 2 ch 32 bit float with a 256 frame io buffer
bind 0.0.0.0:5014 ssrc 3102885196
odd cycles 0
measurements dropped 0
span s 120.0 device span s 120.0
window 0 s 10.0 rtp/s 200 lost 0 plc 31 played 1969 jitter underruns 31 callbacks 1876 underruns 0 overruns 0 expected 480000 played 472560 hole 7440
window 1 s 10.0 rtp/s 200 lost 0 plc 42 played 1960 jitter underruns 42 callbacks 1876 underruns 0 overruns 0 expected 480480 played 470400 hole 10080
window 2 s 10.0 rtp/s 200 lost 0 plc 41 played 1959 jitter underruns 41 callbacks 1875 underruns 0 overruns 0 expected 480000 played 470160 hole 9840
window 3 s 10.0 rtp/s 200 lost 0 plc 27 played 1973 jitter underruns 27 callbacks 1876 underruns 0 overruns 0 expected 480000 played 473520 hole 6480
window 4 s 10.0 rtp/s 200 lost 0 plc 37 played 1964 jitter underruns 37 callbacks 1875 underruns 0 overruns 0 expected 480240 played 471360 hole 8880
window 5 s 10.0 rtp/s 200 lost 0 plc 38 played 1963 jitter underruns 38 callbacks 1876 underruns 0 overruns 0 expected 480240 played 471120 hole 9120
window 6 s 10.0 rtp/s 200 lost 0 plc 27 played 1974 jitter underruns 27 callbacks 1876 underruns 0 overruns 0 expected 480240 played 473760 hole 6480
window 7 s 10.0 rtp/s 200 lost 0 plc 32 played 1968 jitter underruns 32 callbacks 1876 underruns 0 overruns 0 expected 480000 played 472320 hole 7680
window 8 s 10.0 rtp/s 200 lost 0 plc 34 played 1967 jitter underruns 34 callbacks 1875 underruns 0 overruns 0 expected 480240 played 472080 hole 8160
window 9 s 10.0 rtp/s 200 lost 0 plc 41 played 1960 jitter underruns 41 callbacks 1876 underruns 0 overruns 0 expected 480240 played 470400 hole 9840
window 10 s 10.0 rtp/s 200 lost 0 plc 41 played 1960 jitter underruns 41 callbacks 1876 underruns 0 overruns 0 expected 480240 played 470400 hole 9840
window 11 s 9.9 rtp/s 200 lost 0 plc 29 played 1954 jitter underruns 29 callbacks 1859 underruns 0 overruns 0 expected 475920 played 468960 hole 6960
