audio-e2e-receiver: producer scheduled as time constraint, period 5.000 ms computation 0.625 ms constraint 2.500 ms
producer scheduled as time constraint, period 5.000 ms computation 0.625 ms constraint 2.500 ms
receiver scheduled as time constraint, period 5.000 ms computation 0.625 ms constraint 2.500 ms
every deadline granted yes
rtp received 24005
rtp lost 0 of 24005 expected
rtp duplicate 0
rtp reordered 0
rtp late 271
arrival delay ms p50 -17.0 p95 -13.3 p99 1.3 max 17.3 min -22.7
frames played 23729
plc frames 271
jitter occupancy ms p50 15.0 p95 20.0 p99 20.0 max 20.0
jitter underruns 271
jitter overruns 0 dropping 0 frames
decode us p50 7 p99 14
render callbacks 22493
render underruns 0 over 0 frames
render overruns 0 over 0 frames
continuity expected 5760000 played 5694960 unbroken no
tone left 997.0 right 1997.0
continuity hole 65040 samples over 24000 frame periods
worst window hole 7200 samples
tone channels distinct yes
tone resolution 2.00 hz over 24000 frames
rtp off grid 0
rtp oversize 0
rtp foreign ssrc 0
decode failures 0
conceal us p50 6 p99 38
producer interval us p50 5000 p99 5000 max 5004
render interval us p50 5333 p99 5347 max 5374
ring occupancy frames min 2048 p50 2208 max 2336 of 4096 primed to 496 after a 33.6 ms device start
ring frames refused 0 consumed 5758208
jitter target ms 15 ceiling ms 45 over 11 slots
frame ms 5
device Altavoces del MacBook Pro (named) at 48000 Hz 2 ch 32 bit float with a 256 frame io buffer
bind 0.0.0.0:5014 ssrc 4038903941
odd cycles 0
measurements dropped 0
span s 120.1 device span s 120.0
window 0 s 10.0 rtp/s 200 lost 0 plc 21 played 1980 jitter underruns 21 callbacks 1876 underruns 0 overruns 0 expected 480240 played 475200 hole 5040
window 1 s 10.0 rtp/s 200 lost 0 plc 21 played 1980 jitter underruns 21 callbacks 1876 underruns 0 overruns 0 expected 480240 played 475200 hole 5040
window 2 s 10.0 rtp/s 200 lost 0 plc 15 played 1986 jitter underruns 15 callbacks 1876 underruns 0 overruns 0 expected 480240 played 476640 hole 3600
window 3 s 10.0 rtp/s 200 lost 0 plc 14 played 1986 jitter underruns 14 callbacks 1875 underruns 0 overruns 0 expected 480000 played 476640 hole 3360
window 4 s 10.0 rtp/s 200 lost 0 plc 28 played 1973 jitter underruns 28 callbacks 1876 underruns 0 overruns 0 expected 480240 played 473520 hole 6720
window 5 s 10.0 rtp/s 200 lost 0 plc 23 played 1978 jitter underruns 23 callbacks 1876 underruns 0 overruns 0 expected 480240 played 474720 hole 5520
window 6 s 10.0 rtp/s 200 lost 0 plc 20 played 1980 jitter underruns 20 callbacks 1875 underruns 0 overruns 0 expected 480000 played 475200 hole 4800
window 7 s 10.0 rtp/s 200 lost 0 plc 28 played 1973 jitter underruns 28 callbacks 1876 underruns 0 overruns 0 expected 480240 played 473520 hole 6720
window 8 s 10.0 rtp/s 200 lost 0 plc 22 played 1979 jitter underruns 22 callbacks 1876 underruns 0 overruns 0 expected 480240 played 474960 hole 5280
window 9 s 10.0 rtp/s 200 lost 0 plc 25 played 1976 jitter underruns 25 callbacks 1875 underruns 0 overruns 0 expected 480240 played 474240 hole 6000
window 10 s 10.0 rtp/s 200 lost 0 plc 30 played 1970 jitter underruns 30 callbacks 1876 underruns 0 overruns 0 expected 480000 played 472800 hole 7200
window 11 s 9.9 rtp/s 200 lost 0 plc 24 played 1959 jitter underruns 24 callbacks 1860 underruns 0 overruns 0 expected 475920 played 470160 hole 5760
