audio-e2e-receiver: producer scheduled as time constraint, period 5.000 ms computation 0.625 ms constraint 2.500 ms
producer scheduled as time constraint, period 5.000 ms computation 0.625 ms constraint 2.500 ms
receiver scheduled as time constraint, period 5.000 ms computation 0.625 ms constraint 2.500 ms
every deadline granted yes
rtp received 24005
rtp lost 0 of 24005 expected
rtp duplicate 0
rtp reordered 0
rtp late 316
arrival delay ms p50 -17.4 p95 -14.3 p99 2.9 max 41.2 min -23.0
frames played 23684
plc frames 316
jitter occupancy ms p50 15.0 p95 20.0 p99 20.0 max 20.0
jitter underruns 316
jitter overruns 0 dropping 0 frames
decode us p50 7 p99 16
render callbacks 22492
render underruns 0 over 0 frames
render overruns 0 over 0 frames
continuity expected 5760000 played 5684160 unbroken no
tone left 997.0 right 1997.0
continuity hole 75840 samples over 24000 frame periods
worst window hole 8880 samples
tone channels distinct yes
tone resolution 2.00 hz over 24000 frames
rtp off grid 0
rtp oversize 0
rtp foreign ssrc 0
decode failures 0
conceal us p50 6 p99 37
producer interval us p50 5000 p99 5000 max 5001
render interval us p50 5333 p99 5345 max 5365
ring occupancy frames min 2016 p50 2144 max 2272 of 4096 primed to 496 after a 32.4 ms device start
ring frames refused 0 consumed 5757952
jitter target ms 15 ceiling ms 45 over 11 slots
frame ms 5
device Altavoces del MacBook Pro (named) at 48000 Hz 2 ch 32 bit float with a 256 frame io buffer
bind 0.0.0.0:5014 ssrc 3086017451
odd cycles 0
measurements dropped 0
span s 120.0 device span s 120.0
window 0 s 10.0 rtp/s 200 lost 0 plc 31 played 1969 jitter underruns 31 callbacks 1876 underruns 0 overruns 0 expected 480000 played 472560 hole 7440
window 1 s 10.0 rtp/s 200 lost 0 plc 29 played 1972 jitter underruns 29 callbacks 1876 underruns 0 overruns 0 expected 480240 played 473280 hole 6960
window 2 s 10.0 rtp/s 200 lost 0 plc 26 played 1974 jitter underruns 26 callbacks 1875 underruns 0 overruns 0 expected 480000 played 473760 hole 6240
window 3 s 10.0 rtp/s 200 lost 0 plc 24 played 1977 jitter underruns 24 callbacks 1875 underruns 0 overruns 0 expected 480240 played 474480 hole 5760
window 4 s 10.0 rtp/s 200 lost 0 plc 37 played 1963 jitter underruns 37 callbacks 1875 underruns 0 overruns 0 expected 480000 played 471120 hole 8880
window 5 s 10.0 rtp/s 200 lost 0 plc 25 played 1976 jitter underruns 25 callbacks 1876 underruns 0 overruns 0 expected 480240 played 474240 hole 6000
window 6 s 10.0 rtp/s 200 lost 0 plc 29 played 1971 jitter underruns 29 callbacks 1876 underruns 0 overruns 0 expected 480000 played 473040 hole 6960
window 7 s 10.0 rtp/s 200 lost 0 plc 22 played 1979 jitter underruns 22 callbacks 1876 underruns 0 overruns 0 expected 480240 played 474960 hole 5280
window 8 s 10.0 rtp/s 200 lost 0 plc 24 played 1978 jitter underruns 24 callbacks 1876 underruns 0 overruns 0 expected 480480 played 474720 hole 5760
window 9 s 10.0 rtp/s 200 lost 0 plc 25 played 1975 jitter underruns 25 callbacks 1875 underruns 0 overruns 0 expected 480000 played 474000 hole 6000
window 10 s 10.0 rtp/s 200 lost 0 plc 25 played 1976 jitter underruns 25 callbacks 1876 underruns 0 overruns 0 expected 480240 played 474240 hole 6000
window 11 s 9.9 rtp/s 200 lost 0 plc 19 played 1965 jitter underruns 19 callbacks 1860 underruns 0 overruns 0 expected 476160 played 471600 hole 4560
