audio-e2e-receiver: producer scheduled as time constraint, period 5.000 ms computation 0.625 ms constraint 2.500 ms
producer scheduled as time constraint, period 5.000 ms computation 0.625 ms constraint 2.500 ms
receiver scheduled as time constraint, period 5.000 ms computation 0.625 ms constraint 2.500 ms
every deadline granted yes
rtp received 24005
rtp lost 0 of 24005 expected
rtp duplicate 0
rtp reordered 0
rtp late 182
arrival delay ms p50 -22.9 p95 -19.8 p99 -2.4 max 23.1 min -28.6
frames played 23818
plc frames 182
jitter occupancy ms p50 20.0 p95 25.0 p99 25.0 max 25.0
jitter underruns 182
jitter overruns 0 dropping 0 frames
decode us p50 7 p99 14
render callbacks 22492
render underruns 0 over 0 frames
render overruns 0 over 0 frames
continuity expected 5760000 played 5716320 unbroken no
tone left 997.0 right 1997.0
continuity hole 43680 samples over 24000 frame periods
worst window hole 6960 samples
tone channels distinct yes
tone resolution 2.00 hz over 24000 frames
rtp off grid 0
rtp oversize 0
rtp foreign ssrc 0
decode failures 0
conceal us p50 32 p99 38
producer interval us p50 5000 p99 5000 max 5001
render interval us p50 5333 p99 5346 max 5373
ring occupancy frames min 2064 p50 2192 max 2320 of 4096 primed to 496 after a 33.3 ms device start
ring frames refused 0 consumed 5757952
jitter target ms 20 ceiling ms 60 over 14 slots
frame ms 5
device Altavoces del MacBook Pro (named) at 48000 Hz 2 ch 32 bit float with a 256 frame io buffer
bind 0.0.0.0:5014 ssrc 593317471
odd cycles 0
measurements dropped 0
span s 120.1 device span s 120.0
window 0 s 10.0 rtp/s 200 lost 0 plc 15 played 1986 jitter underruns 15 callbacks 1876 underruns 0 overruns 0 expected 480240 played 476640 hole 3600
window 1 s 10.0 rtp/s 200 lost 0 plc 17 played 1983 jitter underruns 17 callbacks 1876 underruns 0 overruns 0 expected 480000 played 475920 hole 4080
window 2 s 10.0 rtp/s 200 lost 0 plc 8 played 1994 jitter underruns 8 callbacks 1876 underruns 0 overruns 0 expected 480480 played 478560 hole 1920
window 3 s 10.0 rtp/s 200 lost 0 plc 19 played 1982 jitter underruns 19 callbacks 1876 underruns 0 overruns 0 expected 480240 played 475680 hole 4560
window 4 s 10.0 rtp/s 200 lost 0 plc 29 played 1971 jitter underruns 29 callbacks 1875 underruns 0 overruns 0 expected 480000 played 473040 hole 6960
window 5 s 10.0 rtp/s 200 lost 0 plc 18 played 1983 jitter underruns 18 callbacks 1876 underruns 0 overruns 0 expected 480240 played 475920 hole 4320
window 6 s 10.0 rtp/s 200 lost 0 plc 14 played 1987 jitter underruns 14 callbacks 1876 underruns 0 overruns 0 expected 480240 played 476880 hole 3360
window 7 s 10.0 rtp/s 200 lost 0 plc 13 played 1988 jitter underruns 13 callbacks 1876 underruns 0 overruns 0 expected 480240 played 477120 hole 3120
window 8 s 10.0 rtp/s 200 lost 0 plc 11 played 1990 jitter underruns 11 callbacks 1876 underruns 0 overruns 0 expected 480240 played 477600 hole 2640
window 9 s 10.0 rtp/s 200 lost 0 plc 11 played 1989 jitter underruns 11 callbacks 1875 underruns 0 overruns 0 expected 480000 played 477360 hole 2640
window 10 s 10.0 rtp/s 200 lost 0 plc 14 played 1986 jitter underruns 14 callbacks 1875 underruns 0 overruns 0 expected 480000 played 476640 hole 3360
window 11 s 9.9 rtp/s 200 lost 0 plc 13 played 1970 jitter underruns 13 callbacks 1859 underruns 0 overruns 0 expected 475920 played 472800 hole 3120
