audio-e2e-receiver: producer scheduled as time constraint, period 5.000 ms computation 0.625 ms constraint 2.500 ms
producer scheduled as time constraint, period 5.000 ms computation 0.625 ms constraint 2.500 ms
receiver scheduled as time constraint, period 5.000 ms computation 0.625 ms constraint 2.500 ms
every deadline granted yes
rtp received 24007
rtp lost 0 of 24007 expected
rtp duplicate 0
rtp reordered 0
rtp late 314
arrival delay ms p50 -22.2 p95 -18.3 p99 3.0 max 37.8 min -28.0
frames played 23686
plc frames 314
jitter occupancy ms p50 20.0 p95 25.0 p99 25.0 max 25.0
jitter underruns 314
jitter overruns 0 dropping 0 frames
decode us p50 6 p99 13
render callbacks 22493
render underruns 0 over 0 frames
render overruns 0 over 0 frames
continuity expected 5760000 played 5684640 unbroken no
tone left 997.0 right 1997.0
continuity hole 75360 samples over 24000 frame periods
worst window hole 39360 samples
tone channels distinct yes
tone resolution 2.00 hz over 24000 frames
rtp off grid 0
rtp oversize 0
rtp foreign ssrc 0
decode failures 0
conceal us p50 6 p99 37
producer interval us p50 5000 p99 5000 max 5003
render interval us p50 5333 p99 5346 max 5365
ring occupancy frames min 2016 p50 2144 max 2272 of 4096 primed to 496 after a 32.3 ms device start
ring frames refused 0 consumed 5758208
jitter target ms 20 ceiling ms 60 over 14 slots
frame ms 5
device Altavoces del MacBook Pro (named) at 48000 Hz 2 ch 32 bit float with a 256 frame io buffer
bind 0.0.0.0:5014 ssrc 446688717
odd cycles 0
measurements dropped 0
span s 120.1 device span s 120.0
window 0 s 10.0 rtp/s 201 lost 0 plc 164 played 1836 jitter underruns 164 callbacks 1876 underruns 0 overruns 0 expected 480000 played 440640 hole 39360
window 1 s 10.0 rtp/s 200 lost 0 plc 18 played 1982 jitter underruns 18 callbacks 1875 underruns 0 overruns 0 expected 480000 played 475680 hole 4320
window 2 s 10.0 rtp/s 200 lost 0 plc 11 played 1989 jitter underruns 11 callbacks 1875 underruns 0 overruns 0 expected 480000 played 477360 hole 2640
window 3 s 10.0 rtp/s 200 lost 0 plc 7 played 1994 jitter underruns 7 callbacks 1875 underruns 0 overruns 0 expected 480240 played 478560 hole 1680
window 4 s 10.0 rtp/s 200 lost 0 plc 16 played 1984 jitter underruns 16 callbacks 1875 underruns 0 overruns 0 expected 480000 played 476160 hole 3840
window 5 s 10.0 rtp/s 200 lost 0 plc 14 played 1986 jitter underruns 14 callbacks 1876 underruns 0 overruns 0 expected 480000 played 476640 hole 3360
window 6 s 10.0 rtp/s 200 lost 0 plc 9 played 1991 jitter underruns 9 callbacks 1875 underruns 0 overruns 0 expected 480000 played 477840 hole 2160
window 7 s 10.0 rtp/s 200 lost 0 plc 12 played 1989 jitter underruns 12 callbacks 1875 underruns 0 overruns 0 expected 480240 played 477360 hole 2880
window 8 s 10.0 rtp/s 200 lost 0 plc 17 played 1984 jitter underruns 17 callbacks 1876 underruns 0 overruns 0 expected 480240 played 476160 hole 4080
window 9 s 10.0 rtp/s 200 lost 0 plc 18 played 1982 jitter underruns 18 callbacks 1876 underruns 0 overruns 0 expected 480000 played 475680 hole 4320
window 10 s 10.0 rtp/s 200 lost 0 plc 13 played 1987 jitter underruns 13 callbacks 1875 underruns 0 overruns 0 expected 480000 played 476880 hole 3120
window 11 s 9.9 rtp/s 200 lost 0 plc 10 played 1978 jitter underruns 10 callbacks 1864 underruns 0 overruns 0 expected 477120 played 474720 hole 2400
