audio-e2e-receiver: producer scheduled as time constraint, period 5.000 ms computation 0.625 ms constraint 2.500 ms
producer scheduled as time constraint, period 5.000 ms computation 0.625 ms constraint 2.500 ms
receiver scheduled as time constraint, period 5.000 ms computation 0.625 ms constraint 2.500 ms
every deadline granted yes
rtp received 24003
rtp lost 0 of 24003 expected
rtp duplicate 0
rtp reordered 0
rtp late 571
arrival delay ms p50 -7.3 p95 -4.0 p99 13.7 max 42.6 min -12.8
frames played 23429
plc frames 571
jitter occupancy ms p50 5.0 p95 10.0 p99 10.0 max 10.0
jitter underruns 571
jitter overruns 0 dropping 0 frames
decode us p50 6 p99 12
render callbacks 22492
render underruns 0 over 0 frames
render overruns 0 over 0 frames
continuity expected 5760000 played 5622960 unbroken no
tone left 997.0 right 1997.0
continuity hole 137040 samples over 24000 frame periods
worst window hole 13920 samples
tone channels distinct yes
tone resolution 2.00 hz over 24000 frames
rtp off grid 0
rtp oversize 0
rtp foreign ssrc 0
decode failures 0
conceal us p50 5 p99 37
producer interval us p50 5000 p99 5000 max 5004
render interval us p50 5333 p99 5347 max 5363
ring occupancy frames min 2048 p50 2176 max 2304 of 4096 primed to 496 after a 33.0 ms device start
ring frames refused 0 consumed 5757952
jitter target ms 5 ceiling ms 25 over 7 slots
frame ms 5
device Altavoces del MacBook Pro (named) at 48000 Hz 2 ch 32 bit float with a 256 frame io buffer
bind 0.0.0.0:5014 ssrc 1435171506
odd cycles 0
measurements dropped 0
span s 120.0 device span s 120.0
window 0 s 10.0 rtp/s 200 lost 0 plc 52 played 1948 jitter underruns 52 callbacks 1876 underruns 0 overruns 0 expected 480000 played 467520 hole 12480
window 1 s 10.0 rtp/s 200 lost 0 plc 58 played 1943 jitter underruns 58 callbacks 1875 underruns 0 overruns 0 expected 480240 played 466320 hole 13920
window 2 s 10.0 rtp/s 200 lost 0 plc 44 played 1957 jitter underruns 44 callbacks 1877 underruns 0 overruns 0 expected 480240 played 469680 hole 10560
window 3 s 10.0 rtp/s 200 lost 0 plc 34 played 1966 jitter underruns 34 callbacks 1875 underruns 0 overruns 0 expected 480000 played 471840 hole 8160
window 4 s 10.0 rtp/s 200 lost 0 plc 58 played 1943 jitter underruns 58 callbacks 1875 underruns 0 overruns 0 expected 480240 played 466320 hole 13920
window 5 s 10.0 rtp/s 200 lost 0 plc 50 played 1951 jitter underruns 50 callbacks 1876 underruns 0 overruns 0 expected 480240 played 468240 hole 12000
window 6 s 10.0 rtp/s 200 lost 0 plc 49 played 1952 jitter underruns 49 callbacks 1876 underruns 0 overruns 0 expected 480240 played 468480 hole 11760
window 7 s 10.0 rtp/s 200 lost 0 plc 41 played 1960 jitter underruns 41 callbacks 1876 underruns 0 overruns 0 expected 480240 played 470400 hole 9840
window 8 s 10.0 rtp/s 200 lost 0 plc 50 played 1950 jitter underruns 50 callbacks 1875 underruns 0 overruns 0 expected 480000 played 468000 hole 12000
window 9 s 10.0 rtp/s 200 lost 0 plc 54 played 1947 jitter underruns 54 callbacks 1876 underruns 0 overruns 0 expected 480240 played 467280 hole 12960
window 10 s 10.0 rtp/s 200 lost 0 plc 42 played 1958 jitter underruns 42 callbacks 1875 underruns 0 overruns 0 expected 480000 played 469920 hole 10080
window 11 s 9.9 rtp/s 200 lost 0 plc 39 played 1945 jitter underruns 39 callbacks 1860 underruns 0 overruns 0 expected 476160 played 466800 hole 9360
