audio-e2e-receiver: producer scheduled as time constraint, period 5.000 ms computation 0.625 ms constraint 2.500 ms
producer scheduled as time constraint, period 5.000 ms computation 0.625 ms constraint 2.500 ms
receiver scheduled as time constraint, period 5.000 ms computation 0.625 ms constraint 2.500 ms
every deadline granted yes
rtp received 24003
rtp lost 0 of 24003 expected
rtp duplicate 0
rtp reordered 0
rtp late 615
arrival delay ms p50 -6.9 p95 -3.7 p99 13.8 max 87.1 min -12.6
frames played 23385
plc frames 615
jitter occupancy ms p50 5.0 p95 10.0 p99 10.0 max 10.0
jitter underruns 615
jitter overruns 0 dropping 0 frames
decode us p50 6 p99 14
render callbacks 22493
render underruns 0 over 0 frames
render overruns 0 over 0 frames
continuity expected 5760000 played 5612400 unbroken no
tone left 997.0 right 1997.0
continuity hole 147600 samples over 24000 frame periods
worst window hole 17760 samples
tone channels distinct yes
tone resolution 2.00 hz over 24000 frames
rtp off grid 0
rtp oversize 0
rtp foreign ssrc 0
decode failures 0
conceal us p50 5 p99 37
producer interval us p50 5000 p99 5000 max 5000
render interval us p50 5333 p99 5346 max 5365
ring occupancy frames min 2048 p50 2176 max 2304 of 4096 primed to 496 after a 32.9 ms device start
ring frames refused 0 consumed 5758208
jitter target ms 5 ceiling ms 25 over 7 slots
frame ms 5
device Altavoces del MacBook Pro (named) at 48000 Hz 2 ch 32 bit float with a 256 frame io buffer
bind 0.0.0.0:5014 ssrc 602950930
odd cycles 0
measurements dropped 0
span s 120.0 device span s 120.0
window 0 s 10.0 rtp/s 199 lost 0 plc 51 played 1949 jitter underruns 51 callbacks 1875 underruns 0 overruns 0 expected 480000 played 467760 hole 12240
window 1 s 10.0 rtp/s 201 lost 0 plc 74 played 1927 jitter underruns 74 callbacks 1876 underruns 0 overruns 0 expected 480240 played 462480 hole 17760
window 2 s 10.0 rtp/s 200 lost 0 plc 60 played 1941 jitter underruns 60 callbacks 1876 underruns 0 overruns 0 expected 480240 played 465840 hole 14400
window 3 s 10.0 rtp/s 200 lost 0 plc 68 played 1932 jitter underruns 68 callbacks 1875 underruns 0 overruns 0 expected 480000 played 463680 hole 16320
window 4 s 10.0 rtp/s 200 lost 0 plc 59 played 1941 jitter underruns 59 callbacks 1875 underruns 0 overruns 0 expected 480000 played 465840 hole 14160
window 5 s 10.0 rtp/s 200 lost 0 plc 54 played 1947 jitter underruns 54 callbacks 1876 underruns 0 overruns 0 expected 480240 played 467280 hole 12960
window 6 s 10.0 rtp/s 199 lost 0 plc 50 played 1950 jitter underruns 50 callbacks 1875 underruns 0 overruns 0 expected 480000 played 468000 hole 12000
window 7 s 10.0 rtp/s 201 lost 0 plc 12 played 1988 jitter underruns 12 callbacks 1875 underruns 0 overruns 0 expected 480000 played 477120 hole 2880
window 8 s 10.0 rtp/s 200 lost 0 plc 44 played 1957 jitter underruns 44 callbacks 1876 underruns 0 overruns 0 expected 480240 played 469680 hole 10560
window 9 s 10.0 rtp/s 200 lost 0 plc 50 played 1951 jitter underruns 50 callbacks 1876 underruns 0 overruns 0 expected 480240 played 468240 hole 12000
window 10 s 10.0 rtp/s 200 lost 0 plc 56 played 1944 jitter underruns 56 callbacks 1875 underruns 0 overruns 0 expected 480000 played 466560 hole 13440
window 11 s 9.9 rtp/s 200 lost 0 plc 37 played 1949 jitter underruns 37 callbacks 1862 underruns 0 overruns 0 expected 476640 played 467760 hole 8880
